###############################################################################
#                                                                             #
# IAR ELF Linker V6.30.1.53127/W32 for ARM              24/Dec/2011  17:41:40 #
# Copyright 2007-2011 IAR Systems AB.                                         #
#                                                                             #
#    Output file  =  d:\software\qpcpp\examples\arm-cortex\qk\iar\dpp-qk-ev-l #
#                    m3s811\rel\dpp-qk.out                                    #
#    Map file     =  d:\software\qpcpp\examples\arm-cortex\qk\iar\dpp-qk-ev-l #
#                    m3s811\rel\dpp-qk.map                                    #
#    Command line =  d:\software\qpcpp\examples\arm-cortex\qk\iar\dpp-qk-ev-l #
#                    m3s811\rel\bsp.o d:\software\qpcpp\examples\arm-cortex\q #
#                    k\iar\dpp-qk-ev-lm3s811\rel\core_cm3.o                   #
#                    d:\software\qpcpp\examples\arm-cortex\qk\iar\dpp-qk-ev-l #
#                    m3s811\rel\display96x16x1.o                              #
#                    d:\software\qpcpp\examples\arm-cortex\qk\iar\dpp-qk-ev-l #
#                    m3s811\rel\main.o d:\software\qpcpp\examples\arm-cortex\ #
#                    qk\iar\dpp-qk-ev-lm3s811\rel\philo.o                     #
#                    d:\software\qpcpp\examples\arm-cortex\qk\iar\dpp-qk-ev-l #
#                    m3s811\rel\startup_ewarm.o d:\software\qpcpp\examples\ar #
#                    m-cortex\qk\iar\dpp-qk-ev-lm3s811\rel\system_lm3s.o      #
#                    d:\software\qpcpp\examples\arm-cortex\qk\iar\dpp-qk-ev-l #
#                    m3s811\rel\table.o --redirect _Printf=_PrintfTiny        #
#                    --redirect _Scanf=_ScanfSmall -o                         #
#                    d:\software\qpcpp\examples\arm-cortex\qk\iar\dpp-qk-ev-l #
#                    m3s811\rel\dpp-qk.out --map                              #
#                    d:\software\qpcpp\examples\arm-cortex\qk\iar\dpp-qk-ev-l #
#                    m3s811\rel\dpp-qk.map --config                           #
#                    d:\software\qpcpp\examples\arm-cortex\qk\iar\dpp-qk-ev-l #
#                    m3s811\lm3s811.icf --semihosting                         #
#                    D:\software\qpcpp\ports\arm-cortex\qk\iar\rel\libqep_cor #
#                    tex-m3.a D:\software\qpcpp\ports\arm-cortex\qk\iar\rel\l #
#                    ibqf_cortex-m3.a D:\software\qpcpp\ports\arm-cortex\qk\i #
#                    ar\rel\libqk_cortex-m3.a --entry __iar_program_start     #
#                    --inline --vfe                                           #
#                                                                             #
#                                                                             #
###############################################################################

*******************************************************************************
*** RUNTIME MODEL ATTRIBUTES
***

CppFlavor                     = *
__CPP_Language                = EC++
__Heap_Handler                = Basic
__SystemLibrary               = DLib
__dlib_dynamic_initialization = normal


*******************************************************************************
*** PLACEMENT SUMMARY
***

"A1":  place at start of [0x00000000-0x0000ffff] { ro section .intvec };
"P1":  place in [from 0x00000000 to 0x0000ffff] { ro };
"P2":  place in [from 0x20000000 to 0x20001fff] { rw, block HEAP };

  Section             Kind        Address    Size  Object
  -------             ----        -------    ----  ------
"A1":                                        0xf0
  .intvec             const    0x00000000    0xf0  startup_ewarm.o [2]
                             - 0x000000f0    0xf0

"P1":                                      0x1ed0
  .text               ro code  0x000000f0   0x414  display96x16x1.o [2]
  .text               ro code  0x00000504   0x260  table.o [2]
  .text               ro code  0x00000764    0x52  cxxabi.o [4]
  .text               ro code  0x000007b6     0xc  table.o [2]
  .text               ro code  0x000007c2    0x2e  copy_init3.o [8]
  .text               ro code  0x000007f0    0x60  qa_sub.o [6]
  .text               ro code  0x00000850   0x1ec  bsp.o [2]
  .text               ro code  0x00000a3c    0x5c  qf_new.o [6]
  .text               ro code  0x00000a98    0x98  qf_pspub.o [6]
  .text               ro code  0x00000b30    0xa8  qk.o [7]
  .text               ro code  0x00000bd8    0x88  cppinit.o [3]
  .text               ro code  0x00000c60    0x1c  table.o [2]
  .text               ro code  0x00000c7c    0x60  qf_tick.o [6]
  .text               ro code  0x00000cdc    0x78  qa_fifo.o [6]
  .text               ro code  0x00000d54   0x23c  system_lm3s.o [2]
  .text               ro code  0x00000f90    0x22  qmp_get.o [6]
  .text               ro code  0x00000fb2    0x22  zero_init3.o [8]
  .text               ro code  0x00000fd4    0x50  qf_gc.o [6]
  CODE                ro code  0x00001024    0x5c  qk_port.o [7]
  .text               ro code  0x00001080    0x58  qk_sched.o [7]
  .text               ro code  0x000010d8    0x12  qeq_init.o [6]
  .text               ro code  0x000010ea    0x12  startup_ewarm.o [2]
  .text               ro code  0x000010fc    0x30  qf_act.o [6]
  .text               ro code  0x0000112c    0x88  qhsm_ini.o [5]
  .text               ro code  0x000011b4    0x24  qk_sched.o [7]
  .text               ro code  0x000011d8     0xc  table.o [2]
  .text               ro code  0x000011e4    0x2c  qa_fifo.o [6]
  .text               ro code  0x00001210    0x38  qmp_put.o [6]
  .text               ro code  0x00001248    0x50  qa_get_.o [6]
  .text               ro code  0x00001298   0x17c  qhsm_dis.o [5]
  .text               ro code  0x00001414     0xc  table.o [2]
  .text               ro code  0x00001420    0x2c  qa_get_.o [6]
  .text               ro code  0x0000144c   0x1f4  philo.o [2]
  .text               ro code  0x00001640    0x30  qte_ctor.o [6]
  .text               ro code  0x00001670    0x1a  philo.o [2]
  .text               ro code  0x0000168c    0x40  qte_arm.o [6]
  .rodata             const    0x000016cc   0x1dc  display96x16x1.o [2]
  .rodata             const    0x000018a8   0x100  qf_log2.o [6]
  .text               ro code  0x000019a8    0x98  main.o [2]
  .text               ro code  0x00001a40     0xc  qf_psini.o [6]
  .text               ro code  0x00001a4c    0x5c  qf_pool.o [6]
  .text               ro code  0x00001aa8    0x84  qmp_init.o [6]
  .rodata             const    0x00001b2c    0x74  display96x16x1.o [2]
  .rodata             const    0x00001ba0    0x50  display96x16x1.o [2]
  .rodata             const    0x00001bf0    0x4c  philo.o [2]
  .rodata             const    0x00001c3c    0x4c  table.o [2]
  .rodata             const    0x00001c88    0x44  qf_pwr2.o [6]
  .rodata             const    0x00001ccc    0x44  qf_pwr2.o [6]
  .rodata             const    0x00001d10    0x44  qf_pwr2.o [6]
  .text               ro code  0x00001d54    0x2c  data_init3.o [8]
  .iar.init_table     const    0x00001d80    0x28  - Linker created -
  .text               ro code  0x00001da8    0x20  cmain_call_ctors.o [8]
  .text               ro code  0x00001dc8    0x16  cmain.o [8]
  .text               ro code  0x00001dde     0x4  exit.o [3]
  .text               ro code  0x00001de4     0xe  cexit.o [8]
  .text               ro code  0x00001df4    0x14  exit.o [9]
  .rodata             const    0x00001e08    0x14  philo.o [2]
  .rodata             const    0x00001e1c    0x10  bsp.o [2]
  .rodata             const    0x00001e2c    0x10  bsp.o [2]
  .rodata             const    0x00001e3c    0x10  philo.o [2]
  .rodata             const    0x00001e4c    0x10  table.o [2]
  .rodata             const    0x00001e5c    0x10  table.o [2]
  .rodata             const    0x00001e6c    0x10  qhsm_ini.o [5]
  .rodata             const    0x00001e7c    0x10  qep.o [5]
  .text               ro code  0x00001e8c     0xe  philo.o [2]
  .text               ro code  0x00001e9a     0xc  table.o [2]
  .text               ro code  0x00001ea6     0xe  table.o [2]
  .text               ro code  0x00001eb4     0xe  table.o [2]
  .rodata             const    0x00001ec4     0xc  table.o [2]
  .rodata             const    0x00001ed0     0xc  table.o [2]
  .rodata             const    0x00001edc     0xc  table.o [2]
  .rodata             const    0x00001ee8     0xc  qf_pspub.o [6]
  .rodata             const    0x00001ef4     0xc  qhsm_ini.o [5]
  .rodata             const    0x00001f00     0xc  qte_ctor.o [6]
  .rodata             const    0x00001f0c     0xc  qmp_init.o [6]
  .rodata             const    0x00001f18     0xc  qhsm_dis.o [5]
  .text               ro code  0x00001f24     0xc  cstartup_M.o [8]
  .rodata             const    0x00001f30     0x8  display96x16x1.o [2]
  .rodata             const    0x00001f38     0x8  display96x16x1.o [2]
  .rodata             const    0x00001f40     0x8  display96x16x1.o [2]
  .rodata             const    0x00001f48     0x8  display96x16x1.o [2]
  .rodata             const    0x00001f50     0x8  qf_new.o [6]
  .rodata             const    0x00001f58     0x8  qa_fifo.o [6]
  .rodata             const    0x00001f60     0x8  qf_pool.o [6]
  .rodata             const    0x00001f68     0x8  qte_arm.o [6]
  .rodata             const    0x00001f70     0x8  qa_sub.o [6]
  .rodata             const    0x00001f78     0x8  qf_act.o [6]
  .rodata             const    0x00001f80     0x8  qf_gc.o [6]
  .rodata             const    0x00001f88     0x8  qa_get_.o [6]
  .rodata             const    0x00001f90     0x8  qmp_put.o [6]
  SHT$$PREINIT_ARRAY           0x00001f98     0x0  <Block>
  SHT$$INIT_ARRAY              0x00001f98     0x8  <Block>
    .init_array       const    0x00001f98     0x4  philo.o [2]
    .init_array       const    0x00001f9c     0x4  table.o [2]
  .rodata             const    0x00001fa0     0x4  table.o [2]
  .rodata             const    0x00001fa4     0x4  qk.o [7]
  .text               ro code  0x00001fa8     0x4  qhsm_top.o [5]
  .text               ro code  0x00001fac     0x0  cstart_call_dtors.o [8]
  .rodata             const    0x00001fac     0x0  bwt_init3c.o [8]
  Initializer bytes   ro data  0x00001fac    0x14  <for P2 s0>
                             - 0x00001fc0  0x1ed0

"P2", part 1 of 3:                           0x14
  P2 s0                        0x20000000    0x14  <Init block>
    .data             inited   0x20000000    0x10  qk.o [7]
    .data             inited   0x20000010     0x4  system_lm3s.o [2]
                             - 0x20000014    0x14

"P2", part 2 of 3:                          0x3b0
  .bss                zero     0x20000014   0x100  qf_act.o [6]
  .bss                zero     0x20000114    0xf0  philo.o [2]
  .bss                zero     0x20000204    0x7c  qf_pool.o [6]
  .bss                zero     0x20000280    0x64  main.o [2]
  .bss                zero     0x200002e4    0x50  main.o [2]
  .bss                zero     0x20000334    0x38  main.o [2]
  .bss                zero     0x2000036c    0x24  table.o [2]
  .bss                zero     0x20000390    0x14  main.o [2]
  .bss                zero     0x200003a4     0x8  qf_psini.o [6]
  .bss                zero     0x200003ac     0x4  display96x16x1.o [2]
  .bss                zero     0x200003b0     0x4  qte_arm.o [6]
  .bss                zero     0x200003b4     0x4  cppinit.o [3]
  .bss                zero     0x200003b8     0x4  cppinit.o [3]
  .bss                zero     0x200003bc     0x1  display96x16x1.o [2]
  .bss                zero     0x200003bd     0x1  display96x16x1.o [2]
  .bss                zero     0x200003be     0x1  philo.o [2]
  .bss                zero     0x200003bf     0x1  qk.o [7]
  .bss                zero     0x200003c0     0x1  qf_tick.o [6]
  .bss                zero     0x200003c1     0x1  qk_mutex.o [7]
                             - 0x200003c2   0x3ae

"P2", part 3 of 3:                          0x3f0
  .noinit             uninit   0x200003c4   0x258  startup_ewarm.o [2]
  .iar.dynexit                 0x2000061c   0x198  <Block>
    .iar.dynexit      uninit   0x2000061c     0xc  cppinit.o [3]
    .iar.dynexit      uninit   0x20000628   0x18c  <Block tail>
                             - 0x200007b4   0x3f0


*******************************************************************************
*** INIT TABLE
***

          Address     Size
          -------     ----
Zero (__iar_zero_init3)
    1 destination range, total size 0x3ae:
          0x20000014  0x3ae

Copy (__iar_copy_init3)
    1 source range, total size 0x14:
          0x00001fac   0x14
    1 destination range, total size 0x14:
          0x20000000   0x14

Extra (__iar_cstart_call_ctors)



*******************************************************************************
*** MODULE SUMMARY
***

    Module               ro code  ro data  rw data
    ------               -------  -------  -------
command line: [1]
    ----------------------------------------------
    Total:

d:\software\qpcpp\examples\arm-cortex\qk\iar\dpp-qk-ev-lm3s811\rel: [2]
    bsp.o                    492       32
    display96x16x1.o       1 044      704        6
    main.o                   152               256
    philo.o                  540      116      241
    startup_ewarm.o           18      240      600
    system_lm3s.o            572        4        4
    table.o                  712      152       36
    ----------------------------------------------
    Total:                 3 530    1 248    1 143

dl7M_tln.a: [3]
    cppinit.o                136                20
    exit.o                     4
    ----------------------------------------------
    Total:                   140                20

dlpp7M_tl_ne.a: [4]
    cxxabi.o                  82
    ----------------------------------------------
    Total:                    82

libqep_cortex-m3.a: [5]
    qep.o                              16
    qhsm_dis.o               380       12
    qhsm_ini.o               136       28
    qhsm_top.o                 4
    ----------------------------------------------
    Total:                   520       56

libqf_cortex-m3.a: [6]
    qa_fifo.o                164        8
    qa_get_.o                124        8
    qa_sub.o                  96        8
    qeq_init.o                18
    qf_act.o                  48        8      256
    qf_gc.o                   80        8
    qf_log2.o                         256
    qf_new.o                  92        8
    qf_pool.o                 92        8      124
    qf_psini.o                12                 8
    qf_pspub.o               152       12
    qf_pwr2.o                         204
    qf_tick.o                 96                 1
    qmp_get.o                 34
    qmp_init.o               132       12
    qmp_put.o                 56        8
    qte_arm.o                 64        8        4
    qte_ctor.o                48       12
    ----------------------------------------------
    Total:                 1 308      568      393

libqk_cortex-m3.a: [7]
    qk.o                     168       20       17
    qk_mutex.o                                   1
    qk_port.o                 92
    qk_sched.o               124
    ----------------------------------------------
    Total:                   384       20       18

rt7M_tl.a: [8]
    bwt_init3c.o
    cexit.o                   14
    cmain.o                   22
    cmain_call_ctors.o        32
    copy_init3.o              46
    cstart_call_dtors.o
    cstartup_M.o              12
    data_init3.o              44
    zero_init3.o              34
    ----------------------------------------------
    Total:                   204

shb_l.a: [9]
    exit.o                    20
    ----------------------------------------------
    Total:                    20

    Gaps                       6        2
    Linker created                     40      396
--------------------------------------------------
    Grand Total:           6 194    1 934    1 970


*******************************************************************************
*** ENTRY LIST
***

Entry                      Address   Size  Type      Object
-----                      -------   ----  ----      ------
.iar.dynexit$$Base      0x2000061c          --   Gb  - Linker created -
.iar.dynexit$$Limit     0x200007b4          --   Gb  - Linker created -
?main                   0x00001dc9         Code  Gb  cmain.o [8]
AO_Philo                0x00001e08   0x14  Data  Gb  philo.o [2]
AO_Table                0x00001fa0    0x4  Data  Gb  table.o [2]
BSP_displyPhilStat(unsigned char, char const *)
                        0x00000991   0x26  Code  Gb  bsp.o [2]
BSP_init(int, char **)  0x00000923   0x6e  Code  Gb  bsp.o [2]
Display96x16x1Clear     0x000001b1   0x74  Code  Gb  display96x16x1.o [2]
Display96x16x1Init      0x000002e9  0x19a  Code  Gb  display96x16x1.o [2]
Display96x16x1StringDraw
                        0x00000225   0xc4  Code  Gb  display96x16x1.o [2]
Display96x16x1WriteArray
                        0x0000013d   0x36  Code  Lc  display96x16x1.o [2]
Display96x16x1WriteByte
                        0x00000113   0x2a  Code  Lc  display96x16x1.o [2]
Display96x16x1WriteFinal
                        0x00000173   0x3e  Code  Lc  display96x16x1.o [2]
Display96x16x1WriteFirst
                        0x000000f9   0x1a  Code  Lc  display96x16x1.o [2]
DtorRecArray            0x2000061c    0xc  Data  Lc  cppinit.o [3]
GPIOPortA_IRQHandler    0x000008e9   0x3a  Code  Gb  bsp.o [2]
HardFault_Handler       0x000010ed   0x10  Code  Gb  startup_ewarm.o [2]
NMI_Handler             0x000010eb    0x2  Code  Gb  startup_ewarm.o [2]
NVIC_EnableIRQ(IRQn)    0x00000851   0x18  Code  Lc  bsp.o [2]
NVIC_SetPriority(IRQn, unsigned int)
                        0x00000869   0x22  Code  Lc  bsp.o [2]
PendSV_Handler          0x00001045         Code  Gb  qk_port.o [7]
Philo::Philo()          0x00001481   0x20  Code  Gb  philo.o [2]
Philo::eating(Philo*, QEvent const *)
                        0x000015a1   0x7c  Code  Gb  philo.o [2]
Philo::hungry(Philo*, QEvent const *)
                        0x00001521   0x7e  Code  Gb  philo.o [2]
Philo::initial(Philo*, QEvent const *)
                        0x000014a1   0x24  Code  Gb  philo.o [2]
Philo::thinking(Philo*, QEvent const *)
                        0x000014c5   0x5a  Code  Gb  philo.o [2]
Philo::~Philo()         0x00001e8d    0xe  Code  Gb  philo.o [2]
QActive::QActive(unsigned char (*)(void *, QEvent const *))
                        0x00000c61   0x1c  Code  Gb  table.o [2]
QActive::QActive(unsigned char (*)(void *, QEvent const *)) [subobject]
                        0x000007b7    0xc  Code  Gb  table.o [2]
QActive::get_()         0x00001249   0x48  Code  Gb  qa_get_.o [6]
QActive::postFIFO(QEvent const *)
                        0x00000cdd   0x78  Code  Gb  qa_fifo.o [6]
QActive::start(unsigned char, QEvent const **, unsigned int, void *, unsigned int, QEvent const *)
                        0x00000b59   0x58  Code  Gb  qk.o [7]
QActive::subscribe(unsigned short) const
                        0x000007f1   0x60  Code  Gb  qa_sub.o [6]
QActive::~QActive()     0x00001ea7    0xe  Code  Gb  table.o [2]
QActive::~QActive() [subobject]
                        0x00001e9b    0xc  Code  Gb  table.o [2]
QEP_reservedEvt_        0x00001e7c   0x10  Data  Gb  qep.o [5]
QEQueue::init(QEvent const **, unsigned char)
                        0x000010d9   0x12  Code  Gb  qeq_init.o [6]
QF::active_             0x20000014  0x100  Data  Gb  qf_act.o [6]
QF::add_(QActive *)     0x000010fd   0x26  Code  Gb  qf_act.o [6]
QF::gc(QEvent const *)  0x00000fd5   0x50  Code  Gb  qf_gc.o [6]
QF::init()              0x00000b31    0x4  Code  Gb  qk.o [7]
QF::new_(unsigned short, unsigned short)
                        0x00000a3d   0x5c  Code  Gb  qf_new.o [6]
QF::onCleanup()         0x000009e1    0x2  Code  Gb  bsp.o [2]
QF::onStartup()         0x000009b7   0x2a  Code  Gb  bsp.o [2]
QF::poolInit(void *, unsigned int, unsigned short)
                        0x00001a4d   0x5c  Code  Gb  qf_pool.o [6]
QF::psInit(QSubscrList *, unsigned short)
                        0x00001a41    0xc  Code  Gb  qf_psini.o [6]
QF::publish(QEvent const *)
                        0x00000a99   0x98  Code  Gb  qf_pspub.o [6]
QF::run()               0x00000b39   0x20  Code  Gb  qk.o [7]
QF::stop()              0x00000b35    0x4  Code  Gb  qk.o [7]
QF::tick()              0x00000c7d   0x60  Code  Gb  qf_tick.o [6]
QF_div8Lkup             0x00001d10   0x44  Data  Gb  qf_pwr2.o [6]
QF_invPwr2Lkup          0x00001ccc   0x44  Data  Gb  qf_pwr2.o [6]
QF_log2Lkup             0x000018a8  0x100  Data  Gb  qf_log2.o [6]
QF_maxPool_             0x20000204    0x1  Data  Gb  qf_pool.o [6]
QF_maxSignal_           0x200003a4    0x2  Data  Gb  qf_psini.o [6]
QF_pool_                0x20000208   0x78  Data  Gb  qf_pool.o [6]
QF_pwr2Lkup             0x00001c88   0x44  Data  Gb  qf_pwr2.o [6]
QF_subscrList_          0x200003a8    0x4  Data  Gb  qf_psini.o [6]
QF_timeEvtListHead_     0x200003b0    0x4  Data  Gb  qte_arm.o [6]
QHsm::QHsm(unsigned char (*)(void *, QEvent const *))
                        0x00001415    0xc  Code  Gb  table.o [2]
QHsm::QHsm(unsigned char (*)(void *, QEvent const *)) [subobject]
                        0x000011d9    0xc  Code  Gb  table.o [2]
QHsm::dispatch(QEvent const *)
                        0x00001299  0x160  Code  Gb  qhsm_dis.o [5]
QHsm::init(QEvent const *)
                        0x0000112d   0x78  Code  Gb  qhsm_ini.o [5]
QHsm::top(QHsm*, QEvent const *)
                        0x00001fa9    0x4  Code  Gb  qhsm_top.o [5]
QK::onIdle()            0x000009e3   0x14  Code  Gb  bsp.o [2]
QK_ceilingPrio_         0x200003c1    0x1  Data  Gb  qk_mutex.o [7]
QK_currPrio_            0x20000000    0x1  Data  Gb  qk.o [7]
QK_init                 0x00001025         Code  Gb  qk_port.o [7]
QK_intNest_             0x200003bf    0x1  Data  Gb  qk.o [7]
QK_readySet_            0x20000004    0xc  Data  Gb  qk.o [7]
QK_schedPrio_           0x00000bb1   0x1a  Code  Gb  qk.o [7]
QK_sched_               0x00001081   0x58  Code  Gb  qk_sched.o [7]
QMPool::get()           0x00000f91   0x22  Code  Gb  qmp_get.o [6]
QMPool::init(void *, unsigned int, unsigned short)
                        0x00001aa9   0x84  Code  Gb  qmp_init.o [6]
QMPool::put(void *)     0x00001211   0x38  Code  Gb  qmp_put.o [6]
QPSet64::findMax() volatile
                        0x000011b5   0x24  Code  Gb  qk_sched.o [7]
QPSet64::insert(unsigned char) volatile
                        0x000011e5   0x2c  Code  Gb  qa_fifo.o [6]
QPSet64::remove(unsigned char) volatile
                        0x00001421   0x2c  Code  Gb  qa_get_.o [6]
QTimeEvt::QTimeEvt(unsigned short)
                        0x00001641   0x28  Code  Gb  qte_ctor.o [6]
QTimeEvt::arm_(QActive *, unsigned short)
                        0x0000168d   0x40  Code  Gb  qte_arm.o [6]
QTimeEvt::postIn(QActive *, unsigned short)
                        0x00001671   0x1a  Code  Gb  philo.o [2]
Q_onAssert              0x00000a39    0x4  Code  Gb  bsp.o [2]
Region$$Table$$Base     0x00001d80          --   Gb  - Linker created -
Region$$Table$$Limit    0x00001da8          --   Gb  - Linker created -
SHT$$INIT_ARRAY$$Base   0x00001f98          --   Gb  - Linker created -
SHT$$INIT_ARRAY$$Limit  0x00001fa0          --   Gb  - Linker created -
SHT$$PREINIT_ARRAY$$Base
                        0x00001f98          --   Gb  - Linker created -
SHT$$PREINIT_ARRAY$$Limit
                        0x00001f98          --   Gb  - Linker created -
SVC_Handler             0x0000106f         Code  Gb  qk_port.o [7]
SysCtlDelay             0x000000f1    0x8  Code  Gb  display96x16x1.o [2]
SysTick_Config(unsigned int)
                        0x0000088b   0x32  Code  Lc  bsp.o [2]
SysTick_Handler         0x000008bd   0x2c  Code  Gb  bsp.o [2]
SystemFrequency         0x20000010    0x4  Data  Gb  system_lm3s.o [2]
SystemInit              0x00000d55  0x114  Code  Gb  system_lm3s.o [2]
Table::Table()          0x00000517   0x34  Code  Gb  table.o [2]
Table::initial(Table*, QEvent const *)
                        0x0000054d   0x20  Code  Gb  table.o [2]
Table::serving(Table*, QEvent const *)
                        0x0000056d  0x1d4  Code  Gb  table.o [2]
Table::~Table()         0x00001eb5    0xe  Code  Gb  table.o [2]
Virtual function table for Philo
                        0x00001e3c   0x10  Data  Gb  philo.o [2]
Virtual function table for QActive
                        0x00001e4c   0x10  Data  Gb  table.o [2]
Virtual function table for QHsm
                        0x00001e6c   0x10  Data  Gb  qhsm_ini.o [5]
Virtual function table for Table
                        0x00001e5c   0x10  Data  Gb  table.o [2]
__aeabi_atexit          0x000007a7    0xa  Code  Gb  cxxabi.o [4]
__aeabi_vec_ctor_nocookie_nodtor
                        0x00000765   0x22  Code  Gb  cxxabi.o [4]
__aeabi_vec_dtor        0x00000787   0x20  Code  Gb  cxxabi.o [4]
__call_ctors            0x00000bd9   0x18  Code  Gb  cppinit.o [3]
__call_dtors            0x00000c1d    0x2  Code  Gb  cppinit.o [3]
__cexit_call_dtors      0x00001de7         Code  Gb  cexit.o [8]
__cmain                 0x00001dc9         Code  Gb  cmain.o [8]
__cstart_call_dtors     0x00001fac         Data  Gb  cstart_call_dtors.o [8]
__cxa_atexit            0x00000bf1   0x2c  Code  Gb  cppinit.o [3]
__cxa_finalize          0x00000c1f   0x34  Code  Gb  cppinit.o [3]
__dso_handle            0x200003b8    0x4  Data  Gb  cppinit.o [3]
__exit                  0x00001df5   0x14  Code  Gb  exit.o [9]
__iar_SB                0x00001fac         Data  Gb  bwt_init3c.o [8]
__iar_copy_init3        0x000007c3   0x2e  Code  Gb  copy_init3.o [8]
__iar_cstart_call_ctors
                        0x00001da9   0x20  Code  Gb  cmain_call_ctors.o [8]
__iar_data_init3        0x00001d55   0x2c  Code  Gb  data_init3.o [8]
__iar_program_start     0x00001f25         Code  Gb  cstartup_M.o [8]
__iar_zero_init3        0x00000fb3   0x22  Code  Gb  zero_init3.o [8]
__sti__routine          0x0000144d   0x1e  Code  Lc  philo.o [2]
__sti__routine          0x00000505   0x12  Code  Lc  table.o [2]
__vector_table          0x00000000   0xf0  Data  Gb  startup_ewarm.o [2]
_call_main              0x00001dd5         Code  Gb  cmain.o [8]
_exit                   0x00001de5         Code  Gb  cexit.o [8]
_main                   0x00001ddb         Code  Gb  cmain.o [8]
exit                    0x00001ddf    0x4  Code  Gb  exit.o [3]
g_pucFont               0x000016cc  0x1dc  Data  Lc  display96x16x1.o [2]
g_pucOSRAMInit          0x00001b2c   0x74  Data  Lc  display96x16x1.o [2]
g_pucOSRAMRow1          0x00001f30    0x8  Data  Lc  display96x16x1.o [2]
g_pucOSRAMRow2          0x00001f38    0x8  Data  Lc  display96x16x1.o [2]
g_pucRITInit            0x00001ba0   0x50  Data  Lc  display96x16x1.o [2]
g_pucRITRow1            0x00001f40    0x8  Data  Lc  display96x16x1.o [2]
g_pucRITRow2            0x00001f48    0x8  Data  Lc  display96x16x1.o [2]
g_ucColumnAdjust        0x200003bd    0x1  Data  Lc  display96x16x1.o [2]
g_ucDisplayIsRIT        0x200003bc    0x1  Data  Lc  display96x16x1.o [2]
g_ulDelay               0x200003ac    0x4  Data  Lc  display96x16x1.o [2]
getOscClk               0x00000e69   0xca  Code  Lc  system_lm3s.o [2]
l_philo                 0x20000114   0xf0  Data  Lc  philo.o [2]
l_philoQueueSto         0x20000280   0x64  Data  Lc  main.o [2]
l_smlPoolSto            0x200002e4   0x50  Data  Lc  main.o [2]
l_subscrSto             0x20000334   0x38  Data  Lc  main.o [2]
l_table                 0x2000036c   0x24  Data  Lc  table.o [2]
l_tableQueueSto         0x20000390   0x14  Data  Lc  main.o [2]
l_this_file             0x00001bf0   0x4c  Data  Lc  philo.o [2]
l_this_file             0x00001c3c   0x4c  Data  Lc  table.o [2]
l_this_file             0x00001fa4    0x4  Data  Lc  qk.o [7]
l_this_file             0x00001f50    0x8  Data  Lc  qf_new.o [6]
l_this_file             0x00001f58    0x8  Data  Lc  qa_fifo.o [6]
l_this_file             0x00001f60    0x8  Data  Lc  qf_pool.o [6]
l_this_file             0x00001ee8    0xc  Data  Lc  qf_pspub.o [6]
l_this_file             0x00001ef4    0xc  Data  Lc  qhsm_ini.o [5]
l_this_file             0x00001f68    0x8  Data  Lc  qte_arm.o [6]
l_this_file             0x00001f00    0xc  Data  Lc  qte_ctor.o [6]
l_this_file             0x00001f70    0x8  Data  Lc  qa_sub.o [6]
l_this_file             0x00001f78    0x8  Data  Lc  qf_act.o [6]
l_this_file             0x00001f0c    0xc  Data  Lc  qmp_init.o [6]
l_this_file             0x00001f80    0x8  Data  Lc  qf_gc.o [6]
l_this_file             0x00001f18    0xc  Data  Lc  qhsm_dis.o [5]
l_this_file             0x00001f88    0x8  Data  Lc  qa_get_.o [6]
l_this_file             0x00001f90    0x8  Data  Lc  qmp_put.o [6]
main                    0x000019a9   0x98  Code  Gb  main.o [2]
next_abi_dtor_rec       0x200003b4    0x4  Data  Lc  cppinit.o [3]
pulStack                0x200003c4  0x258  Data  Lc  startup_ewarm.o [2]


[1] = command line
[2] = d:\software\qpcpp\examples\arm-cortex\qk\iar\dpp-qk-ev-lm3s811\rel
[3] = dl7M_tln.a
[4] = dlpp7M_tl_ne.a
[5] = libqep_cortex-m3.a
[6] = libqf_cortex-m3.a
[7] = libqk_cortex-m3.a
[8] = rt7M_tl.a
[9] = shb_l.a

  6 194 bytes of readonly  code memory
  1 934 bytes of readonly  data memory
  1 970 bytes of readwrite data memory

Errors: none
Warnings: none
