Archive member included because of file (symbol)

D:\software\qpcpp/ports/arm-cortex/vanilla/gnu/spy\libqf_cortex-m3_dk.a(qa_fifo.o)
                              spy/philo.o (QActive::postFIFO(QEvent const*, void const*))
D:\software\qpcpp/ports/arm-cortex/vanilla/gnu/spy\libqf_cortex-m3_dk.a(qa_sub.o)
                              spy/table.o (QActive::subscribe(unsigned short) const)
D:\software\qpcpp/ports/arm-cortex/vanilla/gnu/spy\libqf_cortex-m3_dk.a(qf_act.o)
                              spy/bsp.o (QF::getVersion())
D:\software\qpcpp/ports/arm-cortex/vanilla/gnu/spy\libqf_cortex-m3_dk.a(qf_new.o)
                              spy/table.o (QF::new_(unsigned short, unsigned short))
D:\software\qpcpp/ports/arm-cortex/vanilla/gnu/spy\libqf_cortex-m3_dk.a(qf_pool.o)
                              spy/main.o (QF::poolInit(void*, unsigned int, unsigned short))
D:\software\qpcpp/ports/arm-cortex/vanilla/gnu/spy\libqf_cortex-m3_dk.a(qf_psini.o)
                              spy/main.o (QF::psInit(QSubscrList*, unsigned short))
D:\software\qpcpp/ports/arm-cortex/vanilla/gnu/spy\libqf_cortex-m3_dk.a(qf_pspub.o)
                              spy/table.o (QF::publish(QEvent const*, void const*))
D:\software\qpcpp/ports/arm-cortex/vanilla/gnu/spy\libqf_cortex-m3_dk.a(qf_pwr2.o)
                              D:\software\qpcpp/ports/arm-cortex/vanilla/gnu/spy\libqf_cortex-m3_dk.a(qa_fifo.o) (QF_pwr2Lkup)
D:\software\qpcpp/ports/arm-cortex/vanilla/gnu/spy\libqf_cortex-m3_dk.a(qf_tick.o)
                              spy/bsp.o (QF::tick(void const*))
D:\software\qpcpp/ports/arm-cortex/vanilla/gnu/spy\libqf_cortex-m3_dk.a(qmp_get.o)
                              D:\software\qpcpp/ports/arm-cortex/vanilla/gnu/spy\libqf_cortex-m3_dk.a(qf_new.o) (QMPool::get())
D:\software\qpcpp/ports/arm-cortex/vanilla/gnu/spy\libqf_cortex-m3_dk.a(qmp_init.o)
                              D:\software\qpcpp/ports/arm-cortex/vanilla/gnu/spy\libqf_cortex-m3_dk.a(qf_pool.o) (QMPool::init(void*, unsigned int, unsigned short))
D:\software\qpcpp/ports/arm-cortex/vanilla/gnu/spy\libqf_cortex-m3_dk.a(qte_ctor.o)
                              spy/philo.o (QTimeEvt::QTimeEvt(unsigned short))
D:\software\qpcpp/ports/arm-cortex/vanilla/gnu/spy\libqf_cortex-m3_dk.a(qte_arm.o)
                              spy/philo.o (QTimeEvt::arm_(QActive*, unsigned short))
D:\software\qpcpp/ports/arm-cortex/vanilla/gnu/spy\libqf_cortex-m3_dk.a(qvanilla.o)
                              spy/main.o (QF::init())
D:\software\qpcpp/ports/arm-cortex/vanilla/gnu/spy\libqf_cortex-m3_dk.a(qa_get_.o)
                              D:\software\qpcpp/ports/arm-cortex/vanilla/gnu/spy\libqf_cortex-m3_dk.a(qvanilla.o) (QActive::get_())
D:\software\qpcpp/ports/arm-cortex/vanilla/gnu/spy\libqf_cortex-m3_dk.a(qeq_init.o)
                              D:\software\qpcpp/ports/arm-cortex/vanilla/gnu/spy\libqf_cortex-m3_dk.a(qvanilla.o) (QEQueue::init(QEvent const**, unsigned char))
D:\software\qpcpp/ports/arm-cortex/vanilla/gnu/spy\libqf_cortex-m3_dk.a(qf_gc.o)
                              D:\software\qpcpp/ports/arm-cortex/vanilla/gnu/spy\libqf_cortex-m3_dk.a(qf_pspub.o) (QF::gc(QEvent const*))
D:\software\qpcpp/ports/arm-cortex/vanilla/gnu/spy\libqf_cortex-m3_dk.a(qf_log2.o)
                              D:\software\qpcpp/ports/arm-cortex/vanilla/gnu/spy\libqf_cortex-m3_dk.a(qf_pspub.o) (QF_log2Lkup)
D:\software\qpcpp/ports/arm-cortex/vanilla/gnu/spy\libqf_cortex-m3_dk.a(qmp_put.o)
                              D:\software\qpcpp/ports/arm-cortex/vanilla/gnu/spy\libqf_cortex-m3_dk.a(qf_gc.o) (QMPool::put(void*))
D:\software\qpcpp/ports/arm-cortex/vanilla/gnu/spy\libqep_cortex-m3_dk.a(qhsm_ini.o)
                              spy/table.o (QHsm::~QHsm())
D:\software\qpcpp/ports/arm-cortex/vanilla/gnu/spy\libqep_cortex-m3_dk.a(qhsm_dis.o)
                              D:\software\qpcpp/ports/arm-cortex/vanilla/gnu/spy\libqf_cortex-m3_dk.a(qvanilla.o) (QHsm::dispatch(QEvent const*))
D:\software\qpcpp/ports/arm-cortex/vanilla/gnu/spy\libqep_cortex-m3_dk.a(qhsm_top.o)
                              spy/table.o (QHsm::top(QHsm*, QEvent const*))
D:\software\qpcpp/ports/arm-cortex/vanilla/gnu/spy\libqep_cortex-m3_dk.a(qep.o)
                              D:\software\qpcpp/ports/arm-cortex/vanilla/gnu/spy\libqep_cortex-m3_dk.a(qhsm_ini.o) (QEP_reservedEvt_)
D:\software\qpcpp/ports/arm-cortex/vanilla/gnu/spy\libqs_cortex-m3_dk.a(qs.o)
                              spy/bsp.o (QS::initBuf(unsigned char*, unsigned int))
D:\software\qpcpp/ports/arm-cortex/vanilla/gnu/spy\libqs_cortex-m3_dk.a(qs_.o)
                              D:\software\qpcpp/ports/arm-cortex/vanilla/gnu/spy\libqf_cortex-m3_dk.a(qa_fifo.o) (QS::u8_(unsigned char))
D:\software\qpcpp/ports/arm-cortex/vanilla/gnu/spy\libqs_cortex-m3_dk.a(qs_byte.o)
                              spy/bsp.o (QS::getByte())
[...]
Memory Configuration

Name             Origin             Length             Attributes
ROM              0x08000000         0x00040000         xr
RAM              0x20000000         0x00010000         xrw
*default*        0x00000000         0xffffffff

Linker script and memory map

LOAD c:/tools/devkitpro/devkitarm/bin/../lib/gcc/arm-eabi/4.5.1/thumb/thumb2/crti.o
LOAD c:/tools/devkitpro/devkitarm/bin/../lib/gcc/arm-eabi/4.5.1/thumb/thumb2/crtbegin.o
LOAD c:/tools/devkitpro/devkitarm/bin/../lib/gcc/arm-eabi/4.5.1/../../../../arm-eabi/lib/thumb/thumb2/crt0.o
LOAD spy/startup_stm32f10x_cl.o
LOAD spy/core_cm3.o
LOAD spy/system_stm32f10x.o
LOAD spy/stm32_eval.o
LOAD spy/stm3210c_eval_lcd.o
LOAD spy/stm3210c_eval_ioe.o
LOAD spy/misc.o
LOAD spy/stm32f10x_adc.o
LOAD spy/stm32f10x_bkp.o
LOAD spy/stm32f10x_can.o
LOAD spy/stm32f10x_crc.o
LOAD spy/stm32f10x_dac.o
LOAD spy/stm32f10x_dbgmcu.o
LOAD spy/stm32f10x_dma.o
LOAD spy/stm32f10x_exti.o
LOAD spy/stm32f10x_flash.o
LOAD spy/stm32f10x_fsmc.o
LOAD spy/stm32f10x_gpio.o
LOAD spy/stm32f10x_i2c.o
LOAD spy/stm32f10x_iwdg.o
LOAD spy/stm32f10x_pwr.o
LOAD spy/stm32f10x_rcc.o
LOAD spy/stm32f10x_rtc.o
LOAD spy/stm32f10x_sdio.o
LOAD spy/stm32f10x_spi.o
LOAD spy/stm32f10x_tim.o
LOAD spy/stm32f10x_usart.o
LOAD spy/stm32f10x_wwdg.o
LOAD spy/main.o
LOAD spy/table.o
LOAD spy/philo.o
LOAD spy/bsp.o
LOAD spy/no_heap.o
LOAD spy/mini_cpp.o
LOAD D:\software\qpcpp/ports/arm-cortex/vanilla/gnu/spy\libqf_cortex-m3_dk.a
LOAD D:\software\qpcpp/ports/arm-cortex/vanilla/gnu/spy\libqep_cortex-m3_dk.a
LOAD D:\software\qpcpp/ports/arm-cortex/vanilla/gnu/spy\libqs_cortex-m3_dk.a
LOAD c:/tools/devkitpro/devkitarm/bin/../lib/gcc/arm-eabi/4.5.1/../../../../arm-eabi/lib/thumb/thumb2\libstdc++.a
LOAD c:/tools/devkitpro/devkitarm/bin/../lib/gcc/arm-eabi/4.5.1/../../../../arm-eabi/lib/thumb/thumb2\libm.a
START GROUP
LOAD c:/tools/devkitpro/devkitarm/bin/../lib/gcc/arm-eabi/4.5.1/thumb/thumb2\libgcc.a
LOAD c:/tools/devkitpro/devkitarm/bin/../lib/gcc/arm-eabi/4.5.1/../../../../arm-eabi/lib/thumb/thumb2\libc.a
LOAD c:/tools/devkitpro/devkitarm/bin/../lib/gcc/arm-eabi/4.5.1/../../../../arm-eabi/lib/thumb/thumb2\libsysbase.a
END GROUP
LOAD c:/tools/devkitpro/devkitarm/bin/../lib/gcc/arm-eabi/4.5.1/thumb/thumb2/crtend.o
LOAD c:/tools/devkitpro/devkitarm/bin/../lib/gcc/arm-eabi/4.5.1/thumb/thumb2/crtn.o
                0x00000400                STACK_SIZE = 0x400
                0x00000000                HEAP_SIZE = 0x0

.isr_vector     0x08000000      0x154
 *(.isr_vector)
 .isr_vector    0x08000000      0x154 spy/startup_stm32f10x_cl.o
                0x08000000                g_pfnVectors
                0x08000154                . = ALIGN (0x4)

.eh_frame       0x08000154        0x0
 .eh_frame      0x08000154        0x0 c:/tools/devkitpro/devkitarm/bin/../lib/gcc/arm-eabi/4.5.1/thumb/thumb2/crtbegin.o

.ARM.exidx.text.__aeabi_atexit
                0x08000154        0x8
 .ARM.exidx.text.__aeabi_atexit
                0x08000154        0x8 c:/tools/devkitpro/devkitarm/bin/../lib/gcc/arm-eabi/4.5.1/../../../../arm-eabi/lib/thumb/thumb2\libstdc++.a(atexit_arm.o)

.text           0x08000160     0x7cc4
                0x08000160                . = ALIGN (0x4)
 *(.text)
 .text          0x08000160       0x54 c:/tools/devkitpro/devkitarm/bin/../lib/gcc/arm-eabi/4.5.1/thumb/thumb2/crtbegin.o
 .text          0x080001b4       0xa8 spy/startup_stm32f10x_cl.o
                0x080001b4                EXTI2_IRQHandler
                0x080001b4                TIM8_TRG_COM_IRQHandler
                0x080001b4                TIM8_CC_IRQHandler
                0x080001b4                DebugMon_Handler
                0x080001b4                TIM1_CC_IRQHandler
                0x080001b4                TIM6_IRQHandler
                0x080001b4                PVD_IRQHandler
                0x080001b4                SDIO_IRQHandler
                0x080001b4                PendSV_Handler
                0x080001b4                NMI_Handler
                0x080001b4                CAN2_RX1_IRQHandler
                0x080001b4                EXTI3_IRQHandler
                0x080001b4                EXTI0_IRQHandler
                0x080001b4                I2C2_EV_IRQHandler
                0x080001b4                UsageFault_Handler
                0x080001b4                CAN2_SCE_IRQHandler
                0x080001b4                ADC1_2_IRQHandler
                0x080001b4                SPI1_IRQHandler
                0x080001b4                TAMPER_IRQHandler
                0x080001b4                CAN2_RX0_IRQHandler
                0x080001b4                TIM8_UP_IRQHandler
                0x080001b4                DMA2_Channel2_IRQHandler
                0x080001b4                DMA1_Channel4_IRQHandler
                0x080001b4                USART3_IRQHandler
                0x080001b4                RTC_IRQHandler
                0x080001b4                DMA1_Channel7_IRQHandler
                0x080001b4                USBWakeUp_IRQHandler
                0x080001b4                CAN1_RX1_IRQHandler
                0x080001b4                UART5_IRQHandler
                0x080001b4                ADC3_IRQHandler
                0x080001b4                TIM4_IRQHandler
                0x080001b4                DMA2_Channel1_IRQHandler
                0x080001b4                I2C1_EV_IRQHandler
                0x080001b4                DMA1_Channel6_IRQHandler
                0x080001b4                UART4_IRQHandler
                0x080001b4                TIM3_IRQHandler
                0x080001b4                RCC_IRQHandler
                0x080001b4                TIM1_TRG_COM_IRQHandler
                0x080001b4                DMA1_Channel1_IRQHandler
                0x080001b4                EXTI15_10_IRQHandler
                0x080001b4                TIM7_IRQHandler
                0x080001b4                CAN2_TX_IRQHandler
                0x080001b4                TIM5_IRQHandler
                0x080001b4                EXTI9_5_IRQHandler
                0x080001b4                ETH_WKUP_IRQHandler
                0x080001b4                SPI2_IRQHandler
                0x080001b4                MemManage_Handler
                0x080001b4                SVC_Handler
                0x080001b4                DMA2_Channel5_IRQHandler
                0x080001b4                DMA1_Channel5_IRQHandler
                0x080001b4                EXTI4_IRQHandler
                0x080001b4                USB_LP_CAN1_RX0_IRQHandler
                0x080001b4                USB_HP_CAN1_TX_IRQHandler
                0x080001b4                DMA1_Channel3_IRQHandler
                0x080001b4                FSMC_IRQHandler
                0x080001b4                ETH_IRQHandler
                0x080001b4                TIM1_UP_IRQHandler
                0x080001b4                WWDG_IRQHandler
                0x080001b4                TIM2_IRQHandler
                0x080001b4                TIM1_BRK_IRQHandler
                0x080001b4                EXTI1_IRQHandler
                0x080001b4                RTCAlarm_IRQHandler
                0x080001b4                DMA2_Channel4_5_IRQHandler
                0x080001b4                USART2_IRQHandler
                0x080001b4                I2C2_ER_IRQHandler
                0x080001b4                DMA1_Channel2_IRQHandler
                0x080001b4                TIM8_BRK_IRQHandler
                0x080001b4                CAN1_SCE_IRQHandler
                0x080001b4                FLASH_IRQHandler
                0x080001b4                BusFault_Handler
                0x080001b4                USART1_IRQHandler
                0x080001b4                Spurious_Handler
                0x080001b4                OTG_FS_IRQHandler
                0x080001b4                SPI3_IRQHandler
                0x080001b4                I2C1_ER_IRQHandler
                0x080001b4                DMA2_Channel3_IRQHandler
                0x080001d0                Reset_Handler
 .text          0x0800025c      0x170 spy/system_stm32f10x.o
                0x0800025c                SystemInit
 .text          0x080003cc      0x24c spy/stm32_eval.o
                0x080003cc                STM_EVAL_LEDInit
                0x08000418                STM_EVAL_LEDOn
                0x08000438                STM_EVAL_LEDOff
                0x08000458                STM_EVAL_LEDToggle
                0x0800047c                STM_EVAL_PBInit
                0x08000540                STM_EVAL_PBGetState
                0x08000568                STM_EVAL_COMInit
 .text          0x08000618      0xc4c spy/stm3210c_eval_lcd.o
                0x08000648                LCD_SetTextColor
                0x08000664                LCD_SetBackColor
                0x08000680                LCD_WriteRAM
                0x080006d4                LCD_CtrlLinesConfig
                0x08000710                LCD_CtrlLinesWrite
                0x08000718                LCD_nCS_StartByte
                0x08000758                LCD_WriteRegIndex
                0x080007c8                LCD_WriteRAM_Prepare
                0x080007dc                LCD_WriteReg
                0x08000850                LCD_DisplayOff
                0x08000860                LCD_DisplayOn
                0x08000870                LCD_PowerOn
                0x0800090c                LCD_SetCursor
                0x08000928                LCD_SetDisplayWindow
                0x08000998                LCD_WindowModeDisable
                0x080009bc                LCD_WriteRAMWord
                0x080009e0                LCD_DrawCircle
                0x08000b0c                LCD_ReadReg
                0x08000c50                LCD_DrawMonoPict
                0x08000cd0                LCD_DrawLine
                0x08000d5c                LCD_DrawRect
                0x08000da8                LCD_DrawChar
                0x08000e2c                LCD_DisplayChar
                0x08000e54                LCD_DisplayString
                0x08000ea4                LCD_ClearLine
                0x08000eb8                LCD_Clear
                0x08000ef8                LCD_SPIConfig
                0x08000fa0                LCD_Setup
                0x0800125c                STM3210C_LCD_Init
 .text          0x08001264      0x108 spy/misc.o
                0x08001264                NVIC_PriorityGroupConfig
                0x08001278                NVIC_Init
                0x08001300                NVIC_SetVectorTable
                0x08001318                NVIC_SystemLPConfig
                0x08001340                SysTick_CLKSourceConfig
 .text          0x0800136c      0x130 spy/stm32f10x_exti.o
                0x0800136c                EXTI_DeInit
                0x0800138c                EXTI_Init
                0x08001428                EXTI_StructInit
                0x0800143c                EXTI_GenerateSWInterrupt
                0x08001450                EXTI_GetFlagStatus
                0x08001464                EXTI_ClearFlag
                0x08001470                EXTI_GetITStatus
                0x08001490                EXTI_ClearITPendingBit
 .text          0x0800149c      0x348 spy/stm32f10x_gpio.o
                0x0800149c                GPIO_DeInit
                0x080015a8                GPIO_AFIODeInit
                0x080015c4                GPIO_Init
                0x0800168c                GPIO_StructInit
                0x080016a0                GPIO_ReadInputDataBit
                0x080016ac                GPIO_ReadInputData
                0x080016b4                GPIO_ReadOutputDataBit
                0x080016c0                GPIO_ReadOutputData
                0x080016c8                GPIO_SetBits
                0x080016cc                GPIO_ResetBits
                0x080016d0                GPIO_WriteBit
                0x080016dc                GPIO_Write
                0x080016e0                GPIO_PinLockConfig
                0x080016f0                GPIO_EventOutputConfig
                0x08001710                GPIO_EventOutputCmd
                0x0800171c                GPIO_PinRemapConfig
                0x08001794                GPIO_EXTILineConfig
                0x080017d8                GPIO_ETH_MediaInterfaceConfig
 .text          0x080017e4      0x5a0 spy/stm32f10x_rcc.o
                0x080017e4                RCC_DeInit
                0x08001838                RCC_HSEConfig
                0x08001884                RCC_AdjustHSICalibrationValue
                0x0800189c                RCC_HSICmd
                0x080018a8                RCC_PLLConfig
                0x080018c4                RCC_PLLCmd
                0x080018d0                RCC_PREDIV1Config
                0x080018f0                RCC_PREDIV2Config
                0x08001908                RCC_PLL2Config
                0x08001920                RCC_PLL2Cmd
                0x0800192c                RCC_PLL3Config
                0x08001944                RCC_PLL3Cmd
                0x08001950                RCC_SYSCLKConfig
                0x08001968                RCC_GetSYSCLKSource
                0x08001978                RCC_HCLKConfig
                0x08001990                RCC_PCLK1Config
                0x080019a8                RCC_PCLK2Config
                0x080019c0                RCC_ITConfig
                0x080019e8                RCC_OTGFSCLKConfig
                0x080019f4                RCC_ADCCLKConfig
                0x08001a0c                RCC_I2S2CLKConfig
                0x08001a18                RCC_I2S3CLKConfig
                0x08001a24                RCC_LSEConfig
                0x08001a60                RCC_LSICmd
                0x08001a6c                RCC_RTCCLKConfig
                0x08001a80                RCC_RTCCLKCmd
                0x08001a8c                RCC_GetClocksFreq
                0x08001bbc                RCC_AHBPeriphClockCmd
                0x08001be4                RCC_APB2PeriphClockCmd
                0x08001c0c                RCC_APB1PeriphClockCmd
                0x08001c34                RCC_AHBPeriphResetCmd
                0x08001c5c                RCC_APB2PeriphResetCmd
                0x08001c84                RCC_APB1PeriphResetCmd
                0x08001cac                RCC_BackupResetCmd
                0x08001cb8                RCC_ClockSecuritySystemCmd
                0x08001cc4                RCC_MCOConfig
                0x08001cd0                RCC_GetFlagStatus
                0x08001d14                RCC_WaitForHSEStartUp
                0x08001d50                RCC_ClearFlag
                0x08001d64                RCC_GetITStatus
                0x08001d78                RCC_ClearITPendingBit
 .text          0x08001d84      0x40c spy/stm32f10x_spi.o
                0x08001d84                SPI_I2S_DeInit
                0x08001df8                SPI_Init
                0x08001e58                I2S_Init
                0x08001fa0                SPI_StructInit
                0x08001fbc                I2S_StructInit
                0x08001fd4                SPI_Cmd
                0x08001ff4                I2S_Cmd
                0x08002014                SPI_I2S_ITConfig
                0x0800203c                SPI_I2S_DMACmd
                0x08002058                SPI_I2S_SendData
                0x0800205c                SPI_I2S_ReceiveData
                0x08002064                SPI_NSSInternalSoftwareConfig
                0x08002088                SPI_SSOutputCmd
                0x080020a8                SPI_DataSizeConfig
                0x080020c4                SPI_TransmitCRC
                0x080020d0                SPI_CalculateCRC
                0x080020f0                SPI_GetCRC
                0x08002100                SPI_GetCRCPolynomial
                0x08002108                SPI_BiDirectionalLineConfig
                0x0800212c                SPI_I2S_GetFlagStatus
                0x08002138                SPI_I2S_ClearFlag
                0x08002144                SPI_I2S_GetITStatus
                0x08002178                SPI_I2S_ClearITPendingBit
 .text          0x08002190      0x44c spy/stm32f10x_usart.o
                0x08002190                USART_DeInit
                0x08002250                USART_Init
                0x08002308                USART_StructInit
                0x08002324                USART_ClockInit
                0x08002354                USART_ClockStructInit
                0x08002364                USART_Cmd
                0x08002384                USART_ITConfig
                0x080023bc                USART_DMACmd
                0x080023d8                USART_SetAddress
                0x080023f4                USART_WakeUpConfig
                0x08002410                USART_ReceiverWakeUpCmd
                0x08002430                USART_LINBreakDetectLengthConfig
                0x0800244c                USART_LINCmd
                0x0800246c                USART_SendData
                0x08002478                USART_ReceiveData
                0x08002484                USART_SendBreak
                0x08002490                USART_SetGuardTime
                0x080024a4                USART_SetPrescaler
                0x080024b8                USART_SmartCardCmd
                0x080024d8                USART_SmartCardNACKCmd
                0x080024f8                USART_HalfDuplexCmd
                0x08002518                USART_IrDAConfig
                0x08002534                USART_IrDACmd
                0x08002554                USART_GetFlagStatus
                0x08002560                USART_ClearFlag
                0x0800256c                USART_GetITStatus
                0x080025c4                USART_ClearITPendingBit
 .text          0x080025dc      0x22c spy/main.o
                0x080025dc                main
 .text          0x08002808      0x488 spy/table.o
                0x08002808                Table::serving(Table*, QEvent const*)
                0x08002a2c                Table::initial(Table*, QEvent const*)
                0x08002c34                Table::Table()
                0x08002c34                Table::Table()
 .text          0x08002c90      0x6a4 spy/philo.o
                0x08002cb0                Philo::eating(Philo*, QEvent const*)
                0x08002d84                Philo::thinking(Philo*, QEvent const*)
                0x08002e18                Philo::hungry(Philo*, QEvent const*)
                0x08002efc                Philo::initial(Philo*, QEvent const*)
                0x080032d8                Philo::Philo()
                0x080032d8                Philo::Philo()
 .text          0x08003334      0x52c spy/bsp.o
                0x08003334                SysTick_Handler
                0x08003368                QF::onStartup()
                0x080033c8                QF::onCleanup()
                0x080033cc                QF::onIdle()
                0x08003410                Q_onAssert
                0x08003414                assert_failed
                0x0800341c                BSP_busyDelay()
                0x08003434                QS::onStartup(void const*)
                0x08003630                QS::onCleanup()
                0x08003634                QS::onGetTime()
                0x0800367c                BSP_displyPhilStat(unsigned char, char const*)
                0x080036f0                QS::onFlush()
                0x08003718                BSP_init()
 .text          0x08003860       0x44 spy/no_heap.o
                0x08003860                malloc
                0x08003878                free
                0x0800388c                calloc
 .text          0x080038a4       0x1c spy/mini_cpp.o
                0x080038a4                operator new(unsigned int)
                0x080038ac                operator delete(void*)
                0x080038b4                __cxa_atexit
                0x080038b8                __cxa_guard_acquire
                0x080038bc                __cxa_guard_release
 .text          0x080038c0       0xfc D:\software\qpcpp/ports/arm-cortex/vanilla/gnu/spy\libqf_cortex-m3_dk.a(qa_fifo.o)
                0x080038c0                QActive::postFIFO(QEvent const*, void const*)
 .text          0x080039bc       0xbc D:\software\qpcpp/ports/arm-cortex/vanilla/gnu/spy\libqf_cortex-m3_dk.a(qa_sub.o)
                0x080039bc                QActive::subscribe(unsigned short) const
 .text          0x08003a78      0x110 D:\software\qpcpp/ports/arm-cortex/vanilla/gnu/spy\libqf_cortex-m3_dk.a(qf_act.o)
                0x08003a78                QF::getVersion()
                0x08003a84                QF::add_(QActive*)
                0x08003b04                QF::remove_(QActive const*)
 .text          0x08003b88       0xc4 D:\software\qpcpp/ports/arm-cortex/vanilla/gnu/spy\libqf_cortex-m3_dk.a(qf_new.o)
                0x08003b88                QF::new_(unsigned short, unsigned short)
 .text          0x08003c4c       0x88 D:\software\qpcpp/ports/arm-cortex/vanilla/gnu/spy\libqf_cortex-m3_dk.a(qf_pool.o)
                0x08003c4c                QF::poolInit(void*, unsigned int, unsigned short)
 .text          0x08003cd4       0x10 D:\software\qpcpp/ports/arm-cortex/vanilla/gnu/spy\libqf_cortex-m3_dk.a(qf_psini.o)
                0x08003cd4                QF::psInit(QSubscrList*, unsigned short)
 .text          0x08003ce4      0x108 D:\software\qpcpp/ports/arm-cortex/vanilla/gnu/spy\libqf_cortex-m3_dk.a(qf_pspub.o)
                0x08003ce4                QF::publish(QEvent const*, void const*)
 .text          0x08003dec      0x120 D:\software\qpcpp/ports/arm-cortex/vanilla/gnu/spy\libqf_cortex-m3_dk.a(qf_tick.o)
                0x08003dec                QF::tick(void const*)
 .text          0x08003f0c       0xb0 D:\software\qpcpp/ports/arm-cortex/vanilla/gnu/spy\libqf_cortex-m3_dk.a(qmp_get.o)
                0x08003f0c                QMPool::get()
                0x08003f7c                QF::getPoolMargin(unsigned char)
 .text          0x08003fbc      0x104 D:\software\qpcpp/ports/arm-cortex/vanilla/gnu/spy\libqf_cortex-m3_dk.a(qmp_init.o)
                0x08003fbc                QMPool::init(void*, unsigned int, unsigned short)
 .text          0x080040c0       0x34 D:\software\qpcpp/ports/arm-cortex/vanilla/gnu/spy\libqf_cortex-m3_dk.a(qte_ctor.o)
                0x080040c0                QTimeEvt::QTimeEvt(unsigned short)
                0x080040c0                QTimeEvt::QTimeEvt(unsigned short)
 .text          0x080040f4       0xa8 D:\software\qpcpp/ports/arm-cortex/vanilla/gnu/spy\libqf_cortex-m3_dk.a(qte_arm.o)
                0x080040f4                QTimeEvt::arm_(QActive*, unsigned short)
 .text          0x0800419c       0xe8 D:\software\qpcpp/ports/arm-cortex/vanilla/gnu/spy\libqf_cortex-m3_dk.a(qvanilla.o)
                0x0800419c                QF::getPortVersion()
                0x080041a8                QF::init()
                0x080041ac                QF::stop()
                0x080041b4                QF::run()
                0x08004224                QActive::start(unsigned char, QEvent const**, unsigned int, void*, unsigned int, QEvent const*)
                0x0800427c                QActive::stop()
 .text          0x08004284      0x178 D:\software\qpcpp/ports/arm-cortex/vanilla/gnu/spy\libqf_cortex-m3_dk.a(qa_get_.o)
                0x08004284                QActive::get_()
                0x080043c0                QF::getQueueMargin(unsigned char)
 .text          0x080043fc       0x58 D:\software\qpcpp/ports/arm-cortex/vanilla/gnu/spy\libqf_cortex-m3_dk.a(qeq_init.o)
                0x080043fc                QEQueue::init(QEvent const**, unsigned char)
 .text          0x08004454       0xc8 D:\software\qpcpp/ports/arm-cortex/vanilla/gnu/spy\libqf_cortex-m3_dk.a(qf_gc.o)
                0x08004454                QF::gc(QEvent const*)
 .text          0x0800451c       0x80 D:\software\qpcpp/ports/arm-cortex/vanilla/gnu/spy\libqf_cortex-m3_dk.a(qmp_put.o)
                0x0800451c                QMPool::put(void*)
 .text          0x0800459c      0x19c D:\software\qpcpp/ports/arm-cortex/vanilla/gnu/spy\libqep_cortex-m3_dk.a(qhsm_ini.o)
                0x0800459c                QHsm::~QHsm()
                0x0800459c                QHsm::~QHsm()
                0x080045a8                QHsm::~QHsm()
                0x080045bc                QHsm::init(QEvent const*)
 .text          0x08004738      0x5e0 D:\software\qpcpp/ports/arm-cortex/vanilla/gnu/spy\libqep_cortex-m3_dk.a(qhsm_dis.o)
                0x08004738                QHsm::dispatch(QEvent const*)
 .text          0x08004d18        0x8 D:\software\qpcpp/ports/arm-cortex/vanilla/gnu/spy\libqep_cortex-m3_dk.a(qhsm_top.o)
                0x08004d18                QHsm::top(QHsm*, QEvent const*)
 .text          0x08004d20      0xc00 D:\software\qpcpp/ports/arm-cortex/vanilla/gnu/spy\libqs_cortex-m3_dk.a(qs.o)
                0x08004d20                QS::getVersion()
                0x08004d2c                QS::initBuf(unsigned char*, unsigned int)
                0x08004d3c                QS::filterOn(unsigned char)
                0x08004d80                QS::filterOff(unsigned char)
                0x08004dc4                QS::begin(unsigned char)
                0x08004f74                QS::end()
                0x080050a0                QS::u8(unsigned char, unsigned char)
                0x0800524c                QS::u16(unsigned char, unsigned short)
                0x080054d8                QS::u32(unsigned char, unsigned int)
 .text          0x08005920      0x8ec D:\software\qpcpp/ports/arm-cortex/vanilla/gnu/spy\libqs_cortex-m3_dk.a(qs_.o)
                0x08005920                QS::u8_(unsigned char)
                0x08005a24                QS::u16_(unsigned short)
                0x08005c40                QS::u32_(unsigned int)
                0x08006080                QS::str_(char const*)
                0x0800614c                QS::str_ROM_(char const*)
 .text          0x0800620c       0x5c D:\software\qpcpp/ports/arm-cortex/vanilla/gnu/spy\libqs_cortex-m3_dk.a(qs_byte.o)
                0x0800620c                QS::getByte()
 .text          0x08006268      0x248 D:\software\qpcpp/ports/arm-cortex/vanilla/gnu/spy\libqs_cortex-m3_dk.a(qs_str.o)
                0x08006268                QS::str(char const*)
                0x0800638c                QS::str_ROM(char const*)
 .text          0x080064b0       0x74 c:/tools/devkitpro/devkitarm/bin/../lib/gcc/arm-eabi/4.5.1/../../../../arm-eabi/lib/thumb/thumb2\libc.a(lib_a-init.o)
                0x080064b0                __libc_init_array
                0x080064f8                __libc_fini_array
 *(.text*)
 .text._ZN7QActiveD2Ev
                0x08006524       0x14 spy/table.o
                0x08006524                QActive::~QActive()
                0x08006524                QActive::~QActive()
 .text._ZN5TableD2Ev
                0x08006538       0x14 spy/table.o
                0x08006538                Table::~Table()
                0x08006538                Table::~Table()
 .text._ZN7QActiveD0Ev
                0x0800654c       0x1c spy/table.o
                0x0800654c                QActive::~QActive()
 .text._ZN5TableD0Ev
                0x08006568       0x1c spy/table.o
                0x08006568                Table::~Table()
 .text._ZN5PhiloD2Ev
                0x08006584       0x14 spy/philo.o
                0x08006584                Philo::~Philo()
                0x08006584                Philo::~Philo()
 .text._ZN5PhiloD0Ev
                0x08006598       0x1c spy/philo.o
                0x08006598                Philo::~Philo()
 .text.__aeabi_atexit
                0x080065b4       0x10 c:/tools/devkitpro/devkitarm/bin/../lib/gcc/arm-eabi/4.5.1/../../../../arm-eabi/lib/thumb/thumb2\libstdc++.a(atexit_arm.o)
                0x080065b4                __aeabi_atexit
 *(.rodata)
 .rodata        0x080065c4       0x14 spy/system_stm32f10x.o
                0x080065c4                SystemFrequency
                0x080065c8                SystemFrequency_SysClk
                0x080065cc                SystemFrequency_AHBClk
                0x080065d0                SystemFrequency_APB1Clk
                0x080065d4                SystemFrequency_APB2Clk
 .rodata        0x080065d8       0x5c spy/stm32_eval.o
                0x080065d8                GPIO_CLK
                0x080065e8                GPIO_PIN
                0x080065f0                BUTTON_CLK
                0x080065fc                BUTTON_PIN
                0x08006604                BUTTON_PORT_SOURCE
                0x0800660c                BUTTON_PIN_SOURCE
                0x08006614                BUTTON_EXTI_LINE
                0x0800661c                BUTTON_IRQn
                0x08006624                COM_POR_CLK
                0x08006628                COM_USART_CLK
                0x0800662c                COM_TX_PIN
                0x08006630                COM_RX_PIN
 .rodata        0x08006634     0x11d0 spy/stm3210c_eval_lcd.o
                0x08006634                ASCII_Table
 .rodata        0x08007804       0x84 spy/main.o
 .rodata        0x08007888       0x78 spy/table.o
                0x080078fc                AO_Table
 .rodata        0x08007900      0x130 spy/philo.o
                0x08007a1c                AO_Philo
 .rodata        0x08007a30       0x1c spy/bsp.o
 .rodata        0x08007a4c        0xc spy/no_heap.o
 .rodata        0x08007a58        0x8 D:\software\qpcpp/ports/arm-cortex/vanilla/gnu/spy\libqf_cortex-m3_dk.a(qa_fifo.o)
 .rodata        0x08007a60        0x8 D:\software\qpcpp/ports/arm-cortex/vanilla/gnu/spy\libqf_cortex-m3_dk.a(qa_sub.o)
 .rodata        0x08007a68       0x10 D:\software\qpcpp/ports/arm-cortex/vanilla/gnu/spy\libqf_cortex-m3_dk.a(qf_act.o)
 .rodata        0x08007a78        0x8 D:\software\qpcpp/ports/arm-cortex/vanilla/gnu/spy\libqf_cortex-m3_dk.a(qf_new.o)
 .rodata        0x08007a80        0x8 D:\software\qpcpp/ports/arm-cortex/vanilla/gnu/spy\libqf_cortex-m3_dk.a(qf_pool.o)
 .rodata        0x08007a88        0xc D:\software\qpcpp/ports/arm-cortex/vanilla/gnu/spy\libqf_cortex-m3_dk.a(qf_pspub.o)
 .rodata        0x08007a94       0xcc D:\software\qpcpp/ports/arm-cortex/vanilla/gnu/spy\libqf_cortex-m3_dk.a(qf_pwr2.o)
                0x08007a94                QF_pwr2Lkup
                0x08007ad8                QF_invPwr2Lkup
                0x08007b1c                QF_div8Lkup
 .rodata        0x08007b60        0x8 D:\software\qpcpp/ports/arm-cortex/vanilla/gnu/spy\libqf_cortex-m3_dk.a(qmp_get.o)
 .rodata        0x08007b68        0xc D:\software\qpcpp/ports/arm-cortex/vanilla/gnu/spy\libqf_cortex-m3_dk.a(qmp_init.o)
 .rodata        0x08007b74        0xc D:\software\qpcpp/ports/arm-cortex/vanilla/gnu/spy\libqf_cortex-m3_dk.a(qte_ctor.o)
 .rodata        0x08007b80        0x8 D:\software\qpcpp/ports/arm-cortex/vanilla/gnu/spy\libqf_cortex-m3_dk.a(qte_arm.o)
 .rodata        0x08007b88       0x14 D:\software\qpcpp/ports/arm-cortex/vanilla/gnu/spy\libqf_cortex-m3_dk.a(qvanilla.o)
 .rodata        0x08007b9c        0x8 D:\software\qpcpp/ports/arm-cortex/vanilla/gnu/spy\libqf_cortex-m3_dk.a(qa_get_.o)
 .rodata        0x08007ba4        0x8 D:\software\qpcpp/ports/arm-cortex/vanilla/gnu/spy\libqf_cortex-m3_dk.a(qf_gc.o)
 .rodata        0x08007bac      0x100 D:\software\qpcpp/ports/arm-cortex/vanilla/gnu/spy\libqf_cortex-m3_dk.a(qf_log2.o)
                0x08007bac                QF_log2Lkup
 .rodata        0x08007cac        0x8 D:\software\qpcpp/ports/arm-cortex/vanilla/gnu/spy\libqf_cortex-m3_dk.a(qmp_put.o)
 *fill*         0x08007cb4        0x4 00
 .rodata        0x08007cb8       0x20 D:\software\qpcpp/ports/arm-cortex/vanilla/gnu/spy\libqep_cortex-m3_dk.a(qhsm_ini.o)
                0x08007cb8                vtable for QHsm
 .rodata        0x08007cd8        0xc D:\software\qpcpp/ports/arm-cortex/vanilla/gnu/spy\libqep_cortex-m3_dk.a(qhsm_dis.o)
 .rodata        0x08007ce4       0x18 D:\software\qpcpp/ports/arm-cortex/vanilla/gnu/spy\libqep_cortex-m3_dk.a(qep.o)
                0x08007cec                QEP_reservedEvt_
 .rodata        0x08007cfc        0x8 D:\software\qpcpp/ports/arm-cortex/vanilla/gnu/spy\libqs_cortex-m3_dk.a(qs.o)
 *(.rodata*)
 .rodata.str1.4
                0x08007d04       0x15 spy/startup_stm32f10x_cl.o
                                 0x18 (size before relaxing)
 *fill*         0x08007d19        0x3 00
 .rodata.str1.4
                0x08007d1c       0x15 spy/stm3210c_eval_lcd.o
                                 0x18 (size before relaxing)
 *fill*         0x08007d31        0x7 00
 .rodata._ZTV5Table
                0x08007d38       0x10 spy/table.o
                0x08007d38                vtable for Table
 .rodata._ZTV7QActive
                0x08007d48       0x10 spy/table.o
                0x08007d48                vtable for QActive
 .rodata.str1.4
                0x08007d58       0x21 spy/table.o
                                 0x24 (size before relaxing)
 *fill*         0x08007d79        0x7 00
 .rodata._ZTV5Philo
                0x08007d80       0x10 spy/philo.o
                0x08007d80                vtable for Philo
 .rodata.str1.4
                0x08007d90       0x7c spy/bsp.o
 *(.init)
 .init          0x08007e0c        0x4 c:/tools/devkitpro/devkitarm/bin/../lib/gcc/arm-eabi/4.5.1/thumb/thumb2/crti.o
                0x08007e0c                _init
 .init          0x08007e10        0x8 c:/tools/devkitpro/devkitarm/bin/../lib/gcc/arm-eabi/4.5.1/thumb/thumb2/crtn.o
 *(.fini)
 .fini          0x08007e18        0x4 c:/tools/devkitpro/devkitarm/bin/../lib/gcc/arm-eabi/4.5.1/thumb/thumb2/crti.o
                0x08007e18                _fini
 .fini          0x08007e1c        0x8 c:/tools/devkitpro/devkitarm/bin/../lib/gcc/arm-eabi/4.5.1/thumb/thumb2/crtn.o
                0x08007e24                . = ALIGN (0x4)
                0x08007e24                _etext = .

.glue_7         0x08007e24        0x0
 .glue_7        0x00000000        0x0 linker stubs

.glue_7t        0x08007e24        0x0
 .glue_7t       0x00000000        0x0 linker stubs

.vfp11_veneer   0x08007e24        0x0
 .vfp11_veneer  0x00000000        0x0 linker stubs

.v4_bx          0x08007e24        0x0
 .v4_bx         0x00000000        0x0 linker stubs

.preinit_array  0x08007e24        0x0
                0x08007e24                PROVIDE (__preinit_array_start, .)
 *(.preinit_array*)
                0x08007e24                PROVIDE (__preinit_array_end, .)

.init_array     0x08007e24        0xc
                0x08007e24                PROVIDE (__init_array_start, .)
 *(SORT(.init_array.*))
 *(.init_array*)
 .init_array    0x08007e24        0x4 c:/tools/devkitpro/devkitarm/bin/../lib/gcc/arm-eabi/4.5.1/thumb/thumb2/crtbegin.o
 .init_array    0x08007e28        0x4 spy/table.o
 .init_array    0x08007e2c        0x4 spy/philo.o
                0x08007e30                PROVIDE (__init_array_end, .)

.fini_array     0x08007e30        0x4
                0x08007e30                PROVIDE (__fini_array_start, .)
 *(.fini_array*)
 .fini_array    0x08007e30        0x4 c:/tools/devkitpro/devkitarm/bin/../lib/gcc/arm-eabi/4.5.1/thumb/thumb2/crtbegin.o
 *(SORT(.fini_array.*))
                0x08007e34                PROVIDE (__fini_array_end, .)

.data           0x20000000       0x40 load address 0x08007e34
                0x08007e34                __data_load = LOADADDR (.data)
                0x20000000                __data_start = .
 *(.data)
 .data          0x20000000        0x4 c:/tools/devkitpro/devkitarm/bin/../lib/gcc/arm-eabi/4.5.1/thumb/thumb2/crtbegin.o
                0x20000000                __dso_handle
 .data          0x20000004       0x24 spy/stm32_eval.o
                0x20000004                GPIO_PORT
                0x20000014                BUTTON_PORT
                0x20000020                COM_PORT
                0x20000024                COM_USART
 .data          0x20000028        0x2 spy/stm3210c_eval_lcd.o
 *fill*         0x2000002a        0x2 00
 .data          0x2000002c       0x14 spy/stm32f10x_rcc.o
 *(.data*)
                0x20000040                . = ALIGN (0x4)
                0x20000040                __data_end__ = .
                0x20000040                _edata = __data_end__

.jcr            0x20000040        0x0
 .jcr           0x20000040        0x0 c:/tools/devkitpro/devkitarm/bin/../lib/gcc/arm-eabi/4.5.1/thumb/thumb2/crtbegin.o

.bss            0x20000040      0xc30 load address 0x08007e74
                0x20000040                __bss_start__ = .
 *(.bss)
 .bss           0x20000040       0x1c c:/tools/devkitpro/devkitarm/bin/../lib/gcc/arm-eabi/4.5.1/thumb/thumb2/crtbegin.o
 .bss           0x2000005c        0x2 spy/stm3210c_eval_lcd.o
 *fill*         0x2000005e        0x2 00
 .bss           0x20000060      0x100 spy/main.o
 .bss           0x20000160       0x24 spy/table.o
 .bss           0x20000184       0xf4 spy/philo.o
 .bss           0x20000278      0x80c spy/bsp.o
                0x20000278                QS_tickTime_
                0x2000027c                QS_tickPeriod_
 .bss           0x20000a84      0x104 D:\software\qpcpp/ports/arm-cortex/vanilla/gnu/spy\libqf_cortex-m3_dk.a(qf_act.o)
                0x20000a84                QF::active_
                0x20000b84                QF_intLockNest_
 .bss           0x20000b88       0x7c D:\software\qpcpp/ports/arm-cortex/vanilla/gnu/spy\libqf_cortex-m3_dk.a(qf_pool.o)
                0x20000b88                QF_maxPool_
                0x20000b8c                QF_pool_
 .bss           0x20000c04        0x8 D:\software\qpcpp/ports/arm-cortex/vanilla/gnu/spy\libqf_cortex-m3_dk.a(qf_psini.o)
                0x20000c04                QF_subscrList_
                0x20000c08                QF_maxSignal_
 .bss           0x20000c0c        0x1 D:\software\qpcpp/ports/arm-cortex/vanilla/gnu/spy\libqf_cortex-m3_dk.a(qf_tick.o)
 *fill*         0x20000c0d        0x3 00
 .bss           0x20000c10        0x4 D:\software\qpcpp/ports/arm-cortex/vanilla/gnu/spy\libqf_cortex-m3_dk.a(qte_arm.o)
                0x20000c10                QF_timeEvtListHead_
 .bss           0x20000c14        0xc D:\software\qpcpp/ports/arm-cortex/vanilla/gnu/spy\libqf_cortex-m3_dk.a(qvanilla.o)
                0x20000c14                QF_readySet_
                0x20000c1d                QF_currPrio_
                0x20000c1e                QF_intNest_
 .bss           0x20000c20       0x34 D:\software\qpcpp/ports/arm-cortex/vanilla/gnu/spy\libqs_cortex-m3_dk.a(qs.o)
                0x20000c20                QS_ring_
                0x20000c24                QS_end_
                0x20000c28                QS::glbFilter_
                0x20000c48                QS_seq_
                0x20000c49                QS_chksum_
                0x20000c4a                QS_head_
                0x20000c4c                QS_used_
                0x20000c4e                QS_tail_
                0x20000c50                QS_full_
 .bss           0x20000c54       0x1c D:\software\qpcpp/ports/arm-cortex/vanilla/gnu/spy\libqs_cortex-m3_dk.a(qs_.o)
                0x20000c54                QS::smObj_
                0x20000c58                QS::aoObj_
                0x20000c5c                QS::mpObj_
                0x20000c60                QS::eqObj_
                0x20000c64                QS::teObj_
                0x20000c68                QS::apObj_
                0x20000c6c                QS::tickCtr_
 *(.bss*)
 *(COMMON)
                0x20000c70                . = ALIGN (0x4)
                0x20000c70                _ebss = .
                0x20000c70                __bss_end__ = .
                0x20000c70                PROVIDE (end, _ebss)
                0x20000c70                PROVIDE (_end, _ebss)
                0x20000c70                PROVIDE (__end__, _ebss)

.heap           0x20000c70        0x0 load address 0x08007e74
                0x20000c70                __heap_start__ = .
                0x20000c70                . = (. + HEAP_SIZE)
                0x20000c70                . = ALIGN (0x4)
                0x20000c70                __heap_end__ = .

.stack          0x20000c70      0x400 load address 0x08007e74
                0x20000c70                __stack_start__ = .
                0x20001070                . = (. + STACK_SIZE)
 *fill*         0x20000c70      0x400 00
                0x20001070                . = ALIGN (0x4)
                0x20001070                __c_stack_top__ = .
                0x20001070                __stack_end__ = .

/DISCARD/
 libc.a(*)
 libm.a(*)
 libgcc.a(*)
OUTPUT(spy/dpp.elf elf32-littlearm)

.ARM.attributes
                0x00000000       0x25
 .ARM.attributes
                0x00000000       0x17 c:/tools/devkitpro/devkitarm/bin/../lib/gcc/arm-eabi/4.5.1/thumb/thumb2/crti.o
 .ARM.attributes
                0x00000017       0x27 c:/tools/devkitpro/devkitarm/bin/../lib/gcc/arm-eabi/4.5.1/thumb/thumb2/crtbegin.o
 .ARM.attributes
                0x0000003e       0x17 c:/tools/devkitpro/devkitarm/bin/../lib/gcc/arm-eabi/4.5.1/../../../../arm-eabi/lib/thumb/thumb2/crt0.o
 .ARM.attributes
                0x00000055       0x31 spy/startup_stm32f10x_cl.o
 .ARM.attributes
                0x00000086       0x31 spy/core_cm3.o
 .ARM.attributes
                0x000000b7       0x31 spy/system_stm32f10x.o
 .ARM.attributes
                0x000000e8       0x31 spy/stm32_eval.o
 .ARM.attributes
                0x00000119       0x31 spy/stm3210c_eval_lcd.o
 .ARM.attributes
                0x0000014a       0x31 spy/stm3210c_eval_ioe.o
 .ARM.attributes
                0x0000017b       0x31 spy/misc.o
 .ARM.attributes
                0x000001ac       0x31 spy/stm32f10x_adc.o
 .ARM.attributes
                0x000001dd       0x31 spy/stm32f10x_bkp.o
 .ARM.attributes
                0x0000020e       0x31 spy/stm32f10x_can.o
 .ARM.attributes
                0x0000023f       0x31 spy/stm32f10x_crc.o
 .ARM.attributes
                0x00000270       0x31 spy/stm32f10x_dac.o
 .ARM.attributes
                0x000002a1       0x31 spy/stm32f10x_dbgmcu.o
 .ARM.attributes
                0x000002d2       0x31 spy/stm32f10x_dma.o
 .ARM.attributes
                0x00000303       0x31 spy/stm32f10x_exti.o
 .ARM.attributes
                0x00000334       0x31 spy/stm32f10x_flash.o
 .ARM.attributes
                0x00000365       0x31 spy/stm32f10x_fsmc.o
 .ARM.attributes
                0x00000396       0x31 spy/stm32f10x_gpio.o
 .ARM.attributes
                0x000003c7       0x31 spy/stm32f10x_i2c.o
 .ARM.attributes
                0x000003f8       0x31 spy/stm32f10x_iwdg.o
 .ARM.attributes
                0x00000429       0x31 spy/stm32f10x_pwr.o
 .ARM.attributes
                0x0000045a       0x31 spy/stm32f10x_rcc.o
 .ARM.attributes
                0x0000048b       0x31 spy/stm32f10x_rtc.o
 .ARM.attributes
                0x000004bc       0x31 spy/stm32f10x_sdio.o
 .ARM.attributes
                0x000004ed       0x31 spy/stm32f10x_spi.o
 .ARM.attributes
                0x0000051e       0x31 spy/stm32f10x_tim.o
 .ARM.attributes
                0x0000054f       0x31 spy/stm32f10x_usart.o
 .ARM.attributes
                0x00000580       0x31 spy/stm32f10x_wwdg.o
 .ARM.attributes
                0x000005b1       0x31 spy/main.o
 .ARM.attributes
                0x000005e2       0x31 spy/table.o
 .ARM.attributes
                0x00000613       0x31 spy/philo.o
 .ARM.attributes
                0x00000644       0x31 spy/bsp.o
 .ARM.attributes
                0x00000675       0x31 spy/no_heap.o
 .ARM.attributes
                0x000006a6       0x31 spy/mini_cpp.o
 .ARM.attributes
                0x000006d7       0x31 D:\software\qpcpp/ports/arm-cortex/vanilla/gnu/spy\libqf_cortex-m3_dk.a(qa_fifo.o)
 .ARM.attributes
                0x00000708       0x31 D:\software\qpcpp/ports/arm-cortex/vanilla/gnu/spy\libqf_cortex-m3_dk.a(qa_sub.o)
 .ARM.attributes
                0x00000739       0x31 D:\software\qpcpp/ports/arm-cortex/vanilla/gnu/spy\libqf_cortex-m3_dk.a(qf_act.o)
 .ARM.attributes
                0x0000076a       0x31 D:\software\qpcpp/ports/arm-cortex/vanilla/gnu/spy\libqf_cortex-m3_dk.a(qf_new.o)
 .ARM.attributes
                0x0000079b       0x31 D:\software\qpcpp/ports/arm-cortex/vanilla/gnu/spy\libqf_cortex-m3_dk.a(qf_pool.o)
 .ARM.attributes
                0x000007cc       0x31 D:\software\qpcpp/ports/arm-cortex/vanilla/gnu/spy\libqf_cortex-m3_dk.a(qf_psini.o)
 .ARM.attributes
                0x000007fd       0x31 D:\software\qpcpp/ports/arm-cortex/vanilla/gnu/spy\libqf_cortex-m3_dk.a(qf_pspub.o)
 .ARM.attributes
                0x0000082e       0x31 D:\software\qpcpp/ports/arm-cortex/vanilla/gnu/spy\libqf_cortex-m3_dk.a(qf_pwr2.o)
 .ARM.attributes
                0x0000085f       0x31 D:\software\qpcpp/ports/arm-cortex/vanilla/gnu/spy\libqf_cortex-m3_dk.a(qf_tick.o)
 .ARM.attributes
                0x00000890       0x31 D:\software\qpcpp/ports/arm-cortex/vanilla/gnu/spy\libqf_cortex-m3_dk.a(qmp_get.o)
 .ARM.attributes
                0x000008c1       0x31 D:\software\qpcpp/ports/arm-cortex/vanilla/gnu/spy\libqf_cortex-m3_dk.a(qmp_init.o)
 .ARM.attributes
                0x000008f2       0x31 D:\software\qpcpp/ports/arm-cortex/vanilla/gnu/spy\libqf_cortex-m3_dk.a(qte_ctor.o)
 .ARM.attributes
                0x00000923       0x31 D:\software\qpcpp/ports/arm-cortex/vanilla/gnu/spy\libqf_cortex-m3_dk.a(qte_arm.o)
 .ARM.attributes
                0x00000954       0x31 D:\software\qpcpp/ports/arm-cortex/vanilla/gnu/spy\libqf_cortex-m3_dk.a(qvanilla.o)
 .ARM.attributes
                0x00000985       0x31 D:\software\qpcpp/ports/arm-cortex/vanilla/gnu/spy\libqf_cortex-m3_dk.a(qa_get_.o)
 .ARM.attributes
                0x000009b6       0x31 D:\software\qpcpp/ports/arm-cortex/vanilla/gnu/spy\libqf_cortex-m3_dk.a(qeq_init.o)
 .ARM.attributes
                0x000009e7       0x31 D:\software\qpcpp/ports/arm-cortex/vanilla/gnu/spy\libqf_cortex-m3_dk.a(qf_gc.o)
 .ARM.attributes
                0x00000a18       0x31 D:\software\qpcpp/ports/arm-cortex/vanilla/gnu/spy\libqf_cortex-m3_dk.a(qf_log2.o)
 .ARM.attributes
                0x00000a49       0x31 D:\software\qpcpp/ports/arm-cortex/vanilla/gnu/spy\libqf_cortex-m3_dk.a(qmp_put.o)
 .ARM.attributes
                0x00000a7a       0x31 D:\software\qpcpp/ports/arm-cortex/vanilla/gnu/spy\libqep_cortex-m3_dk.a(qhsm_ini.o)
 .ARM.attributes
                0x00000aab       0x31 D:\software\qpcpp/ports/arm-cortex/vanilla/gnu/spy\libqep_cortex-m3_dk.a(qhsm_dis.o)
 .ARM.attributes
                0x00000adc       0x31 D:\software\qpcpp/ports/arm-cortex/vanilla/gnu/spy\libqep_cortex-m3_dk.a(qhsm_top.o)
 .ARM.attributes
                0x00000b0d       0x31 D:\software\qpcpp/ports/arm-cortex/vanilla/gnu/spy\libqep_cortex-m3_dk.a(qep.o)
 .ARM.attributes
                0x00000b3e       0x31 D:\software\qpcpp/ports/arm-cortex/vanilla/gnu/spy\libqs_cortex-m3_dk.a(qs.o)
 .ARM.attributes
                0x00000b6f       0x31 D:\software\qpcpp/ports/arm-cortex/vanilla/gnu/spy\libqs_cortex-m3_dk.a(qs_.o)
 .ARM.attributes
                0x00000ba0       0x31 D:\software\qpcpp/ports/arm-cortex/vanilla/gnu/spy\libqs_cortex-m3_dk.a(qs_byte.o)
 .ARM.attributes
                0x00000bd1       0x31 D:\software\qpcpp/ports/arm-cortex/vanilla/gnu/spy\libqs_cortex-m3_dk.a(qs_str.o)
 .ARM.attributes
                0x00000c02       0x27 c:/tools/devkitpro/devkitarm/bin/../lib/gcc/arm-eabi/4.5.1/../../../../arm-eabi/lib/thumb/thumb2\libstdc++.a(atexit_arm.o)
 .ARM.attributes
                0x00000c29       0x27 c:/tools/devkitpro/devkitarm/bin/../lib/gcc/arm-eabi/4.5.1/../../../../arm-eabi/lib/thumb/thumb2\libc.a(lib_a-atexit.o)
 .ARM.attributes
                0x00000c50       0x27 c:/tools/devkitpro/devkitarm/bin/../lib/gcc/arm-eabi/4.5.1/../../../../arm-eabi/lib/thumb/thumb2\libc.a(lib_a-exit.o)
 .ARM.attributes
                0x00000c77       0x27 c:/tools/devkitpro/devkitarm/bin/../lib/gcc/arm-eabi/4.5.1/../../../../arm-eabi/lib/thumb/thumb2\libc.a(lib_a-impure.o)
 .ARM.attributes
                0x00000c9e       0x27 c:/tools/devkitpro/devkitarm/bin/../lib/gcc/arm-eabi/4.5.1/../../../../arm-eabi/lib/thumb/thumb2\libc.a(lib_a-init.o)
 .ARM.attributes
                0x00000cc5       0x27 c:/tools/devkitpro/devkitarm/bin/../lib/gcc/arm-eabi/4.5.1/../../../../arm-eabi/lib/thumb/thumb2\libc.a(lib_a-memset.o)
 .ARM.attributes
                0x00000cec       0x27 c:/tools/devkitpro/devkitarm/bin/../lib/gcc/arm-eabi/4.5.1/../../../../arm-eabi/lib/thumb/thumb2\libc.a(lib_a-__atexit.o)
 .ARM.attributes
                0x00000d13       0x27 c:/tools/devkitpro/devkitarm/bin/../lib/gcc/arm-eabi/4.5.1/../../../../arm-eabi/lib/thumb/thumb2\libc.a(lib_a-__call_atexit.o)
 .ARM.attributes
                0x00000d3a       0x27 c:/tools/devkitpro/devkitarm/bin/../lib/gcc/arm-eabi/4.5.1/../../../../arm-eabi/lib/thumb/thumb2\libsysbase.a(_exit.o)
 .ARM.attributes
                0x00000d61       0x27 c:/tools/devkitpro/devkitarm/bin/../lib/gcc/arm-eabi/4.5.1/../../../../arm-eabi/lib/thumb/thumb2\libsysbase.a(syscall_support.o)
 .ARM.attributes
                0x00000d88       0x27 c:/tools/devkitpro/devkitarm/bin/../lib/gcc/arm-eabi/4.5.1/thumb/thumb2/crtend.o
 .ARM.attributes
                0x00000daf       0x17 c:/tools/devkitpro/devkitarm/bin/../lib/gcc/arm-eabi/4.5.1/thumb/thumb2/crtn.o

.comment        0x00000000       0x22
 .comment       0x00000000       0x22 c:/tools/devkitpro/devkitarm/bin/../lib/gcc/arm-eabi/4.5.1/thumb/thumb2/crtbegin.o
                                 0x23 (size before relaxing)
 .comment       0x00000000       0x23 spy/startup_stm32f10x_cl.o
 .comment       0x00000000       0x23 spy/core_cm3.o
 .comment       0x00000000       0x23 spy/system_stm32f10x.o
 .comment       0x00000000       0x23 spy/stm32_eval.o
 .comment       0x00000000       0x23 spy/stm3210c_eval_lcd.o
 .comment       0x00000000       0x23 spy/stm3210c_eval_ioe.o
 .comment       0x00000000       0x23 spy/misc.o
 .comment       0x00000000       0x23 spy/stm32f10x_adc.o
 .comment       0x00000000       0x23 spy/stm32f10x_bkp.o
 .comment       0x00000000       0x23 spy/stm32f10x_can.o
 .comment       0x00000000       0x23 spy/stm32f10x_crc.o
 .comment       0x00000000       0x23 spy/stm32f10x_dac.o
 .comment       0x00000000       0x23 spy/stm32f10x_dbgmcu.o
 .comment       0x00000000       0x23 spy/stm32f10x_dma.o
 .comment       0x00000000       0x23 spy/stm32f10x_exti.o
 .comment       0x00000000       0x23 spy/stm32f10x_flash.o
 .comment       0x00000000       0x23 spy/stm32f10x_fsmc.o
 .comment       0x00000000       0x23 spy/stm32f10x_gpio.o
 .comment       0x00000000       0x23 spy/stm32f10x_i2c.o
 .comment       0x00000000       0x23 spy/stm32f10x_iwdg.o
 .comment       0x00000000       0x23 spy/stm32f10x_pwr.o
 .comment       0x00000000       0x23 spy/stm32f10x_rcc.o
 .comment       0x00000000       0x23 spy/stm32f10x_rtc.o
 .comment       0x00000000       0x23 spy/stm32f10x_sdio.o
 .comment       0x00000000       0x23 spy/stm32f10x_spi.o
 .comment       0x00000000       0x23 spy/stm32f10x_tim.o
 .comment       0x00000000       0x23 spy/stm32f10x_usart.o
 .comment       0x00000000       0x23 spy/stm32f10x_wwdg.o
 .comment       0x00000000       0x23 spy/main.o
 .comment       0x00000000       0x23 spy/table.o
 .comment       0x00000000       0x23 spy/philo.o
 .comment       0x00000000       0x23 spy/bsp.o
 .comment       0x00000000       0x23 spy/no_heap.o
 .comment       0x00000000       0x23 spy/mini_cpp.o
 .comment       0x00000000       0x23 D:\software\qpcpp/ports/arm-cortex/vanilla/gnu/spy\libqf_cortex-m3_dk.a(qa_fifo.o)
 .comment       0x00000000       0x23 D:\software\qpcpp/ports/arm-cortex/vanilla/gnu/spy\libqf_cortex-m3_dk.a(qa_sub.o)
 .comment       0x00000000       0x23 D:\software\qpcpp/ports/arm-cortex/vanilla/gnu/spy\libqf_cortex-m3_dk.a(qf_act.o)
 .comment       0x00000000       0x23 D:\software\qpcpp/ports/arm-cortex/vanilla/gnu/spy\libqf_cortex-m3_dk.a(qf_new.o)
 .comment       0x00000000       0x23 D:\software\qpcpp/ports/arm-cortex/vanilla/gnu/spy\libqf_cortex-m3_dk.a(qf_pool.o)
 .comment       0x00000000       0x23 D:\software\qpcpp/ports/arm-cortex/vanilla/gnu/spy\libqf_cortex-m3_dk.a(qf_psini.o)
 .comment       0x00000000       0x23 D:\software\qpcpp/ports/arm-cortex/vanilla/gnu/spy\libqf_cortex-m3_dk.a(qf_pspub.o)
 .comment       0x00000000       0x23 D:\software\qpcpp/ports/arm-cortex/vanilla/gnu/spy\libqf_cortex-m3_dk.a(qf_pwr2.o)
 .comment       0x00000000       0x23 D:\software\qpcpp/ports/arm-cortex/vanilla/gnu/spy\libqf_cortex-m3_dk.a(qf_tick.o)
 .comment       0x00000000       0x23 D:\software\qpcpp/ports/arm-cortex/vanilla/gnu/spy\libqf_cortex-m3_dk.a(qmp_get.o)
 .comment       0x00000000       0x23 D:\software\qpcpp/ports/arm-cortex/vanilla/gnu/spy\libqf_cortex-m3_dk.a(qmp_init.o)
 .comment       0x00000000       0x23 D:\software\qpcpp/ports/arm-cortex/vanilla/gnu/spy\libqf_cortex-m3_dk.a(qte_ctor.o)
 .comment       0x00000000       0x23 D:\software\qpcpp/ports/arm-cortex/vanilla/gnu/spy\libqf_cortex-m3_dk.a(qte_arm.o)
 .comment       0x00000000       0x23 D:\software\qpcpp/ports/arm-cortex/vanilla/gnu/spy\libqf_cortex-m3_dk.a(qvanilla.o)
 .comment       0x00000000       0x23 D:\software\qpcpp/ports/arm-cortex/vanilla/gnu/spy\libqf_cortex-m3_dk.a(qa_get_.o)
 .comment       0x00000000       0x23 D:\software\qpcpp/ports/arm-cortex/vanilla/gnu/spy\libqf_cortex-m3_dk.a(qeq_init.o)
 .comment       0x00000000       0x23 D:\software\qpcpp/ports/arm-cortex/vanilla/gnu/spy\libqf_cortex-m3_dk.a(qf_gc.o)
 .comment       0x00000000       0x23 D:\software\qpcpp/ports/arm-cortex/vanilla/gnu/spy\libqf_cortex-m3_dk.a(qf_log2.o)
 .comment       0x00000000       0x23 D:\software\qpcpp/ports/arm-cortex/vanilla/gnu/spy\libqf_cortex-m3_dk.a(qmp_put.o)
 .comment       0x00000000       0x23 D:\software\qpcpp/ports/arm-cortex/vanilla/gnu/spy\libqep_cortex-m3_dk.a(qhsm_ini.o)
 .comment       0x00000000       0x23 D:\software\qpcpp/ports/arm-cortex/vanilla/gnu/spy\libqep_cortex-m3_dk.a(qhsm_dis.o)
 .comment       0x00000000       0x23 D:\software\qpcpp/ports/arm-cortex/vanilla/gnu/spy\libqep_cortex-m3_dk.a(qhsm_top.o)
 .comment       0x00000000       0x23 D:\software\qpcpp/ports/arm-cortex/vanilla/gnu/spy\libqep_cortex-m3_dk.a(qep.o)
 .comment       0x00000000       0x23 D:\software\qpcpp/ports/arm-cortex/vanilla/gnu/spy\libqs_cortex-m3_dk.a(qs.o)
 .comment       0x00000000       0x23 D:\software\qpcpp/ports/arm-cortex/vanilla/gnu/spy\libqs_cortex-m3_dk.a(qs_.o)
 .comment       0x00000000       0x23 D:\software\qpcpp/ports/arm-cortex/vanilla/gnu/spy\libqs_cortex-m3_dk.a(qs_byte.o)
 .comment       0x00000000       0x23 D:\software\qpcpp/ports/arm-cortex/vanilla/gnu/spy\libqs_cortex-m3_dk.a(qs_str.o)
 .comment       0x00000000       0x23 c:/tools/devkitpro/devkitarm/bin/../lib/gcc/arm-eabi/4.5.1/../../../../arm-eabi/lib/thumb/thumb2\libstdc++.a(atexit_arm.o)
 .comment       0x00000000       0x23 c:/tools/devkitpro/devkitarm/bin/../lib/gcc/arm-eabi/4.5.1/../../../../arm-eabi/lib/thumb/thumb2\libc.a(lib_a-atexit.o)
 .comment       0x00000000       0x23 c:/tools/devkitpro/devkitarm/bin/../lib/gcc/arm-eabi/4.5.1/../../../../arm-eabi/lib/thumb/thumb2\libc.a(lib_a-exit.o)
 .comment       0x00000000       0x23 c:/tools/devkitpro/devkitarm/bin/../lib/gcc/arm-eabi/4.5.1/../../../../arm-eabi/lib/thumb/thumb2\libc.a(lib_a-impure.o)
 .comment       0x00000000       0x23 c:/tools/devkitpro/devkitarm/bin/../lib/gcc/arm-eabi/4.5.1/../../../../arm-eabi/lib/thumb/thumb2\libc.a(lib_a-init.o)
 .comment       0x00000000       0x23 c:/tools/devkitpro/devkitarm/bin/../lib/gcc/arm-eabi/4.5.1/../../../../arm-eabi/lib/thumb/thumb2\libc.a(lib_a-memset.o)
 .comment       0x00000000       0x23 c:/tools/devkitpro/devkitarm/bin/../lib/gcc/arm-eabi/4.5.1/../../../../arm-eabi/lib/thumb/thumb2\libc.a(lib_a-__atexit.o)
 .comment       0x00000000       0x23 c:/tools/devkitpro/devkitarm/bin/../lib/gcc/arm-eabi/4.5.1/../../../../arm-eabi/lib/thumb/thumb2\libc.a(lib_a-__call_atexit.o)
 .comment       0x00000000       0x23 c:/tools/devkitpro/devkitarm/bin/../lib/gcc/arm-eabi/4.5.1/../../../../arm-eabi/lib/thumb/thumb2\libsysbase.a(_exit.o)
 .comment       0x00000000       0x23 c:/tools/devkitpro/devkitarm/bin/../lib/gcc/arm-eabi/4.5.1/../../../../arm-eabi/lib/thumb/thumb2\libsysbase.a(syscall_support.o)
 .comment       0x00000000       0x23 c:/tools/devkitpro/devkitarm/bin/../lib/gcc/arm-eabi/4.5.1/thumb/thumb2/crtend.o

.debug_abbrev   0x00000000     0x6ccf
 .debug_abbrev  0x00000000      0x10f spy/startup_stm32f10x_cl.o
 .debug_abbrev  0x0000010f       0xb4 spy/core_cm3.o
 .debug_abbrev  0x000001c3      0x123 spy/system_stm32f10x.o
 .debug_abbrev  0x000002e6      0x1d1 spy/stm32_eval.o
 .debug_abbrev  0x000004b7      0x23c spy/stm3210c_eval_lcd.o
 .debug_abbrev  0x000006f3      0x28d spy/stm3210c_eval_ioe.o
 .debug_abbrev  0x00000980      0x144 spy/misc.o
 .debug_abbrev  0x00000ac4      0x1e6 spy/stm32f10x_adc.o
 .debug_abbrev  0x00000caa      0x17c spy/stm32f10x_bkp.o
 .debug_abbrev  0x00000e26      0x1fa spy/stm32f10x_can.o
 .debug_abbrev  0x00001020      0x119 spy/stm32f10x_crc.o
 .debug_abbrev  0x00001139      0x1b5 spy/stm32f10x_dac.o
 .debug_abbrev  0x000012ee       0xe9 spy/stm32f10x_dbgmcu.o
 .debug_abbrev  0x000013d7      0x15d spy/stm32f10x_dma.o
 .debug_abbrev  0x00001534      0x159 spy/stm32f10x_exti.o
 .debug_abbrev  0x0000168d      0x1fe spy/stm32f10x_flash.o
 .debug_abbrev  0x0000188b      0x19b spy/stm32f10x_fsmc.o
 .debug_abbrev  0x00001a26      0x1d9 spy/stm32f10x_gpio.o
 .debug_abbrev  0x00001bff      0x194 spy/stm32f10x_i2c.o
 .debug_abbrev  0x00001d93      0x109 spy/stm32f10x_iwdg.o
 .debug_abbrev  0x00001e9c      0x15a spy/stm32f10x_pwr.o
 .debug_abbrev  0x00001ff6      0x1d0 spy/stm32f10x_rcc.o
 .debug_abbrev  0x000021c6      0x18c spy/stm32f10x_rtc.o
 .debug_abbrev  0x00002352      0x1d9 spy/stm32f10x_sdio.o
 .debug_abbrev  0x0000252b      0x1bb spy/stm32f10x_spi.o
 .debug_abbrev  0x000026e6      0x222 spy/stm32f10x_tim.o
 .debug_abbrev  0x00002908      0x192 spy/stm32f10x_usart.o
 .debug_abbrev  0x00002a9a      0x124 spy/stm32f10x_wwdg.o
 .debug_abbrev  0x00002bbe      0x29d spy/main.o
 .debug_abbrev  0x00002e5b      0x3c5 spy/table.o
 .debug_abbrev  0x00003220      0x432 spy/philo.o
 .debug_abbrev  0x00003652      0x479 spy/bsp.o
 .debug_abbrev  0x00003acb       0xac spy/no_heap.o
 .debug_abbrev  0x00003b77       0xdc spy/mini_cpp.o
 .debug_abbrev  0x00003c53      0x2b5 D:\software\qpcpp/ports/arm-cortex/vanilla/gnu/spy\libqf_cortex-m3_dk.a(qa_fifo.o)
 .debug_abbrev  0x00003f08      0x293 D:\software\qpcpp/ports/arm-cortex/vanilla/gnu/spy\libqf_cortex-m3_dk.a(qa_sub.o)
 .debug_abbrev  0x0000419b      0x2b1 D:\software\qpcpp/ports/arm-cortex/vanilla/gnu/spy\libqf_cortex-m3_dk.a(qf_act.o)
 .debug_abbrev  0x0000444c      0x1f2 D:\software\qpcpp/ports/arm-cortex/vanilla/gnu/spy\libqf_cortex-m3_dk.a(qf_new.o)
 .debug_abbrev  0x0000463e      0x182 D:\software\qpcpp/ports/arm-cortex/vanilla/gnu/spy\libqf_cortex-m3_dk.a(qf_pool.o)
 .debug_abbrev  0x000047c0       0xe5 D:\software\qpcpp/ports/arm-cortex/vanilla/gnu/spy\libqf_cortex-m3_dk.a(qf_psini.o)
 .debug_abbrev  0x000048a5      0x29c D:\software\qpcpp/ports/arm-cortex/vanilla/gnu/spy\libqf_cortex-m3_dk.a(qf_pspub.o)
 .debug_abbrev  0x00004b41       0x65 D:\software\qpcpp/ports/arm-cortex/vanilla/gnu/spy\libqf_cortex-m3_dk.a(qf_pwr2.o)
 .debug_abbrev  0x00004ba6      0x2de D:\software\qpcpp/ports/arm-cortex/vanilla/gnu/spy\libqf_cortex-m3_dk.a(qf_tick.o)
 .debug_abbrev  0x00004e84      0x1cf D:\software\qpcpp/ports/arm-cortex/vanilla/gnu/spy\libqf_cortex-m3_dk.a(qmp_get.o)
 .debug_abbrev  0x00005053      0x19d D:\software\qpcpp/ports/arm-cortex/vanilla/gnu/spy\libqf_cortex-m3_dk.a(qmp_init.o)
 .debug_abbrev  0x000051f0      0x29a D:\software\qpcpp/ports/arm-cortex/vanilla/gnu/spy\libqf_cortex-m3_dk.a(qte_ctor.o)
 .debug_abbrev  0x0000548a      0x2c2 D:\software\qpcpp/ports/arm-cortex/vanilla/gnu/spy\libqf_cortex-m3_dk.a(qte_arm.o)
 .debug_abbrev  0x0000574c      0x374 D:\software\qpcpp/ports/arm-cortex/vanilla/gnu/spy\libqf_cortex-m3_dk.a(qvanilla.o)
 .debug_abbrev  0x00005ac0      0x2e9 D:\software\qpcpp/ports/arm-cortex/vanilla/gnu/spy\libqf_cortex-m3_dk.a(qa_get_.o)
 .debug_abbrev  0x00005da9      0x14c D:\software\qpcpp/ports/arm-cortex/vanilla/gnu/spy\libqf_cortex-m3_dk.a(qeq_init.o)
 .debug_abbrev  0x00005ef5      0x1b3 D:\software\qpcpp/ports/arm-cortex/vanilla/gnu/spy\libqf_cortex-m3_dk.a(qf_gc.o)
 .debug_abbrev  0x000060a8       0x65 D:\software\qpcpp/ports/arm-cortex/vanilla/gnu/spy\libqf_cortex-m3_dk.a(qf_log2.o)
 .debug_abbrev  0x0000610d      0x176 D:\software\qpcpp/ports/arm-cortex/vanilla/gnu/spy\libqf_cortex-m3_dk.a(qmp_put.o)
 .debug_abbrev  0x00006283      0x258 D:\software\qpcpp/ports/arm-cortex/vanilla/gnu/spy\libqep_cortex-m3_dk.a(qhsm_ini.o)
 .debug_abbrev  0x000064db      0x161 D:\software\qpcpp/ports/arm-cortex/vanilla/gnu/spy\libqep_cortex-m3_dk.a(qhsm_dis.o)
 .debug_abbrev  0x0000663c       0xde D:\software\qpcpp/ports/arm-cortex/vanilla/gnu/spy\libqep_cortex-m3_dk.a(qhsm_top.o)
 .debug_abbrev  0x0000671a      0x103 D:\software\qpcpp/ports/arm-cortex/vanilla/gnu/spy\libqep_cortex-m3_dk.a(qep.o)
 .debug_abbrev  0x0000681d      0x19b D:\software\qpcpp/ports/arm-cortex/vanilla/gnu/spy\libqs_cortex-m3_dk.a(qs.o)
 .debug_abbrev  0x000069b8      0x145 D:\software\qpcpp/ports/arm-cortex/vanilla/gnu/spy\libqs_cortex-m3_dk.a(qs_.o)
 .debug_abbrev  0x00006afd       0xc9 D:\software\qpcpp/ports/arm-cortex/vanilla/gnu/spy\libqs_cortex-m3_dk.a(qs_byte.o)
 .debug_abbrev  0x00006bc6      0x109 D:\software\qpcpp/ports/arm-cortex/vanilla/gnu/spy\libqs_cortex-m3_dk.a(qs_str.o)

.debug_info     0x00000000    0x19c20
 .debug_info    0x00000000      0x1bc spy/startup_stm32f10x_cl.o
 .debug_info    0x000001bc      0x53d spy/core_cm3.o
 .debug_info    0x000006f9      0x301 spy/system_stm32f10x.o
 .debug_info    0x000009fa      0xb23 spy/stm32_eval.o
 .debug_info    0x0000151d      0xaf8 spy/stm3210c_eval_lcd.o
 .debug_info    0x00002015     0x1138 spy/stm3210c_eval_ioe.o
 .debug_info    0x0000314d      0x539 spy/misc.o
 .debug_info    0x00003686      0xbe4 spy/stm32f10x_adc.o
 .debug_info    0x0000426a      0x862 spy/stm32f10x_bkp.o
 .debug_info    0x00004acc      0xaec spy/stm32f10x_can.o
 .debug_info    0x000055b8      0x1ed spy/stm32f10x_crc.o
 .debug_info    0x000057a5      0x4c3 spy/stm32f10x_dac.o
 .debug_info    0x00005c68      0x149 spy/stm32f10x_dbgmcu.o
 .debug_info    0x00005db1      0x450 spy/stm32f10x_dma.o
 .debug_info    0x00006201      0x34e spy/stm32f10x_exti.o
 .debug_info    0x0000654f      0x772 spy/stm32f10x_flash.o
 .debug_info    0x00006cc1      0x974 spy/stm32f10x_fsmc.o
 .debug_info    0x00007635      0x6ec spy/stm32f10x_gpio.o
 .debug_info    0x00007d21      0xb2c spy/stm32f10x_i2c.o
 .debug_info    0x0000884d      0x1eb spy/stm32f10x_iwdg.o
 .debug_info    0x00008a38      0x2d3 spy/stm32f10x_pwr.o
 .debug_info    0x00008d0b      0xb10 spy/stm32f10x_rcc.o
 .debug_info    0x0000981b      0x451 spy/stm32f10x_rtc.o
 .debug_info    0x00009c6c      0x85f spy/stm32f10x_sdio.o
 .debug_info    0x0000a4cb      0xa2e spy/stm32f10x_spi.o
 .debug_info    0x0000aef9     0x1e18 spy/stm32f10x_tim.o
 .debug_info    0x0000cd11      0x9cb spy/stm32f10x_usart.o
 .debug_info    0x0000d6dc      0x227 spy/stm32f10x_wwdg.o
 .debug_info    0x0000d903      0x946 spy/main.o
 .debug_info    0x0000e249      0xd05 spy/table.o
 .debug_info    0x0000ef4e     0x10e9 spy/philo.o
 .debug_info    0x00010037     0x132b spy/bsp.o
 .debug_info    0x00011362      0x18f spy/no_heap.o
 .debug_info    0x000114f1      0x150 spy/mini_cpp.o
 .debug_info    0x00011641      0x908 D:\software\qpcpp/ports/arm-cortex/vanilla/gnu/spy\libqf_cortex-m3_dk.a(qa_fifo.o)
 .debug_info    0x00011f49      0x758 D:\software\qpcpp/ports/arm-cortex/vanilla/gnu/spy\libqf_cortex-m3_dk.a(qa_sub.o)
 .debug_info    0x000126a1      0x7a6 D:\software\qpcpp/ports/arm-cortex/vanilla/gnu/spy\libqf_cortex-m3_dk.a(qf_act.o)
 .debug_info    0x00012e47      0x526 D:\software\qpcpp/ports/arm-cortex/vanilla/gnu/spy\libqf_cortex-m3_dk.a(qf_new.o)
 .debug_info    0x0001336d      0x31b D:\software\qpcpp/ports/arm-cortex/vanilla/gnu/spy\libqf_cortex-m3_dk.a(qf_pool.o)
 .debug_info    0x00013688      0x1a4 D:\software\qpcpp/ports/arm-cortex/vanilla/gnu/spy\libqf_cortex-m3_dk.a(qf_psini.o)
 .debug_info    0x0001382c      0x778 D:\software\qpcpp/ports/arm-cortex/vanilla/gnu/spy\libqf_cortex-m3_dk.a(qf_pspub.o)
 .debug_info    0x00013fa4       0xeb D:\software\qpcpp/ports/arm-cortex/vanilla/gnu/spy\libqf_cortex-m3_dk.a(qf_pwr2.o)
 .debug_info    0x0001408f      0x84a D:\software\qpcpp/ports/arm-cortex/vanilla/gnu/spy\libqf_cortex-m3_dk.a(qf_tick.o)
 .debug_info    0x000148d9      0x52e D:\software\qpcpp/ports/arm-cortex/vanilla/gnu/spy\libqf_cortex-m3_dk.a(qmp_get.o)
 .debug_info    0x00014e07      0x4df D:\software\qpcpp/ports/arm-cortex/vanilla/gnu/spy\libqf_cortex-m3_dk.a(qmp_init.o)
 .debug_info    0x000152e6      0x6ac D:\software\qpcpp/ports/arm-cortex/vanilla/gnu/spy\libqf_cortex-m3_dk.a(qte_ctor.o)
 .debug_info    0x00015992      0x869 D:\software\qpcpp/ports/arm-cortex/vanilla/gnu/spy\libqf_cortex-m3_dk.a(qte_arm.o)
 .debug_info    0x000161fb      0x880 D:\software\qpcpp/ports/arm-cortex/vanilla/gnu/spy\libqf_cortex-m3_dk.a(qvanilla.o)
 .debug_info    0x00016a7b      0x941 D:\software\qpcpp/ports/arm-cortex/vanilla/gnu/spy\libqf_cortex-m3_dk.a(qa_get_.o)
 .debug_info    0x000173bc      0x47c D:\software\qpcpp/ports/arm-cortex/vanilla/gnu/spy\libqf_cortex-m3_dk.a(qeq_init.o)
 .debug_info    0x00017838      0x4d0 D:\software\qpcpp/ports/arm-cortex/vanilla/gnu/spy\libqf_cortex-m3_dk.a(qf_gc.o)
 .debug_info    0x00017d08       0xe3 D:\software\qpcpp/ports/arm-cortex/vanilla/gnu/spy\libqf_cortex-m3_dk.a(qf_log2.o)
 .debug_info    0x00017deb      0x492 D:\software\qpcpp/ports/arm-cortex/vanilla/gnu/spy\libqf_cortex-m3_dk.a(qmp_put.o)
 .debug_info    0x0001827d      0x5d3 D:\software\qpcpp/ports/arm-cortex/vanilla/gnu/spy\libqep_cortex-m3_dk.a(qhsm_ini.o)
 .debug_info    0x00018850      0x4a1 D:\software\qpcpp/ports/arm-cortex/vanilla/gnu/spy\libqep_cortex-m3_dk.a(qhsm_dis.o)
 .debug_info    0x00018cf1      0x19a D:\software\qpcpp/ports/arm-cortex/vanilla/gnu/spy\libqep_cortex-m3_dk.a(qhsm_top.o)
 .debug_info    0x00018e8b      0x1d8 D:\software\qpcpp/ports/arm-cortex/vanilla/gnu/spy\libqep_cortex-m3_dk.a(qep.o)
 .debug_info    0x00019063      0x442 D:\software\qpcpp/ports/arm-cortex/vanilla/gnu/spy\libqs_cortex-m3_dk.a(qs.o)
 .debug_info    0x000194a5      0x39c D:\software\qpcpp/ports/arm-cortex/vanilla/gnu/spy\libqs_cortex-m3_dk.a(qs_.o)
 .debug_info    0x00019841      0x186 D:\software\qpcpp/ports/arm-cortex/vanilla/gnu/spy\libqs_cortex-m3_dk.a(qs_byte.o)
 .debug_info    0x000199c7      0x259 D:\software\qpcpp/ports/arm-cortex/vanilla/gnu/spy\libqs_cortex-m3_dk.a(qs_str.o)

.debug_line     0x00000000     0x5e0f
 .debug_line    0x00000000       0x76 spy/startup_stm32f10x_cl.o
 .debug_line    0x00000076      0x110 spy/core_cm3.o
 .debug_line    0x00000186       0xf5 spy/system_stm32f10x.o
 .debug_line    0x0000027b      0x17c spy/stm32_eval.o
 .debug_line    0x000003f7      0x336 spy/stm3210c_eval_lcd.o
 .debug_line    0x0000072d      0x3fd spy/stm3210c_eval_ioe.o
 .debug_line    0x00000b2a      0x10c spy/misc.o
 .debug_line    0x00000c36      0x23d spy/stm32f10x_adc.o
 .debug_line    0x00000e73      0x113 spy/stm32f10x_bkp.o
 .debug_line    0x00000f86      0x28c spy/stm32f10x_can.o
 .debug_line    0x00001212       0xf7 spy/stm32f10x_crc.o
 .debug_line    0x00001309      0x152 spy/stm32f10x_dac.o
 .debug_line    0x0000145b       0xe4 spy/stm32f10x_dbgmcu.o
 .debug_line    0x0000153f      0x171 spy/stm32f10x_dma.o
 .debug_line    0x000016b0      0x14a spy/stm32f10x_exti.o
 .debug_line    0x000017fa      0x20a spy/stm32f10x_flash.o
 .debug_line    0x00001a04      0x238 spy/stm32f10x_fsmc.o
 .debug_line    0x00001c3c      0x1c4 spy/stm32f10x_gpio.o
 .debug_line    0x00001e00      0x21f spy/stm32f10x_i2c.o
 .debug_line    0x0000201f       0xf3 spy/stm32f10x_iwdg.o
 .debug_line    0x00002112      0x123 spy/stm32f10x_pwr.o
 .debug_line    0x00002235      0x254 spy/stm32f10x_rcc.o
 .debug_line    0x00002489      0x138 spy/stm32f10x_rtc.o
 .debug_line    0x000025c1      0x1bd spy/stm32f10x_sdio.o
 .debug_line    0x0000277e      0x1fc spy/stm32f10x_spi.o
 .debug_line    0x0000297a      0x425 spy/stm32f10x_tim.o
 .debug_line    0x00002d9f      0x200 spy/stm32f10x_usart.o
 .debug_line    0x00002f9f       0xfb spy/stm32f10x_wwdg.o
 .debug_line    0x0000309a      0x135 spy/main.o
 .debug_line    0x000031cf      0x22f spy/table.o
 .debug_line    0x000033fe      0x26a spy/philo.o
 .debug_line    0x00003668      0x263 spy/bsp.o
 .debug_line    0x000038cb       0xb4 spy/no_heap.o
 .debug_line    0x0000397f       0x96 spy/mini_cpp.o
 .debug_line    0x00003a15      0x17c D:\software\qpcpp/ports/arm-cortex/vanilla/gnu/spy\libqf_cortex-m3_dk.a(qa_fifo.o)
 .debug_line    0x00003b91      0x15d D:\software\qpcpp/ports/arm-cortex/vanilla/gnu/spy\libqf_cortex-m3_dk.a(qa_sub.o)
 .debug_line    0x00003cee      0x168 D:\software\qpcpp/ports/arm-cortex/vanilla/gnu/spy\libqf_cortex-m3_dk.a(qf_act.o)
 .debug_line    0x00003e56      0x16c D:\software\qpcpp/ports/arm-cortex/vanilla/gnu/spy\libqf_cortex-m3_dk.a(qf_new.o)
 .debug_line    0x00003fc2      0x101 D:\software\qpcpp/ports/arm-cortex/vanilla/gnu/spy\libqf_cortex-m3_dk.a(qf_pool.o)
 .debug_line    0x000040c3       0xe1 D:\software\qpcpp/ports/arm-cortex/vanilla/gnu/spy\libqf_cortex-m3_dk.a(qf_psini.o)
 .debug_line    0x000041a4      0x172 D:\software\qpcpp/ports/arm-cortex/vanilla/gnu/spy\libqf_cortex-m3_dk.a(qf_pspub.o)
 .debug_line    0x00004316       0x5e D:\software\qpcpp/ports/arm-cortex/vanilla/gnu/spy\libqf_cortex-m3_dk.a(qf_pwr2.o)
 .debug_line    0x00004374      0x1a4 D:\software\qpcpp/ports/arm-cortex/vanilla/gnu/spy\libqf_cortex-m3_dk.a(qf_tick.o)
 .debug_line    0x00004518      0x15a D:\software\qpcpp/ports/arm-cortex/vanilla/gnu/spy\libqf_cortex-m3_dk.a(qmp_get.o)
 .debug_line    0x00004672      0x166 D:\software\qpcpp/ports/arm-cortex/vanilla/gnu/spy\libqf_cortex-m3_dk.a(qmp_init.o)
 .debug_line    0x000047d8      0x102 D:\software\qpcpp/ports/arm-cortex/vanilla/gnu/spy\libqf_cortex-m3_dk.a(qte_ctor.o)
 .debug_line    0x000048da      0x144 D:\software\qpcpp/ports/arm-cortex/vanilla/gnu/spy\libqf_cortex-m3_dk.a(qte_arm.o)
 .debug_line    0x00004a1e      0x144 D:\software\qpcpp/ports/arm-cortex/vanilla/gnu/spy\libqf_cortex-m3_dk.a(qvanilla.o)
 .debug_line    0x00004b62      0x1b2 D:\software\qpcpp/ports/arm-cortex/vanilla/gnu/spy\libqf_cortex-m3_dk.a(qa_get_.o)
 .debug_line    0x00004d14      0x11c D:\software\qpcpp/ports/arm-cortex/vanilla/gnu/spy\libqf_cortex-m3_dk.a(qeq_init.o)
 .debug_line    0x00004e30      0x165 D:\software\qpcpp/ports/arm-cortex/vanilla/gnu/spy\libqf_cortex-m3_dk.a(qf_gc.o)
 .debug_line    0x00004f95       0x5e D:\software\qpcpp/ports/arm-cortex/vanilla/gnu/spy\libqf_cortex-m3_dk.a(qf_log2.o)
 .debug_line    0x00004ff3      0x14f D:\software\qpcpp/ports/arm-cortex/vanilla/gnu/spy\libqf_cortex-m3_dk.a(qmp_put.o)
 .debug_line    0x00005142      0x1b2 D:\software\qpcpp/ports/arm-cortex/vanilla/gnu/spy\libqep_cortex-m3_dk.a(qhsm_ini.o)
 .debug_line    0x000052f4      0x36e D:\software\qpcpp/ports/arm-cortex/vanilla/gnu/spy\libqep_cortex-m3_dk.a(qhsm_dis.o)
 .debug_line    0x00005662       0xe9 D:\software\qpcpp/ports/arm-cortex/vanilla/gnu/spy\libqep_cortex-m3_dk.a(qhsm_top.o)
 .debug_line    0x0000574b      0x10c D:\software\qpcpp/ports/arm-cortex/vanilla/gnu/spy\libqep_cortex-m3_dk.a(qep.o)
 .debug_line    0x00005857      0x206 D:\software\qpcpp/ports/arm-cortex/vanilla/gnu/spy\libqs_cortex-m3_dk.a(qs.o)
 .debug_line    0x00005a5d      0x191 D:\software\qpcpp/ports/arm-cortex/vanilla/gnu/spy\libqs_cortex-m3_dk.a(qs_.o)
 .debug_line    0x00005bee      0x105 D:\software\qpcpp/ports/arm-cortex/vanilla/gnu/spy\libqs_cortex-m3_dk.a(qs_byte.o)
 .debug_line    0x00005cf3      0x11c D:\software\qpcpp/ports/arm-cortex/vanilla/gnu/spy\libqs_cortex-m3_dk.a(qs_str.o)

.debug_loc      0x00000000     0x8f71
 .debug_loc     0x00000000       0x5e spy/startup_stm32f10x_cl.o
 .debug_loc     0x0000005e      0x298 spy/core_cm3.o
 .debug_loc     0x000002f6       0x20 spy/system_stm32f10x.o
 .debug_loc     0x00000316      0x121 spy/stm32_eval.o
 .debug_loc     0x00000437      0x937 spy/stm3210c_eval_lcd.o
 .debug_loc     0x00000d6e      0xca4 spy/stm3210c_eval_ioe.o
 .debug_loc     0x00001a12      0x123 spy/misc.o
 .debug_loc     0x00001b35      0x95c spy/stm32f10x_adc.o
 .debug_loc     0x00002491      0x13a spy/stm32f10x_bkp.o
 .debug_loc     0x000025cb      0x5f9 spy/stm32f10x_can.o
 .debug_loc     0x00002bc4       0x51 spy/stm32f10x_crc.o
 .debug_loc     0x00002c15      0x30e spy/stm32f10x_dac.o
 .debug_loc     0x00002f23       0x1e spy/stm32f10x_dbgmcu.o
 .debug_loc     0x00002f41      0x138 spy/stm32f10x_dma.o
 .debug_loc     0x00003079      0x11e spy/stm32f10x_exti.o
 .debug_loc     0x00003197      0x6ea spy/stm32f10x_flash.o
 .debug_loc     0x00003881      0x339 spy/stm32f10x_fsmc.o
 .debug_loc     0x00003bba      0x486 spy/stm32f10x_gpio.o
 .debug_loc     0x00004040      0x63e spy/stm32f10x_i2c.o
 .debug_loc     0x0000467e       0x3d spy/stm32f10x_iwdg.o
 .debug_loc     0x000046bb       0xfc spy/stm32f10x_pwr.o
 .debug_loc     0x000047b7      0x7c1 spy/stm32f10x_rcc.o
 .debug_loc     0x00004f78      0x1d3 spy/stm32f10x_rtc.o
 .debug_loc     0x0000514b      0x1cc spy/stm32f10x_sdio.o
 .debug_loc     0x00005317      0x40f spy/stm32f10x_spi.o
 .debug_loc     0x00005726     0x1527 spy/stm32f10x_tim.o
 .debug_loc     0x00006c4d      0x507 spy/stm32f10x_usart.o
 .debug_loc     0x00007154       0xec spy/stm32f10x_wwdg.o
 .debug_loc     0x00007240       0x4b spy/main.o
 .debug_loc     0x0000728b      0x30b spy/table.o
 .debug_loc     0x00007596      0x4b4 spy/philo.o
 .debug_loc     0x00007a4a      0x202 spy/bsp.o
 .debug_loc     0x00007c4c       0x60 spy/no_heap.o
 .debug_loc     0x00007cac       0x66 spy/mini_cpp.o
 .debug_loc     0x00007d12       0xc3 D:\software\qpcpp/ports/arm-cortex/vanilla/gnu/spy\libqf_cortex-m3_dk.a(qa_fifo.o)
 .debug_loc     0x00007dd5       0x51 D:\software\qpcpp/ports/arm-cortex/vanilla/gnu/spy\libqf_cortex-m3_dk.a(qa_sub.o)
 .debug_loc     0x00007e26       0x7c D:\software\qpcpp/ports/arm-cortex/vanilla/gnu/spy\libqf_cortex-m3_dk.a(qf_act.o)
 .debug_loc     0x00007ea2       0xe8 D:\software\qpcpp/ports/arm-cortex/vanilla/gnu/spy\libqf_cortex-m3_dk.a(qf_new.o)
 .debug_loc     0x00007f8a       0x6f D:\software\qpcpp/ports/arm-cortex/vanilla/gnu/spy\libqf_cortex-m3_dk.a(qf_pool.o)
 .debug_loc     0x00007ff9       0xc9 D:\software\qpcpp/ports/arm-cortex/vanilla/gnu/spy\libqf_cortex-m3_dk.a(qf_pspub.o)
 .debug_loc     0x000080c2       0x68 D:\software\qpcpp/ports/arm-cortex/vanilla/gnu/spy\libqf_cortex-m3_dk.a(qf_tick.o)
 .debug_loc     0x0000812a       0x9c D:\software\qpcpp/ports/arm-cortex/vanilla/gnu/spy\libqf_cortex-m3_dk.a(qmp_get.o)
 .debug_loc     0x000081c6      0x125 D:\software\qpcpp/ports/arm-cortex/vanilla/gnu/spy\libqf_cortex-m3_dk.a(qmp_init.o)
 .debug_loc     0x000082eb       0x51 D:\software\qpcpp/ports/arm-cortex/vanilla/gnu/spy\libqf_cortex-m3_dk.a(qte_ctor.o)
 .debug_loc     0x0000833c       0x6f D:\software\qpcpp/ports/arm-cortex/vanilla/gnu/spy\libqf_cortex-m3_dk.a(qte_arm.o)
 .debug_loc     0x000083ab      0x16d D:\software\qpcpp/ports/arm-cortex/vanilla/gnu/spy\libqf_cortex-m3_dk.a(qvanilla.o)
 .debug_loc     0x00008518       0xc6 D:\software\qpcpp/ports/arm-cortex/vanilla/gnu/spy\libqf_cortex-m3_dk.a(qa_get_.o)
 .debug_loc     0x000085de       0x64 D:\software\qpcpp/ports/arm-cortex/vanilla/gnu/spy\libqf_cortex-m3_dk.a(qeq_init.o)
 .debug_loc     0x00008642       0x51 D:\software\qpcpp/ports/arm-cortex/vanilla/gnu/spy\libqf_cortex-m3_dk.a(qf_gc.o)
 .debug_loc     0x00008693       0x5c D:\software\qpcpp/ports/arm-cortex/vanilla/gnu/spy\libqf_cortex-m3_dk.a(qmp_put.o)
 .debug_loc     0x000086ef      0x112 D:\software\qpcpp/ports/arm-cortex/vanilla/gnu/spy\libqep_cortex-m3_dk.a(qhsm_ini.o)
 .debug_loc     0x00008801      0x40c D:\software\qpcpp/ports/arm-cortex/vanilla/gnu/spy\libqep_cortex-m3_dk.a(qhsm_dis.o)
 .debug_loc     0x00008c0d      0x18d D:\software\qpcpp/ports/arm-cortex/vanilla/gnu/spy\libqs_cortex-m3_dk.a(qs.o)
 .debug_loc     0x00008d9a      0x153 D:\software\qpcpp/ports/arm-cortex/vanilla/gnu/spy\libqs_cortex-m3_dk.a(qs_.o)
 .debug_loc     0x00008eed       0x84 D:\software\qpcpp/ports/arm-cortex/vanilla/gnu/spy\libqs_cortex-m3_dk.a(qs_str.o)

.debug_pubnames
                0x00000000     0x3b40
 .debug_pubnames
                0x00000000       0x4a spy/startup_stm32f10x_cl.o
 .debug_pubnames
                0x0000004a      0x159 spy/core_cm3.o
 .debug_pubnames
                0x000001a3       0xa3 spy/system_stm32f10x.o
 .debug_pubnames
                0x00000246      0x1a9 spy/stm32_eval.o
 .debug_pubnames
                0x000003ef      0x25c spy/stm3210c_eval_lcd.o
 .debug_pubnames
                0x0000064b      0x251 spy/stm3210c_eval_ioe.o
 .debug_pubnames
                0x0000089c       0x89 spy/misc.o
 .debug_pubnames
                0x00000925      0x401 spy/stm32f10x_adc.o
 .debug_pubnames
                0x00000d26      0x128 spy/stm32f10x_bkp.o
 .debug_pubnames
                0x00000e4e      0x17b spy/stm32f10x_can.o
 .debug_pubnames
                0x00000fc9       0x82 spy/stm32f10x_crc.o
 .debug_pubnames
                0x0000104b      0x116 spy/stm32f10x_dac.o
 .debug_pubnames
                0x00001161       0x4c spy/stm32f10x_dbgmcu.o
 .debug_pubnames
                0x000011ad       0xcf spy/stm32f10x_dma.o
 .debug_pubnames
                0x0000127c       0xbb spy/stm32f10x_exti.o
 .debug_pubnames
                0x00001337      0x26e spy/stm32f10x_flash.o
 .debug_pubnames
                0x000015a5      0x1a3 spy/stm32f10x_fsmc.o
 .debug_pubnames
                0x00001748      0x19d spy/stm32f10x_gpio.o
 .debug_pubnames
                0x000018e5      0x2b0 spy/stm32f10x_i2c.o
 .debug_pubnames
                0x00001b95       0x91 spy/stm32f10x_iwdg.o
 .debug_pubnames
                0x00001c26       0xcb spy/stm32f10x_pwr.o
 .debug_pubnames
                0x00001cf1      0x37e spy/stm32f10x_rcc.o
 .debug_pubnames
                0x0000206f      0x136 spy/stm32f10x_rtc.o
 .debug_pubnames
                0x000021a5      0x2ac spy/stm32f10x_sdio.o
 .debug_pubnames
                0x00002451      0x1f6 spy/stm32f10x_spi.o
 .debug_pubnames
                0x00002647      0x7b0 spy/stm32f10x_tim.o
 .debug_pubnames
                0x00002df7      0x25f spy/stm32f10x_usart.o
 .debug_pubnames
                0x00003056       0xb0 spy/stm32f10x_wwdg.o
 .debug_pubnames
                0x00003106       0x1b spy/main.o
 .debug_pubnames
                0x00003121       0xa6 spy/table.o
 .debug_pubnames
                0x000031c7       0xcb spy/philo.o
 .debug_pubnames
                0x00003292      0x11a spy/bsp.o
 .debug_pubnames
                0x000033ac       0x31 spy/no_heap.o
 .debug_pubnames
                0x000033dd       0x78 spy/mini_cpp.o
 .debug_pubnames
                0x00003455       0x28 D:\software\qpcpp/ports/arm-cortex/vanilla/gnu/spy\libqf_cortex-m3_dk.a(qa_fifo.o)
 .debug_pubnames
                0x0000347d       0x29 D:\software\qpcpp/ports/arm-cortex/vanilla/gnu/spy\libqf_cortex-m3_dk.a(qa_sub.o)
 .debug_pubnames
                0x000034a6       0x66 D:\software\qpcpp/ports/arm-cortex/vanilla/gnu/spy\libqf_cortex-m3_dk.a(qf_act.o)
 .debug_pubnames
                0x0000350c       0x1f D:\software\qpcpp/ports/arm-cortex/vanilla/gnu/spy\libqf_cortex-m3_dk.a(qf_new.o)
 .debug_pubnames
                0x0000352b       0x40 D:\software\qpcpp/ports/arm-cortex/vanilla/gnu/spy\libqf_cortex-m3_dk.a(qf_pool.o)
 .debug_pubnames
                0x0000356b       0x46 D:\software\qpcpp/ports/arm-cortex/vanilla/gnu/spy\libqf_cortex-m3_dk.a(qf_psini.o)
 .debug_pubnames
                0x000035b1       0x22 D:\software\qpcpp/ports/arm-cortex/vanilla/gnu/spy\libqf_cortex-m3_dk.a(qf_pspub.o)
 .debug_pubnames
                0x000035d3       0x45 D:\software\qpcpp/ports/arm-cortex/vanilla/gnu/spy\libqf_cortex-m3_dk.a(qf_pwr2.o)
 .debug_pubnames
                0x00003618       0x1f D:\software\qpcpp/ports/arm-cortex/vanilla/gnu/spy\libqf_cortex-m3_dk.a(qf_tick.o)
 .debug_pubnames
                0x00003637       0x38 D:\software\qpcpp/ports/arm-cortex/vanilla/gnu/spy\libqf_cortex-m3_dk.a(qmp_get.o)
 .debug_pubnames
                0x0000366f       0x23 D:\software\qpcpp/ports/arm-cortex/vanilla/gnu/spy\libqf_cortex-m3_dk.a(qmp_init.o)
 .debug_pubnames
                0x00003692       0x29 D:\software\qpcpp/ports/arm-cortex/vanilla/gnu/spy\libqf_cortex-m3_dk.a(qte_ctor.o)
 .debug_pubnames
                0x000036bb       0x3d D:\software\qpcpp/ports/arm-cortex/vanilla/gnu/spy\libqf_cortex-m3_dk.a(qte_arm.o)
 .debug_pubnames
                0x000036f8       0xa6 D:\software\qpcpp/ports/arm-cortex/vanilla/gnu/spy\libqf_cortex-m3_dk.a(qvanilla.o)
 .debug_pubnames
                0x0000379e       0x3b D:\software\qpcpp/ports/arm-cortex/vanilla/gnu/spy\libqf_cortex-m3_dk.a(qa_get_.o)
 .debug_pubnames
                0x000037d9       0x24 D:\software\qpcpp/ports/arm-cortex/vanilla/gnu/spy\libqf_cortex-m3_dk.a(qeq_init.o)
 .debug_pubnames
                0x000037fd       0x1d D:\software\qpcpp/ports/arm-cortex/vanilla/gnu/spy\libqf_cortex-m3_dk.a(qf_gc.o)
 .debug_pubnames
                0x0000381a       0x22 D:\software\qpcpp/ports/arm-cortex/vanilla/gnu/spy\libqf_cortex-m3_dk.a(qf_log2.o)
 .debug_pubnames
                0x0000383c       0x22 D:\software\qpcpp/ports/arm-cortex/vanilla/gnu/spy\libqf_cortex-m3_dk.a(qmp_put.o)
 .debug_pubnames
                0x0000385e       0x41 D:\software\qpcpp/ports/arm-cortex/vanilla/gnu/spy\libqep_cortex-m3_dk.a(qhsm_ini.o)
 .debug_pubnames
                0x0000389f       0x25 D:\software\qpcpp/ports/arm-cortex/vanilla/gnu/spy\libqep_cortex-m3_dk.a(qhsm_dis.o)
 .debug_pubnames
                0x000038c4       0x20 D:\software\qpcpp/ports/arm-cortex/vanilla/gnu/spy\libqep_cortex-m3_dk.a(qhsm_top.o)
 .debug_pubnames
                0x000038e4       0x3b D:\software\qpcpp/ports/arm-cortex/vanilla/gnu/spy\libqep_cortex-m3_dk.a(qep.o)
 .debug_pubnames
                0x0000391f      0x110 D:\software\qpcpp/ports/arm-cortex/vanilla/gnu/spy\libqs_cortex-m3_dk.a(qs.o)
 .debug_pubnames
                0x00003a2f       0xc1 D:\software\qpcpp/ports/arm-cortex/vanilla/gnu/spy\libqs_cortex-m3_dk.a(qs_.o)
 .debug_pubnames
                0x00003af0       0x22 D:\software\qpcpp/ports/arm-cortex/vanilla/gnu/spy\libqs_cortex-m3_dk.a(qs_byte.o)
 .debug_pubnames
                0x00003b12       0x2e D:\software\qpcpp/ports/arm-cortex/vanilla/gnu/spy\libqs_cortex-m3_dk.a(qs_str.o)

.debug_pubtypes
                0x00000000     0x257d
 .debug_pubtypes
                0x00000000       0x3c spy/startup_stm32f10x_cl.o
 .debug_pubtypes
                0x0000003c       0x50 spy/core_cm3.o
 .debug_pubtypes
                0x0000008c       0x5a spy/system_stm32f10x.o
 .debug_pubtypes
                0x000000e6      0x170 spy/stm32_eval.o
 .debug_pubtypes
                0x00000256       0xcf spy/stm3210c_eval_lcd.o
 .debug_pubtypes
                0x00000325      0x187 spy/stm3210c_eval_ioe.o
 .debug_pubtypes
                0x000004ac       0x80 spy/misc.o
 .debug_pubtypes
                0x0000052c       0x8c spy/stm32f10x_adc.o
 .debug_pubtypes
                0x000005b8       0x78 spy/stm32f10x_bkp.o
 .debug_pubtypes
                0x00000630      0x115 spy/stm32f10x_can.o
 .debug_pubtypes
                0x00000745       0x48 spy/stm32f10x_crc.o
 .debug_pubtypes
                0x0000078d       0x64 spy/stm32f10x_dac.o
 .debug_pubtypes
                0x000007f1       0x46 spy/stm32f10x_dbgmcu.o
 .debug_pubtypes
                0x00000837       0x98 spy/stm32f10x_dma.o
 .debug_pubtypes
                0x000008cf       0xa2 spy/stm32f10x_exti.o
 .debug_pubtypes
                0x00000971       0x8d spy/stm32f10x_flash.o
 .debug_pubtypes
                0x000009fe      0x168 spy/stm32f10x_fsmc.o
 .debug_pubtypes
                0x00000b66       0xc3 spy/stm32f10x_gpio.o
 .debug_pubtypes
                0x00000c29       0xb2 spy/stm32f10x_i2c.o
 .debug_pubtypes
                0x00000cdb       0x58 spy/stm32f10x_iwdg.o
 .debug_pubtypes
                0x00000d33       0x5e spy/stm32f10x_pwr.o
 .debug_pubtypes
                0x00000d91       0x9e spy/stm32f10x_rcc.o
 .debug_pubtypes
                0x00000e2f       0x6c spy/stm32f10x_rtc.o
 .debug_pubtypes
                0x00000e9b       0xb2 spy/stm32f10x_sdio.o
 .debug_pubtypes
                0x00000f4d       0xd6 spy/stm32f10x_spi.o
 .debug_pubtypes
                0x00001023       0xd8 spy/stm32f10x_tim.o
 .debug_pubtypes
                0x000010fb       0xc1 spy/stm32f10x_usart.o
 .debug_pubtypes
                0x000011bc       0x4b spy/stm32f10x_wwdg.o
 .debug_pubtypes
                0x00001207       0xfc spy/main.o
 .debug_pubtypes
                0x00001303      0x101 spy/table.o
 .debug_pubtypes
                0x00001404      0x124 spy/philo.o
 .debug_pubtypes
                0x00001528      0x12d spy/bsp.o
 .debug_pubtypes
                0x00001655       0x1d spy/no_heap.o
 .debug_pubtypes
                0x00001672       0x1d spy/mini_cpp.o
 .debug_pubtypes
                0x0000168f       0xcf D:\software\qpcpp/ports/arm-cortex/vanilla/gnu/spy\libqf_cortex-m3_dk.a(qa_fifo.o)
 .debug_pubtypes
                0x0000175e       0xdd D:\software\qpcpp/ports/arm-cortex/vanilla/gnu/spy\libqf_cortex-m3_dk.a(qa_sub.o)
 .debug_pubtypes
                0x0000183b       0xbf D:\software\qpcpp/ports/arm-cortex/vanilla/gnu/spy\libqf_cortex-m3_dk.a(qf_act.o)
 .debug_pubtypes
                0x000018fa       0x8e D:\software\qpcpp/ports/arm-cortex/vanilla/gnu/spy\libqf_cortex-m3_dk.a(qf_new.o)
 .debug_pubtypes
                0x00001988       0x76 D:\software\qpcpp/ports/arm-cortex/vanilla/gnu/spy\libqf_cortex-m3_dk.a(qf_pool.o)
 .debug_pubtypes
                0x000019fe       0x42 D:\software\qpcpp/ports/arm-cortex/vanilla/gnu/spy\libqf_cortex-m3_dk.a(qf_psini.o)
 .debug_pubtypes
                0x00001a40       0xcf D:\software\qpcpp/ports/arm-cortex/vanilla/gnu/spy\libqf_cortex-m3_dk.a(qf_pspub.o)
 .debug_pubtypes
                0x00001b0f       0x12 D:\software\qpcpp/ports/arm-cortex/vanilla/gnu/spy\libqf_cortex-m3_dk.a(qf_pwr2.o)
 .debug_pubtypes
                0x00001b21       0xdc D:\software\qpcpp/ports/arm-cortex/vanilla/gnu/spy\libqf_cortex-m3_dk.a(qf_tick.o)
 .debug_pubtypes
                0x00001bfd       0x9d D:\software\qpcpp/ports/arm-cortex/vanilla/gnu/spy\libqf_cortex-m3_dk.a(qmp_get.o)
 .debug_pubtypes
                0x00001c9a       0x96 D:\software\qpcpp/ports/arm-cortex/vanilla/gnu/spy\libqf_cortex-m3_dk.a(qmp_init.o)
 .debug_pubtypes
                0x00001d30       0xc5 D:\software\qpcpp/ports/arm-cortex/vanilla/gnu/spy\libqf_cortex-m3_dk.a(qte_ctor.o)
 .debug_pubtypes
                0x00001df5       0xea D:\software\qpcpp/ports/arm-cortex/vanilla/gnu/spy\libqf_cortex-m3_dk.a(qte_arm.o)
 .debug_pubtypes
                0x00001edf       0xc6 D:\software\qpcpp/ports/arm-cortex/vanilla/gnu/spy\libqf_cortex-m3_dk.a(qvanilla.o)
 .debug_pubtypes
                0x00001fa5       0xd6 D:\software\qpcpp/ports/arm-cortex/vanilla/gnu/spy\libqf_cortex-m3_dk.a(qa_get_.o)
 .debug_pubtypes
                0x0000207b       0x7a D:\software\qpcpp/ports/arm-cortex/vanilla/gnu/spy\libqf_cortex-m3_dk.a(qeq_init.o)
 .debug_pubtypes
                0x000020f5       0x8e D:\software\qpcpp/ports/arm-cortex/vanilla/gnu/spy\libqf_cortex-m3_dk.a(qf_gc.o)
 .debug_pubtypes
                0x00002183       0x12 D:\software\qpcpp/ports/arm-cortex/vanilla/gnu/spy\libqf_cortex-m3_dk.a(qf_log2.o)
 .debug_pubtypes
                0x00002195       0x96 D:\software\qpcpp/ports/arm-cortex/vanilla/gnu/spy\libqf_cortex-m3_dk.a(qmp_put.o)
 .debug_pubtypes
                0x0000222b       0xbb D:\software\qpcpp/ports/arm-cortex/vanilla/gnu/spy\libqep_cortex-m3_dk.a(qhsm_ini.o)
 .debug_pubtypes
                0x000022e6       0xb2 D:\software\qpcpp/ports/arm-cortex/vanilla/gnu/spy\libqep_cortex-m3_dk.a(qhsm_dis.o)
 .debug_pubtypes
                0x00002398       0x56 D:\software\qpcpp/ports/arm-cortex/vanilla/gnu/spy\libqep_cortex-m3_dk.a(qhsm_top.o)
 .debug_pubtypes
                0x000023ee       0x6c D:\software\qpcpp/ports/arm-cortex/vanilla/gnu/spy\libqep_cortex-m3_dk.a(qep.o)
 .debug_pubtypes
                0x0000245a       0x49 D:\software\qpcpp/ports/arm-cortex/vanilla/gnu/spy\libqs_cortex-m3_dk.a(qs.o)
 .debug_pubtypes
                0x000024a3       0x57 D:\software\qpcpp/ports/arm-cortex/vanilla/gnu/spy\libqs_cortex-m3_dk.a(qs_.o)
 .debug_pubtypes
                0x000024fa       0x3c D:\software\qpcpp/ports/arm-cortex/vanilla/gnu/spy\libqs_cortex-m3_dk.a(qs_byte.o)
 .debug_pubtypes
                0x00002536       0x47 D:\software\qpcpp/ports/arm-cortex/vanilla/gnu/spy\libqs_cortex-m3_dk.a(qs_str.o)

.debug_aranges  0x00000000      0x7a0
 .debug_aranges
                0x00000000       0x20 spy/startup_stm32f10x_cl.o
 .debug_aranges
                0x00000020       0x20 spy/core_cm3.o
 .debug_aranges
                0x00000040       0x20 spy/system_stm32f10x.o
 .debug_aranges
                0x00000060       0x20 spy/stm32_eval.o
 .debug_aranges
                0x00000080       0x20 spy/stm3210c_eval_lcd.o
 .debug_aranges
                0x000000a0       0x20 spy/stm3210c_eval_ioe.o
 .debug_aranges
                0x000000c0       0x20 spy/misc.o
 .debug_aranges
                0x000000e0       0x20 spy/stm32f10x_adc.o
 .debug_aranges
                0x00000100       0x20 spy/stm32f10x_bkp.o
 .debug_aranges
                0x00000120       0x20 spy/stm32f10x_can.o
 .debug_aranges
                0x00000140       0x20 spy/stm32f10x_crc.o
 .debug_aranges
                0x00000160       0x20 spy/stm32f10x_dac.o
 .debug_aranges
                0x00000180       0x20 spy/stm32f10x_dbgmcu.o
 .debug_aranges
                0x000001a0       0x20 spy/stm32f10x_dma.o
 .debug_aranges
                0x000001c0       0x20 spy/stm32f10x_exti.o
 .debug_aranges
                0x000001e0       0x20 spy/stm32f10x_flash.o
 .debug_aranges
                0x00000200       0x20 spy/stm32f10x_fsmc.o
 .debug_aranges
                0x00000220       0x20 spy/stm32f10x_gpio.o
 .debug_aranges
                0x00000240       0x20 spy/stm32f10x_i2c.o
 .debug_aranges
                0x00000260       0x20 spy/stm32f10x_iwdg.o
 .debug_aranges
                0x00000280       0x20 spy/stm32f10x_pwr.o
 .debug_aranges
                0x000002a0       0x20 spy/stm32f10x_rcc.o
 .debug_aranges
                0x000002c0       0x20 spy/stm32f10x_rtc.o
 .debug_aranges
                0x000002e0       0x20 spy/stm32f10x_sdio.o
 .debug_aranges
                0x00000300       0x20 spy/stm32f10x_spi.o
 .debug_aranges
                0x00000320       0x20 spy/stm32f10x_tim.o
 .debug_aranges
                0x00000340       0x20 spy/stm32f10x_usart.o
 .debug_aranges
                0x00000360       0x20 spy/stm32f10x_wwdg.o
 .debug_aranges
                0x00000380       0x20 spy/main.o
 .debug_aranges
                0x000003a0       0x40 spy/table.o
 .debug_aranges
                0x000003e0       0x40 spy/philo.o
 .debug_aranges
                0x00000420       0x20 spy/bsp.o
 .debug_aranges
                0x00000440       0x20 spy/no_heap.o
 .debug_aranges
                0x00000460       0x20 spy/mini_cpp.o
 .debug_aranges
                0x00000480       0x20 D:\software\qpcpp/ports/arm-cortex/vanilla/gnu/spy\libqf_cortex-m3_dk.a(qa_fifo.o)
 .debug_aranges
                0x000004a0       0x20 D:\software\qpcpp/ports/arm-cortex/vanilla/gnu/spy\libqf_cortex-m3_dk.a(qa_sub.o)
 .debug_aranges
                0x000004c0       0x20 D:\software\qpcpp/ports/arm-cortex/vanilla/gnu/spy\libqf_cortex-m3_dk.a(qf_act.o)
 .debug_aranges
                0x000004e0       0x20 D:\software\qpcpp/ports/arm-cortex/vanilla/gnu/spy\libqf_cortex-m3_dk.a(qf_new.o)
 .debug_aranges
                0x00000500       0x20 D:\software\qpcpp/ports/arm-cortex/vanilla/gnu/spy\libqf_cortex-m3_dk.a(qf_pool.o)
 .debug_aranges
                0x00000520       0x20 D:\software\qpcpp/ports/arm-cortex/vanilla/gnu/spy\libqf_cortex-m3_dk.a(qf_psini.o)
 .debug_aranges
                0x00000540       0x20 D:\software\qpcpp/ports/arm-cortex/vanilla/gnu/spy\libqf_cortex-m3_dk.a(qf_pspub.o)
 .debug_aranges
                0x00000560       0x20 D:\software\qpcpp/ports/arm-cortex/vanilla/gnu/spy\libqf_cortex-m3_dk.a(qf_tick.o)
 .debug_aranges