Archive member included because of file (symbol)

D:\software\qpcpp/ports/arm-cortex/qk/gnu/spy\libqk_cortex-m3_dk.a(qk.o)
                              spy/main.o (QF::init())
D:\software\qpcpp/ports/arm-cortex/qk/gnu/spy\libqk_cortex-m3_dk.a(qk_sched.o)
                              D:\software\qpcpp/ports/arm-cortex/qk/gnu/spy\libqk_cortex-m3_dk.a(qk.o) (QK_sched_)
D:\software\qpcpp/ports/arm-cortex/qk/gnu/spy\libqk_cortex-m3_dk.a(qk_mutex.o)
                              D:\software\qpcpp/ports/arm-cortex/qk/gnu/spy\libqk_cortex-m3_dk.a(qk.o) (QK_ceilingPrio_)
D:\software\qpcpp/ports/arm-cortex/qk/gnu/spy\libqk_cortex-m3_dk.a(qk_port.o)
                              D:\software\qpcpp/ports/arm-cortex/qk/gnu/spy\libqk_cortex-m3_dk.a(qk.o) (QK_init)
D:\software\qpcpp/ports/arm-cortex/qk/gnu/spy\libqf_cortex-m3_dk.a(qa_fifo.o)
                              spy/philo.o (QActive::postFIFO(QEvent const*, void const*))
D:\software\qpcpp/ports/arm-cortex/qk/gnu/spy\libqf_cortex-m3_dk.a(qa_get_.o)
                              D:\software\qpcpp/ports/arm-cortex/qk/gnu/spy\libqk_cortex-m3_dk.a(qk_sched.o) (QActive::get_())
D:\software\qpcpp/ports/arm-cortex/qk/gnu/spy\libqf_cortex-m3_dk.a(qa_sub.o)
                              spy/table.o (QActive::subscribe(unsigned short) const)
D:\software\qpcpp/ports/arm-cortex/qk/gnu/spy\libqf_cortex-m3_dk.a(qeq_init.o)
                              D:\software\qpcpp/ports/arm-cortex/qk/gnu/spy\libqk_cortex-m3_dk.a(qk.o) (QEQueue::init(QEvent const**, unsigned char))
D:\software\qpcpp/ports/arm-cortex/qk/gnu/spy\libqf_cortex-m3_dk.a(qf_act.o)
                              spy/bsp.o (QF::getVersion())
D:\software\qpcpp/ports/arm-cortex/qk/gnu/spy\libqf_cortex-m3_dk.a(qf_gc.o)
                              D:\software\qpcpp/ports/arm-cortex/qk/gnu/spy\libqk_cortex-m3_dk.a(qk_sched.o) (QF::gc(QEvent const*))
D:\software\qpcpp/ports/arm-cortex/qk/gnu/spy\libqf_cortex-m3_dk.a(qf_log2.o)
                              D:\software\qpcpp/ports/arm-cortex/qk/gnu/spy\libqk_cortex-m3_dk.a(qk.o) (QF_log2Lkup)
D:\software\qpcpp/ports/arm-cortex/qk/gnu/spy\libqf_cortex-m3_dk.a(qf_new.o)
                              spy/table.o (QF::new_(unsigned short, unsigned short))
D:\software\qpcpp/ports/arm-cortex/qk/gnu/spy\libqf_cortex-m3_dk.a(qf_pool.o)
                              spy/main.o (QF::poolInit(void*, unsigned int, unsigned short))
D:\software\qpcpp/ports/arm-cortex/qk/gnu/spy\libqf_cortex-m3_dk.a(qf_psini.o)
                              spy/main.o (QF::psInit(QSubscrList*, unsigned short))
D:\software\qpcpp/ports/arm-cortex/qk/gnu/spy\libqf_cortex-m3_dk.a(qf_pspub.o)
                              spy/table.o (QF::publish(QEvent const*, void const*))
D:\software\qpcpp/ports/arm-cortex/qk/gnu/spy\libqf_cortex-m3_dk.a(qf_pwr2.o)
                              D:\software\qpcpp/ports/arm-cortex/qk/gnu/spy\libqf_cortex-m3_dk.a(qa_fifo.o) (QF_pwr2Lkup)
D:\software\qpcpp/ports/arm-cortex/qk/gnu/spy\libqf_cortex-m3_dk.a(qf_tick.o)
                              spy/bsp.o (QF::tick(void const*))
D:\software\qpcpp/ports/arm-cortex/qk/gnu/spy\libqf_cortex-m3_dk.a(qmp_get.o)
                              D:\software\qpcpp/ports/arm-cortex/qk/gnu/spy\libqf_cortex-m3_dk.a(qf_new.o) (QMPool::get())
D:\software\qpcpp/ports/arm-cortex/qk/gnu/spy\libqf_cortex-m3_dk.a(qmp_init.o)
                              D:\software\qpcpp/ports/arm-cortex/qk/gnu/spy\libqf_cortex-m3_dk.a(qf_pool.o) (QMPool::init(void*, unsigned int, unsigned short))
D:\software\qpcpp/ports/arm-cortex/qk/gnu/spy\libqf_cortex-m3_dk.a(qmp_put.o)
                              D:\software\qpcpp/ports/arm-cortex/qk/gnu/spy\libqf_cortex-m3_dk.a(qf_gc.o) (QMPool::put(void*))
D:\software\qpcpp/ports/arm-cortex/qk/gnu/spy\libqf_cortex-m3_dk.a(qte_ctor.o)
                              spy/philo.o (QTimeEvt::QTimeEvt(unsigned short))
D:\software\qpcpp/ports/arm-cortex/qk/gnu/spy\libqf_cortex-m3_dk.a(qte_arm.o)
                              spy/philo.o (QTimeEvt::arm_(QActive*, unsigned short))
D:\software\qpcpp/ports/arm-cortex/qk/gnu/spy\libqep_cortex-m3_dk.a(qhsm_ini.o)
                              spy/table.o (QHsm::~QHsm())
D:\software\qpcpp/ports/arm-cortex/qk/gnu/spy\libqep_cortex-m3_dk.a(qhsm_dis.o)
                              D:\software\qpcpp/ports/arm-cortex/qk/gnu/spy\libqk_cortex-m3_dk.a(qk_sched.o) (QHsm::dispatch(QEvent const*))
D:\software\qpcpp/ports/arm-cortex/qk/gnu/spy\libqep_cortex-m3_dk.a(qhsm_top.o)
                              spy/table.o (QHsm::top(QHsm*, QEvent const*))
D:\software\qpcpp/ports/arm-cortex/qk/gnu/spy\libqep_cortex-m3_dk.a(qep.o)
                              D:\software\qpcpp/ports/arm-cortex/qk/gnu/spy\libqep_cortex-m3_dk.a(qhsm_ini.o) (QEP_reservedEvt_)
D:\software\qpcpp/ports/arm-cortex/qk/gnu/spy\libqs_cortex-m3_dk.a(qs.o)
                              spy/bsp.o (QS::initBuf(unsigned char*, unsigned int))
[...]
Memory Configuration

Name             Origin             Length             Attributes
ROM              0x08000000         0x00040000         xr
RAM              0x20000000         0x00010000         xrw
*default*        0x00000000         0xffffffff

Linker script and memory map

LOAD c:/tools/devkitpro/devkitarm/bin/../lib/gcc/arm-eabi/4.5.1/thumb/thumb2/crti.o
LOAD c:/tools/devkitpro/devkitarm/bin/../lib/gcc/arm-eabi/4.5.1/thumb/thumb2/crtbegin.o
LOAD c:/tools/devkitpro/devkitarm/bin/../lib/gcc/arm-eabi/4.5.1/../../../../arm-eabi/lib/thumb/thumb2/crt0.o
LOAD spy/startup_stm32f10x_cl.o
LOAD spy/core_cm3.o
LOAD spy/system_stm32f10x.o
LOAD spy/stm32_eval.o
LOAD spy/stm3210c_eval_lcd.o
LOAD spy/stm3210c_eval_ioe.o
LOAD spy/misc.o
LOAD spy/stm32f10x_adc.o
LOAD spy/stm32f10x_bkp.o
LOAD spy/stm32f10x_can.o
LOAD spy/stm32f10x_crc.o
LOAD spy/stm32f10x_dac.o
LOAD spy/stm32f10x_dbgmcu.o
LOAD spy/stm32f10x_dma.o
LOAD spy/stm32f10x_exti.o
LOAD spy/stm32f10x_flash.o
LOAD spy/stm32f10x_fsmc.o
LOAD spy/stm32f10x_gpio.o
LOAD spy/stm32f10x_i2c.o
LOAD spy/stm32f10x_iwdg.o
LOAD spy/stm32f10x_pwr.o
LOAD spy/stm32f10x_rcc.o
LOAD spy/stm32f10x_rtc.o
LOAD spy/stm32f10x_sdio.o
LOAD spy/stm32f10x_spi.o
LOAD spy/stm32f10x_tim.o
LOAD spy/stm32f10x_usart.o
LOAD spy/stm32f10x_wwdg.o
LOAD spy/main.o
LOAD spy/table.o
LOAD spy/philo.o
LOAD spy/bsp.o
LOAD spy/no_heap.o
LOAD spy/mini_cpp.o
LOAD D:\software\qpcpp/ports/arm-cortex/qk/gnu/spy\libqk_cortex-m3_dk.a
LOAD D:\software\qpcpp/ports/arm-cortex/qk/gnu/spy\libqf_cortex-m3_dk.a
LOAD D:\software\qpcpp/ports/arm-cortex/qk/gnu/spy\libqep_cortex-m3_dk.a
LOAD D:\software\qpcpp/ports/arm-cortex/qk/gnu/spy\libqs_cortex-m3_dk.a
LOAD c:/tools/devkitpro/devkitarm/bin/../lib/gcc/arm-eabi/4.5.1/../../../../arm-eabi/lib/thumb/thumb2\libstdc++.a
LOAD c:/tools/devkitpro/devkitarm/bin/../lib/gcc/arm-eabi/4.5.1/../../../../arm-eabi/lib/thumb/thumb2\libm.a
START GROUP
LOAD c:/tools/devkitpro/devkitarm/bin/../lib/gcc/arm-eabi/4.5.1/thumb/thumb2\libgcc.a
LOAD c:/tools/devkitpro/devkitarm/bin/../lib/gcc/arm-eabi/4.5.1/../../../../arm-eabi/lib/thumb/thumb2\libc.a
LOAD c:/tools/devkitpro/devkitarm/bin/../lib/gcc/arm-eabi/4.5.1/../../../../arm-eabi/lib/thumb/thumb2\libsysbase.a
END GROUP
LOAD c:/tools/devkitpro/devkitarm/bin/../lib/gcc/arm-eabi/4.5.1/thumb/thumb2/crtend.o
LOAD c:/tools/devkitpro/devkitarm/bin/../lib/gcc/arm-eabi/4.5.1/thumb/thumb2/crtn.o
                0x00000400                STACK_SIZE = 0x400
                0x00000000                HEAP_SIZE = 0x0

.isr_vector     0x08000000      0x154
 *(.isr_vector)
 .isr_vector    0x08000000      0x154 spy/startup_stm32f10x_cl.o
                0x08000000                g_pfnVectors
                0x08000154                . = ALIGN (0x4)

.eh_frame       0x08000154        0x0
 .eh_frame      0x08000154        0x0 c:/tools/devkitpro/devkitarm/bin/../lib/gcc/arm-eabi/4.5.1/thumb/thumb2/crtbegin.o

.ARM.exidx.text.__aeabi_atexit
                0x08000154        0x8
 .ARM.exidx.text.__aeabi_atexit
                0x08000154        0x8 c:/tools/devkitpro/devkitarm/bin/../lib/gcc/arm-eabi/4.5.1/../../../../arm-eabi/lib/thumb/thumb2\libstdc++.a(atexit_arm.o)

.text           0x08000160     0x805c
                0x08000160                . = ALIGN (0x4)
 *(.text)
 .text          0x08000160       0x54 c:/tools/devkitpro/devkitarm/bin/../lib/gcc/arm-eabi/4.5.1/thumb/thumb2/crtbegin.o
 .text          0x080001b4       0xa8 spy/startup_stm32f10x_cl.o
                0x080001b4                EXTI2_IRQHandler
                0x080001b4                TIM8_TRG_COM_IRQHandler
                0x080001b4                TIM8_CC_IRQHandler
                0x080001b4                DebugMon_Handler
                0x080001b4                TIM1_CC_IRQHandler
                0x080001b4                TIM6_IRQHandler
                0x080001b4                PVD_IRQHandler
                0x080001b4                SDIO_IRQHandler
                0x080001b4                NMI_Handler
                0x080001b4                CAN2_RX1_IRQHandler
                0x080001b4                EXTI3_IRQHandler
                0x080001b4                I2C2_EV_IRQHandler
                0x080001b4                UsageFault_Handler
                0x080001b4                CAN2_SCE_IRQHandler
                0x080001b4                ADC1_2_IRQHandler
                0x080001b4                SPI1_IRQHandler
                0x080001b4                TAMPER_IRQHandler
                0x080001b4                CAN2_RX0_IRQHandler
                0x080001b4                TIM8_UP_IRQHandler
                0x080001b4                DMA2_Channel2_IRQHandler
                0x080001b4                DMA1_Channel4_IRQHandler
                0x080001b4                USART3_IRQHandler
                0x080001b4                RTC_IRQHandler
                0x080001b4                DMA1_Channel7_IRQHandler
                0x080001b4                USBWakeUp_IRQHandler
                0x080001b4                CAN1_RX1_IRQHandler
                0x080001b4                UART5_IRQHandler
                0x080001b4                ADC3_IRQHandler
                0x080001b4                TIM4_IRQHandler
                0x080001b4                DMA2_Channel1_IRQHandler
                0x080001b4                I2C1_EV_IRQHandler
                0x080001b4                DMA1_Channel6_IRQHandler
                0x080001b4                UART4_IRQHandler
                0x080001b4                TIM3_IRQHandler
                0x080001b4                RCC_IRQHandler
                0x080001b4                TIM1_TRG_COM_IRQHandler
                0x080001b4                DMA1_Channel1_IRQHandler
                0x080001b4                EXTI15_10_IRQHandler
                0x080001b4                TIM7_IRQHandler
                0x080001b4                CAN2_TX_IRQHandler
                0x080001b4                TIM5_IRQHandler
                0x080001b4                EXTI9_5_IRQHandler
                0x080001b4                ETH_WKUP_IRQHandler
                0x080001b4                SPI2_IRQHandler
                0x080001b4                MemManage_Handler
                0x080001b4                DMA2_Channel5_IRQHandler
                0x080001b4                DMA1_Channel5_IRQHandler
                0x080001b4                EXTI4_IRQHandler
                0x080001b4                USB_LP_CAN1_RX0_IRQHandler
                0x080001b4                USB_HP_CAN1_TX_IRQHandler
                0x080001b4                DMA1_Channel3_IRQHandler
                0x080001b4                FSMC_IRQHandler
                0x080001b4                ETH_IRQHandler
                0x080001b4                TIM1_UP_IRQHandler
                0x080001b4                WWDG_IRQHandler
                0x080001b4                TIM2_IRQHandler
                0x080001b4                TIM1_BRK_IRQHandler
                0x080001b4                EXTI1_IRQHandler
                0x080001b4                RTCAlarm_IRQHandler
                0x080001b4                DMA2_Channel4_5_IRQHandler
                0x080001b4                USART2_IRQHandler
                0x080001b4                I2C2_ER_IRQHandler
                0x080001b4                DMA1_Channel2_IRQHandler
                0x080001b4                TIM8_BRK_IRQHandler
                0x080001b4                CAN1_SCE_IRQHandler
                0x080001b4                FLASH_IRQHandler
                0x080001b4                BusFault_Handler
                0x080001b4                USART1_IRQHandler
                0x080001b4                Spurious_Handler
                0x080001b4                OTG_FS_IRQHandler
                0x080001b4                SPI3_IRQHandler
                0x080001b4                I2C1_ER_IRQHandler
                0x080001b4                DMA2_Channel3_IRQHandler
                0x080001d0                Reset_Handler
 .text          0x0800025c      0x170 spy/system_stm32f10x.o
                0x0800025c                SystemInit
 .text          0x080003cc      0x24c spy/stm32_eval.o
                0x080003cc                STM_EVAL_LEDInit
                0x08000418                STM_EVAL_LEDOn
                0x08000438                STM_EVAL_LEDOff
                0x08000458                STM_EVAL_LEDToggle
                0x0800047c                STM_EVAL_PBInit
                0x08000540                STM_EVAL_PBGetState
                0x08000568                STM_EVAL_COMInit
 .text          0x08000618      0xc4c spy/stm3210c_eval_lcd.o
                0x08000648                LCD_SetTextColor
                0x08000664                LCD_SetBackColor
                0x08000680                LCD_WriteRAM
                0x080006d4                LCD_CtrlLinesConfig
                0x08000710                LCD_CtrlLinesWrite
                0x08000718                LCD_nCS_StartByte
                0x08000758                LCD_WriteRegIndex
                0x080007c8                LCD_WriteRAM_Prepare
                0x080007dc                LCD_WriteReg
                0x08000850                LCD_DisplayOff
                0x08000860                LCD_DisplayOn
                0x08000870                LCD_PowerOn
                0x0800090c                LCD_SetCursor
                0x08000928                LCD_SetDisplayWindow
                0x08000998                LCD_WindowModeDisable
                0x080009bc                LCD_WriteRAMWord
                0x080009e0                LCD_DrawCircle
                0x08000b0c                LCD_ReadReg
                0x08000c50                LCD_DrawMonoPict
                0x08000cd0                LCD_DrawLine
                0x08000d5c                LCD_DrawRect
                0x08000da8                LCD_DrawChar
                0x08000e2c                LCD_DisplayChar
                0x08000e54                LCD_DisplayString
                0x08000ea4                LCD_ClearLine
                0x08000eb8                LCD_Clear
                0x08000ef8                LCD_SPIConfig
                0x08000fa0                LCD_Setup
                0x0800125c                STM3210C_LCD_Init
 .text          0x08001264      0x108 spy/misc.o
                0x08001264                NVIC_PriorityGroupConfig
                0x08001278                NVIC_Init
                0x08001300                NVIC_SetVectorTable
                0x08001318                NVIC_SystemLPConfig
                0x08001340                SysTick_CLKSourceConfig
 .text          0x0800136c      0x130 spy/stm32f10x_exti.o
                0x0800136c                EXTI_DeInit
                0x0800138c                EXTI_Init
                0x08001428                EXTI_StructInit
                0x0800143c                EXTI_GenerateSWInterrupt
                0x08001450                EXTI_GetFlagStatus
                0x08001464                EXTI_ClearFlag
                0x08001470                EXTI_GetITStatus
                0x08001490                EXTI_ClearITPendingBit
 .text          0x0800149c      0x348 spy/stm32f10x_gpio.o
                0x0800149c                GPIO_DeInit
                0x080015a8                GPIO_AFIODeInit
                0x080015c4                GPIO_Init
                0x0800168c                GPIO_StructInit
                0x080016a0                GPIO_ReadInputDataBit
                0x080016ac                GPIO_ReadInputData
                0x080016b4                GPIO_ReadOutputDataBit
                0x080016c0                GPIO_ReadOutputData
                0x080016c8                GPIO_SetBits
                0x080016cc                GPIO_ResetBits
                0x080016d0                GPIO_WriteBit
                0x080016dc                GPIO_Write
                0x080016e0                GPIO_PinLockConfig
                0x080016f0                GPIO_EventOutputConfig
                0x08001710                GPIO_EventOutputCmd
                0x0800171c                GPIO_PinRemapConfig
                0x08001794                GPIO_EXTILineConfig
                0x080017d8                GPIO_ETH_MediaInterfaceConfig
 .text          0x080017e4      0x5a0 spy/stm32f10x_rcc.o
                0x080017e4                RCC_DeInit
                0x08001838                RCC_HSEConfig
                0x08001884                RCC_AdjustHSICalibrationValue
                0x0800189c                RCC_HSICmd
                0x080018a8                RCC_PLLConfig
                0x080018c4                RCC_PLLCmd
                0x080018d0                RCC_PREDIV1Config
                0x080018f0                RCC_PREDIV2Config
                0x08001908                RCC_PLL2Config
                0x08001920                RCC_PLL2Cmd
                0x0800192c                RCC_PLL3Config
                0x08001944                RCC_PLL3Cmd
                0x08001950                RCC_SYSCLKConfig
                0x08001968                RCC_GetSYSCLKSource
                0x08001978                RCC_HCLKConfig
                0x08001990                RCC_PCLK1Config
                0x080019a8                RCC_PCLK2Config
                0x080019c0                RCC_ITConfig
                0x080019e8                RCC_OTGFSCLKConfig
                0x080019f4                RCC_ADCCLKConfig
                0x08001a0c                RCC_I2S2CLKConfig
                0x08001a18                RCC_I2S3CLKConfig
                0x08001a24                RCC_LSEConfig
                0x08001a60                RCC_LSICmd
                0x08001a6c                RCC_RTCCLKConfig
                0x08001a80                RCC_RTCCLKCmd
                0x08001a8c                RCC_GetClocksFreq
                0x08001bbc                RCC_AHBPeriphClockCmd
                0x08001be4                RCC_APB2PeriphClockCmd
                0x08001c0c                RCC_APB1PeriphClockCmd
                0x08001c34                RCC_AHBPeriphResetCmd
                0x08001c5c                RCC_APB2PeriphResetCmd
                0x08001c84                RCC_APB1PeriphResetCmd
                0x08001cac                RCC_BackupResetCmd
                0x08001cb8                RCC_ClockSecuritySystemCmd
                0x08001cc4                RCC_MCOConfig
                0x08001cd0                RCC_GetFlagStatus
                0x08001d14                RCC_WaitForHSEStartUp
                0x08001d50                RCC_ClearFlag
                0x08001d64                RCC_GetITStatus
                0x08001d78                RCC_ClearITPendingBit
 .text          0x08001d84      0x40c spy/stm32f10x_spi.o
                0x08001d84                SPI_I2S_DeInit
                0x08001df8                SPI_Init
                0x08001e58                I2S_Init
                0x08001fa0                SPI_StructInit
                0x08001fbc                I2S_StructInit
                0x08001fd4                SPI_Cmd
                0x08001ff4                I2S_Cmd
                0x08002014                SPI_I2S_ITConfig
                0x0800203c                SPI_I2S_DMACmd
                0x08002058                SPI_I2S_SendData
                0x0800205c                SPI_I2S_ReceiveData
                0x08002064                SPI_NSSInternalSoftwareConfig
                0x08002088                SPI_SSOutputCmd
                0x080020a8                SPI_DataSizeConfig
                0x080020c4                SPI_TransmitCRC
                0x080020d0                SPI_CalculateCRC
                0x080020f0                SPI_GetCRC
                0x08002100                SPI_GetCRCPolynomial
                0x08002108                SPI_BiDirectionalLineConfig
                0x0800212c                SPI_I2S_GetFlagStatus
                0x08002138                SPI_I2S_ClearFlag
                0x08002144                SPI_I2S_GetITStatus
                0x08002178                SPI_I2S_ClearITPendingBit
 .text          0x08002190      0x44c spy/stm32f10x_usart.o
                0x08002190                USART_DeInit
                0x08002250                USART_Init
                0x08002308                USART_StructInit
                0x08002324                USART_ClockInit
                0x08002354                USART_ClockStructInit
                0x08002364                USART_Cmd
                0x08002384                USART_ITConfig
                0x080023bc                USART_DMACmd
                0x080023d8                USART_SetAddress
                0x080023f4                USART_WakeUpConfig
                0x08002410                USART_ReceiverWakeUpCmd
                0x08002430                USART_LINBreakDetectLengthConfig
                0x0800244c                USART_LINCmd
                0x0800246c                USART_SendData
                0x08002478                USART_ReceiveData
                0x08002484                USART_SendBreak
                0x08002490                USART_SetGuardTime
                0x080024a4                USART_SetPrescaler
                0x080024b8                USART_SmartCardCmd
                0x080024d8                USART_SmartCardNACKCmd
                0x080024f8                USART_HalfDuplexCmd
                0x08002518                USART_IrDAConfig
                0x08002534                USART_IrDACmd
                0x08002554                USART_GetFlagStatus
                0x08002560                USART_ClearFlag
                0x0800256c                USART_GetITStatus
                0x080025c4                USART_ClearITPendingBit
 .text          0x080025dc      0x22c spy/main.o
                0x080025dc                main
 .text          0x08002808      0x488 spy/table.o
                0x08002808                Table::serving(Table*, QEvent const*)
                0x08002a2c                Table::initial(Table*, QEvent const*)
                0x08002c34                Table::Table()
                0x08002c34                Table::Table()
 .text          0x08002c90      0x6a4 spy/philo.o
                0x08002cb0                Philo::eating(Philo*, QEvent const*)
                0x08002d84                Philo::thinking(Philo*, QEvent const*)
                0x08002e18                Philo::hungry(Philo*, QEvent const*)
                0x08002efc                Philo::initial(Philo*, QEvent const*)
                0x080032d8                Philo::Philo()
                0x080032d8                Philo::Philo()
 .text          0x08003334      0x740 spy/bsp.o
                0x08003334                QF::onStartup()
                0x080033c8                QF::onCleanup()
                0x080033cc                QK::onIdle()
                0x08003410                Q_onAssert
                0x08003414                assert_failed
                0x0800341c                BSP_busyDelay()
                0x08003434                QS::onStartup(void const*)
                0x08003634                QS::onCleanup()
                0x08003638                QS::onGetTime()
                0x08003688                BSP_displyPhilStat(unsigned char, char const*)
                0x080036fc                EXTI0_IRQHandler
                0x080037f8                SysTick_Handler
                0x080038f0                QS::onFlush()
                0x08003918                BSP_init()
 .text          0x08003a74       0x44 spy/no_heap.o
                0x08003a74                malloc
                0x08003a8c                free
                0x08003aa0                calloc
 .text          0x08003ab8       0x1c spy/mini_cpp.o
                0x08003ab8                operator new(unsigned int)
                0x08003ac0                operator delete(void*)
                0x08003ac8                __cxa_atexit
                0x08003acc                __cxa_guard_acquire
                0x08003ad0                __cxa_guard_release
 .text          0x08003ad4      0x11c D:\software\qpcpp/ports/arm-cortex/qk/gnu/spy\libqk_cortex-m3_dk.a(qk.o)
                0x08003ad4                QK::getVersion()
                0x08003ae0                QF::init()
                0x08003ae8                QF::stop()
                0x08003af0                QActive::start(unsigned char, QEvent const**, unsigned int, void*, unsigned int, QEvent const*)
                0x08003b58                QActive::stop()
                0x08003b60                QK_schedPrio_
                0x08003bc8                QF::run()
 .text          0x08003bf0       0xe4 D:\software\qpcpp/ports/arm-cortex/qk/gnu/spy\libqk_cortex-m3_dk.a(qk_sched.o)
                0x08003bf0                QK_sched_
 .text          0x08003cd4      0x114 D:\software\qpcpp/ports/arm-cortex/qk/gnu/spy\libqf_cortex-m3_dk.a(qa_fifo.o)
                0x08003cd4                QActive::postFIFO(QEvent const*, void const*)
 .text          0x08003de8      0x178 D:\software\qpcpp/ports/arm-cortex/qk/gnu/spy\libqf_cortex-m3_dk.a(qa_get_.o)
                0x08003de8                QActive::get_()
                0x08003f24                QF::getQueueMargin(unsigned char)
 .text          0x08003f60       0xbc D:\software\qpcpp/ports/arm-cortex/qk/gnu/spy\libqf_cortex-m3_dk.a(qa_sub.o)
                0x08003f60                QActive::subscribe(unsigned short) const
 .text          0x0800401c       0x58 D:\software\qpcpp/ports/arm-cortex/qk/gnu/spy\libqf_cortex-m3_dk.a(qeq_init.o)
                0x0800401c                QEQueue::init(QEvent const**, unsigned char)
 .text          0x08004074      0x110 D:\software\qpcpp/ports/arm-cortex/qk/gnu/spy\libqf_cortex-m3_dk.a(qf_act.o)
                0x08004074                QF::getVersion()
                0x08004080                QF::add_(QActive*)
                0x08004100                QF::remove_(QActive const*)
 .text          0x08004184       0xc8 D:\software\qpcpp/ports/arm-cortex/qk/gnu/spy\libqf_cortex-m3_dk.a(qf_gc.o)
                0x08004184                QF::gc(QEvent const*)
 .text          0x0800424c       0xc4 D:\software\qpcpp/ports/arm-cortex/qk/gnu/spy\libqf_cortex-m3_dk.a(qf_new.o)
                0x0800424c                QF::new_(unsigned short, unsigned short)
 .text          0x08004310       0x88 D:\software\qpcpp/ports/arm-cortex/qk/gnu/spy\libqf_cortex-m3_dk.a(qf_pool.o)
                0x08004310                QF::poolInit(void*, unsigned int, unsigned short)
 .text          0x08004398       0x10 D:\software\qpcpp/ports/arm-cortex/qk/gnu/spy\libqf_cortex-m3_dk.a(qf_psini.o)
                0x08004398                QF::psInit(QSubscrList*, unsigned short)
 .text          0x080043a8      0x108 D:\software\qpcpp/ports/arm-cortex/qk/gnu/spy\libqf_cortex-m3_dk.a(qf_pspub.o)
                0x080043a8                QF::publish(QEvent const*, void const*)
 .text          0x080044b0      0x120 D:\software\qpcpp/ports/arm-cortex/qk/gnu/spy\libqf_cortex-m3_dk.a(qf_tick.o)
                0x080044b0                QF::tick(void const*)
 .text          0x080045d0       0xb0 D:\software\qpcpp/ports/arm-cortex/qk/gnu/spy\libqf_cortex-m3_dk.a(qmp_get.o)
                0x080045d0                QMPool::get()
                0x08004640                QF::getPoolMargin(unsigned char)
 .text          0x08004680      0x104 D:\software\qpcpp/ports/arm-cortex/qk/gnu/spy\libqf_cortex-m3_dk.a(qmp_init.o)
                0x08004680                QMPool::init(void*, unsigned int, unsigned short)
 .text          0x08004784       0x80 D:\software\qpcpp/ports/arm-cortex/qk/gnu/spy\libqf_cortex-m3_dk.a(qmp_put.o)
                0x08004784                QMPool::put(void*)
 .text          0x08004804       0x34 D:\software\qpcpp/ports/arm-cortex/qk/gnu/spy\libqf_cortex-m3_dk.a(qte_ctor.o)
                0x08004804                QTimeEvt::QTimeEvt(unsigned short)
                0x08004804                QTimeEvt::QTimeEvt(unsigned short)
 .text          0x08004838       0xa8 D:\software\qpcpp/ports/arm-cortex/qk/gnu/spy\libqf_cortex-m3_dk.a(qte_arm.o)
                0x08004838                QTimeEvt::arm_(QActive*, unsigned short)
 .text          0x080048e0      0x19c D:\software\qpcpp/ports/arm-cortex/qk/gnu/spy\libqep_cortex-m3_dk.a(qhsm_ini.o)
                0x080048e0                QHsm::~QHsm()
                0x080048e0                QHsm::~QHsm()
                0x080048ec                QHsm::~QHsm()
                0x08004900                QHsm::init(QEvent const*)
 .text          0x08004a7c      0x5e0 D:\software\qpcpp/ports/arm-cortex/qk/gnu/spy\libqep_cortex-m3_dk.a(qhsm_dis.o)
                0x08004a7c                QHsm::dispatch(QEvent const*)
 .text          0x0800505c        0x8 D:\software\qpcpp/ports/arm-cortex/qk/gnu/spy\libqep_cortex-m3_dk.a(qhsm_top.o)
                0x0800505c                QHsm::top(QHsm*, QEvent const*)
 .text          0x08005064      0xc00 D:\software\qpcpp/ports/arm-cortex/qk/gnu/spy\libqs_cortex-m3_dk.a(qs.o)
                0x08005064                QS::getVersion()
                0x08005070                QS::initBuf(unsigned char*, unsigned int)
                0x08005080                QS::filterOn(unsigned char)
                0x080050c4                QS::filterOff(unsigned char)
                0x08005108                QS::begin(unsigned char)
                0x080052b8                QS::end()
                0x080053e4                QS::u8(unsigned char, unsigned char)
                0x08005590                QS::u16(unsigned char, unsigned short)
                0x0800581c                QS::u32(unsigned char, unsigned int)
 .text          0x08005c64      0x8ec D:\software\qpcpp/ports/arm-cortex/qk/gnu/spy\libqs_cortex-m3_dk.a(qs_.o)
                0x08005c64                QS::u8_(unsigned char)
                0x08005d68                QS::u16_(unsigned short)
                0x08005f84                QS::u32_(unsigned int)
                0x080063c4                QS::str_(char const*)
                0x08006490                QS::str_ROM_(char const*)
 .text          0x08006550       0x5c D:\software\qpcpp/ports/arm-cortex/qk/gnu/spy\libqs_cortex-m3_dk.a(qs_byte.o)
                0x08006550                QS::getByte()
 .text          0x080065ac      0x248 D:\software\qpcpp/ports/arm-cortex/qk/gnu/spy\libqs_cortex-m3_dk.a(qs_str.o)
                0x080065ac                QS::str(char const*)
                0x080066d0                QS::str_ROM(char const*)
 .text          0x080067f4       0x74 c:/tools/devkitpro/devkitarm/bin/../lib/gcc/arm-eabi/4.5.1/../../../../arm-eabi/lib/thumb/thumb2\libc.a(lib_a-init.o)
                0x080067f4                __libc_init_array
                0x0800683c                __libc_fini_array
 *(.text*)
 .text._ZN7QActiveD2Ev
                0x08006868       0x14 spy/table.o
                0x08006868                QActive::~QActive()
                0x08006868                QActive::~QActive()
 .text._ZN5TableD2Ev
                0x0800687c       0x14 spy/table.o
                0x0800687c                Table::~Table()
                0x0800687c                Table::~Table()
 .text._ZN7QActiveD0Ev
                0x08006890       0x1c spy/table.o
                0x08006890                QActive::~QActive()
 .text._ZN5TableD0Ev
                0x080068ac       0x1c spy/table.o
                0x080068ac                Table::~Table()
 .text._ZN5PhiloD2Ev
                0x080068c8       0x14 spy/philo.o
                0x080068c8                Philo::~Philo()
                0x080068c8                Philo::~Philo()
 .text._ZN5PhiloD0Ev
                0x080068dc       0x1c spy/philo.o
                0x080068dc                Philo::~Philo()
 .text.QK_init  0x080068f8       0x24 D:\software\qpcpp/ports/arm-cortex/qk/gnu/spy\libqk_cortex-m3_dk.a(qk_port.o)
                0x080068f8                QK_init
 .text.PendSV_Handler
                0x0800691c       0x34 D:\software\qpcpp/ports/arm-cortex/qk/gnu/spy\libqk_cortex-m3_dk.a(qk_port.o)
                0x0800691c                PendSV_Handler
 .text.SVC_Handler
                0x08006950        0x4 D:\software\qpcpp/ports/arm-cortex/qk/gnu/spy\libqk_cortex-m3_dk.a(qk_port.o)
                0x08006950                SVC_Handler
 .text.__aeabi_atexit
                0x08006954       0x10 c:/tools/devkitpro/devkitarm/bin/../lib/gcc/arm-eabi/4.5.1/../../../../arm-eabi/lib/thumb/thumb2\libstdc++.a(atexit_arm.o)
                0x08006954                __aeabi_atexit
 *(.rodata)
 .rodata        0x08006964       0x14 spy/system_stm32f10x.o
                0x08006964                SystemFrequency
                0x08006968                SystemFrequency_SysClk
                0x0800696c                SystemFrequency_AHBClk
                0x08006970                SystemFrequency_APB1Clk
                0x08006974                SystemFrequency_APB2Clk
 .rodata        0x08006978       0x5c spy/stm32_eval.o
                0x08006978                GPIO_CLK
                0x08006988                GPIO_PIN
                0x08006990                BUTTON_CLK
                0x0800699c                BUTTON_PIN
                0x080069a4                BUTTON_PORT_SOURCE
                0x080069ac                BUTTON_PIN_SOURCE
                0x080069b4                BUTTON_EXTI_LINE
                0x080069bc                BUTTON_IRQn
                0x080069c4                COM_POR_CLK
                0x080069c8                COM_USART_CLK
                0x080069cc                COM_TX_PIN
                0x080069d0                COM_RX_PIN
 .rodata        0x080069d4     0x11d0 spy/stm3210c_eval_lcd.o
                0x080069d4                ASCII_Table
 .rodata        0x08007ba4       0x84 spy/main.o
 .rodata        0x08007c28       0x78 spy/table.o
                0x08007c9c                AO_Table
 .rodata        0x08007ca0      0x130 spy/philo.o
                0x08007dbc                AO_Philo
 .rodata        0x08007dd0       0x1c spy/bsp.o
 .rodata        0x08007dec        0xc spy/no_heap.o
 .rodata        0x08007df8        0xc D:\software\qpcpp/ports/arm-cortex/qk/gnu/spy\libqk_cortex-m3_dk.a(qk.o)
 .rodata        0x08007e04        0x8 D:\software\qpcpp/ports/arm-cortex/qk/gnu/spy\libqf_cortex-m3_dk.a(qa_fifo.o)
 .rodata        0x08007e0c        0x8 D:\software\qpcpp/ports/arm-cortex/qk/gnu/spy\libqf_cortex-m3_dk.a(qa_get_.o)
 .rodata        0x08007e14        0x8 D:\software\qpcpp/ports/arm-cortex/qk/gnu/spy\libqf_cortex-m3_dk.a(qa_sub.o)
 .rodata        0x08007e1c       0x10 D:\software\qpcpp/ports/arm-cortex/qk/gnu/spy\libqf_cortex-m3_dk.a(qf_act.o)
 .rodata        0x08007e2c        0x8 D:\software\qpcpp/ports/arm-cortex/qk/gnu/spy\libqf_cortex-m3_dk.a(qf_gc.o)
 .rodata        0x08007e34      0x100 D:\software\qpcpp/ports/arm-cortex/qk/gnu/spy\libqf_cortex-m3_dk.a(qf_log2.o)
                0x08007e34                QF_log2Lkup
 .rodata        0x08007f34        0x8 D:\software\qpcpp/ports/arm-cortex/qk/gnu/spy\libqf_cortex-m3_dk.a(qf_new.o)
 .rodata        0x08007f3c        0x8 D:\software\qpcpp/ports/arm-cortex/qk/gnu/spy\libqf_cortex-m3_dk.a(qf_pool.o)
 .rodata        0x08007f44        0xc D:\software\qpcpp/ports/arm-cortex/qk/gnu/spy\libqf_cortex-m3_dk.a(qf_pspub.o)
 .rodata        0x08007f50       0xcc D:\software\qpcpp/ports/arm-cortex/qk/gnu/spy\libqf_cortex-m3_dk.a(qf_pwr2.o)
                0x08007f50                QF_pwr2Lkup
                0x08007f94                QF_invPwr2Lkup
                0x08007fd8                QF_div8Lkup
 .rodata        0x0800801c        0x8 D:\software\qpcpp/ports/arm-cortex/qk/gnu/spy\libqf_cortex-m3_dk.a(qmp_get.o)
 .rodata        0x08008024        0xc D:\software\qpcpp/ports/arm-cortex/qk/gnu/spy\libqf_cortex-m3_dk.a(qmp_init.o)
 .rodata        0x08008030        0x8 D:\software\qpcpp/ports/arm-cortex/qk/gnu/spy\libqf_cortex-m3_dk.a(qmp_put.o)
 .rodata        0x08008038        0xc D:\software\qpcpp/ports/arm-cortex/qk/gnu/spy\libqf_cortex-m3_dk.a(qte_ctor.o)
 .rodata        0x08008044        0x8 D:\software\qpcpp/ports/arm-cortex/qk/gnu/spy\libqf_cortex-m3_dk.a(qte_arm.o)
 *fill*         0x0800804c        0x4 00
 .rodata        0x08008050       0x20 D:\software\qpcpp/ports/arm-cortex/qk/gnu/spy\libqep_cortex-m3_dk.a(qhsm_ini.o)
                0x08008050                vtable for QHsm
 .rodata        0x08008070        0xc D:\software\qpcpp/ports/arm-cortex/qk/gnu/spy\libqep_cortex-m3_dk.a(qhsm_dis.o)
 .rodata        0x0800807c       0x18 D:\software\qpcpp/ports/arm-cortex/qk/gnu/spy\libqep_cortex-m3_dk.a(qep.o)
                0x08008084                QEP_reservedEvt_
 .rodata        0x08008094        0x8 D:\software\qpcpp/ports/arm-cortex/qk/gnu/spy\libqs_cortex-m3_dk.a(qs.o)
 *(.rodata*)
 .rodata.str1.4
                0x0800809c       0x15 spy/startup_stm32f10x_cl.o
                                 0x18 (size before relaxing)
 *fill*         0x080080b1        0x3 00
 .rodata.str1.4
                0x080080b4       0x15 spy/stm3210c_eval_lcd.o
                                 0x18 (size before relaxing)
 *fill*         0x080080c9        0x7 00
 .rodata._ZTV5Table
                0x080080d0       0x10 spy/table.o
                0x080080d0                vtable for Table
 .rodata._ZTV7QActive
                0x080080e0       0x10 spy/table.o
                0x080080e0                vtable for QActive
 .rodata.str1.4
                0x080080f0       0x21 spy/table.o
                                 0x24 (size before relaxing)
 *fill*         0x08008111        0x7 00
 .rodata._ZTV5Philo
                0x08008118       0x10 spy/philo.o
                0x08008118                vtable for Philo
 .rodata.str1.4
                0x08008128       0x7c spy/bsp.o
 *(.init)
 .init          0x080081a4        0x4 c:/tools/devkitpro/devkitarm/bin/../lib/gcc/arm-eabi/4.5.1/thumb/thumb2/crti.o
                0x080081a4                _init
 .init          0x080081a8        0x8 c:/tools/devkitpro/devkitarm/bin/../lib/gcc/arm-eabi/4.5.1/thumb/thumb2/crtn.o
 *(.fini)
 .fini          0x080081b0        0x4 c:/tools/devkitpro/devkitarm/bin/../lib/gcc/arm-eabi/4.5.1/thumb/thumb2/crti.o
                0x080081b0                _fini
 .fini          0x080081b4        0x8 c:/tools/devkitpro/devkitarm/bin/../lib/gcc/arm-eabi/4.5.1/thumb/thumb2/crtn.o
                0x080081bc                . = ALIGN (0x4)
                0x080081bc                _etext = .

.glue_7         0x080081bc        0x0
 .glue_7        0x00000000        0x0 linker stubs

.glue_7t        0x080081bc        0x0
 .glue_7t       0x00000000        0x0 linker stubs

.vfp11_veneer   0x080081bc        0x0
 .vfp11_veneer  0x00000000        0x0 linker stubs

.v4_bx          0x080081bc        0x0
 .v4_bx         0x00000000        0x0 linker stubs

.preinit_array  0x080081bc        0x0
                0x080081bc                PROVIDE (__preinit_array_start, .)
 *(.preinit_array*)
                0x080081bc                PROVIDE (__preinit_array_end, .)

.init_array     0x080081bc        0xc
                0x080081bc                PROVIDE (__init_array_start, .)
 *(SORT(.init_array.*))
 *(.init_array*)
 .init_array    0x080081bc        0x4 c:/tools/devkitpro/devkitarm/bin/../lib/gcc/arm-eabi/4.5.1/thumb/thumb2/crtbegin.o
 .init_array    0x080081c0        0x4 spy/table.o
 .init_array    0x080081c4        0x4 spy/philo.o
                0x080081c8                PROVIDE (__init_array_end, .)

.fini_array     0x080081c8        0x4
                0x080081c8                PROVIDE (__fini_array_start, .)
 *(.fini_array*)
 .fini_array    0x080081c8        0x4 c:/tools/devkitpro/devkitarm/bin/../lib/gcc/arm-eabi/4.5.1/thumb/thumb2/crtbegin.o
 *(SORT(.fini_array.*))
                0x080081cc                PROVIDE (__fini_array_end, .)

.data           0x20000000       0x44 load address 0x080081cc
                0x080081cc                __data_load = LOADADDR (.data)
                0x20000000                __data_start = .
 *(.data)
 .data          0x20000000        0x4 c:/tools/devkitpro/devkitarm/bin/../lib/gcc/arm-eabi/4.5.1/thumb/thumb2/crtbegin.o
                0x20000000                __dso_handle
 .data          0x20000004       0x24 spy/stm32_eval.o
                0x20000004                GPIO_PORT
                0x20000014                BUTTON_PORT
                0x20000020                COM_PORT
                0x20000024                COM_USART
 .data          0x20000028        0x2 spy/stm3210c_eval_lcd.o
 *fill*         0x2000002a        0x2 00
 .data          0x2000002c       0x14 spy/stm32f10x_rcc.o
 .data          0x20000040        0x1 D:\software\qpcpp/ports/arm-cortex/qk/gnu/spy\libqk_cortex-m3_dk.a(qk.o)
                0x20000040                QK_currPrio_
 *(.data*)
                0x20000044                . = ALIGN (0x4)
 *fill*         0x20000041        0x3 00
                0x20000044                __data_end__ = .
                0x20000044                _edata = __data_end__

.jcr            0x20000044        0x0
 .jcr           0x20000044        0x0 c:/tools/devkitpro/devkitarm/bin/../lib/gcc/arm-eabi/4.5.1/thumb/thumb2/crtbegin.o

.bss            0x20000044      0xc34 load address 0x08008210
                0x20000044                __bss_start__ = .
 *(.bss)
 .bss           0x20000044       0x1c c:/tools/devkitpro/devkitarm/bin/../lib/gcc/arm-eabi/4.5.1/thumb/thumb2/crtbegin.o
 .bss           0x20000060        0x2 spy/stm3210c_eval_lcd.o
 *fill*         0x20000062        0x2 00
 .bss           0x20000064      0x100 spy/main.o
 .bss           0x20000164       0x24 spy/table.o
 .bss           0x20000188       0xf4 spy/philo.o
 .bss           0x2000027c      0x80c spy/bsp.o
                0x20000a7c                QS_tickPeriod_
                0x20000a80                QS_tickTime_
 .bss           0x20000a88        0xc D:\software\qpcpp/ports/arm-cortex/qk/gnu/spy\libqk_cortex-m3_dk.a(qk.o)
                0x20000a88                QK_readySet_
                0x20000a91                QK_intNest_
 .bss           0x20000a94        0x1 D:\software\qpcpp/ports/arm-cortex/qk/gnu/spy\libqk_cortex-m3_dk.a(qk_mutex.o)
                0x20000a94                QK_ceilingPrio_
 *fill*         0x20000a95        0x3 00
 .bss           0x20000a98      0x104 D:\software\qpcpp/ports/arm-cortex/qk/gnu/spy\libqf_cortex-m3_dk.a(qf_act.o)
                0x20000a98                QF::active_
                0x20000b98                QF_intLockNest_
 .bss           0x20000b9c       0x7c D:\software\qpcpp/ports/arm-cortex/qk/gnu/spy\libqf_cortex-m3_dk.a(qf_pool.o)
                0x20000b9c                QF_maxPool_
                0x20000ba0                QF_pool_
 .bss           0x20000c18        0x8 D:\software\qpcpp/ports/arm-cortex/qk/gnu/spy\libqf_cortex-m3_dk.a(qf_psini.o)
                0x20000c18                QF_subscrList_
                0x20000c1c                QF_maxSignal_
 .bss           0x20000c20        0x1 D:\software\qpcpp/ports/arm-cortex/qk/gnu/spy\libqf_cortex-m3_dk.a(qf_tick.o)
 *fill*         0x20000c21        0x3 00
 .bss           0x20000c24        0x4 D:\software\qpcpp/ports/arm-cortex/qk/gnu/spy\libqf_cortex-m3_dk.a(qte_arm.o)
                0x20000c24                QF_timeEvtListHead_
 .bss           0x20000c28       0x34 D:\software\qpcpp/ports/arm-cortex/qk/gnu/spy\libqs_cortex-m3_dk.a(qs.o)
                0x20000c28                QS_ring_
                0x20000c2c                QS_end_
                0x20000c30                QS::glbFilter_
                0x20000c50                QS_seq_
                0x20000c51                QS_chksum_
                0x20000c52                QS_head_
                0x20000c54                QS_used_
                0x20000c56                QS_tail_
                0x20000c58                QS_full_
 .bss           0x20000c5c       0x1c D:\software\qpcpp/ports/arm-cortex/qk/gnu/spy\libqs_cortex-m3_dk.a(qs_.o)
                0x20000c5c                QS::smObj_
                0x20000c60                QS::aoObj_
                0x20000c64                QS::mpObj_
                0x20000c68                QS::eqObj_
                0x20000c6c                QS::teObj_
                0x20000c70                QS::apObj_
                0x20000c74                QS::tickCtr_
 *(.bss*)
 *(COMMON)
                0x20000c78                . = ALIGN (0x4)
                0x20000c78                _ebss = .
                0x20000c78                __bss_end__ = .
                0x20000c78                PROVIDE (end, _ebss)
                0x20000c78                PROVIDE (_end, _ebss)
                0x20000c78                PROVIDE (__end__, _ebss)

.heap           0x20000c78        0x0 load address 0x08008210
                0x20000c78                __heap_start__ = .
                0x20000c78                . = (. + HEAP_SIZE)
                0x20000c78                . = ALIGN (0x4)
                0x20000c78                __heap_end__ = .

.stack          0x20000c78      0x400 load address 0x08008210
                0x20000c78                __stack_start__ = .
                0x20001078                . = (. + STACK_SIZE)
 *fill*         0x20000c78      0x400 00
                0x20001078                . = ALIGN (0x4)
                0x20001078                __c_stack_top__ = .
                0x20001078                __stack_end__ = .

/DISCARD/
 libc.a(*)
 libm.a(*)
 libgcc.a(*)
OUTPUT(spy/dpp-qk.elf elf32-littlearm)

.ARM.attributes
                0x00000000       0x25
 .ARM.attributes
                0x00000000       0x17 c:/tools/devkitpro/devkitarm/bin/../lib/gcc/arm-eabi/4.5.1/thumb/thumb2/crti.o
 .ARM.attributes
                0x00000017       0x27 c:/tools/devkitpro/devkitarm/bin/../lib/gcc/arm-eabi/4.5.1/thumb/thumb2/crtbegin.o
 .ARM.attributes
                0x0000003e       0x17 c:/tools/devkitpro/devkitarm/bin/../lib/gcc/arm-eabi/4.5.1/../../../../arm-eabi/lib/thumb/thumb2/crt0.o
 .ARM.attributes
                0x00000055       0x31 spy/startup_stm32f10x_cl.o
 .ARM.attributes
                0x00000086       0x31 spy/core_cm3.o
 .ARM.attributes
                0x000000b7       0x31 spy/system_stm32f10x.o
 .ARM.attributes
                0x000000e8       0x31 spy/stm32_eval.o
 .ARM.attributes
                0x00000119       0x31 spy/stm3210c_eval_lcd.o
 .ARM.attributes
                0x0000014a       0x31 spy/stm3210c_eval_ioe.o
 .ARM.attributes
                0x0000017b       0x31 spy/misc.o
 .ARM.attributes
                0x000001ac       0x31 spy/stm32f10x_adc.o
 .ARM.attributes
                0x000001dd       0x31 spy/stm32f10x_bkp.o
 .ARM.attributes
                0x0000020e       0x31 spy/stm32f10x_can.o
 .ARM.attributes
                0x0000023f       0x31 spy/stm32f10x_crc.o
 .ARM.attributes
                0x00000270       0x31 spy/stm32f10x_dac.o
 .ARM.attributes
                0x000002a1       0x31 spy/stm32f10x_dbgmcu.o
 .ARM.attributes
                0x000002d2       0x31 spy/stm32f10x_dma.o
 .ARM.attributes
                0x00000303       0x31 spy/stm32f10x_exti.o
 .ARM.attributes
                0x00000334       0x31 spy/stm32f10x_flash.o
 .ARM.attributes
                0x00000365       0x31 spy/stm32f10x_fsmc.o
 .ARM.attributes
                0x00000396       0x31 spy/stm32f10x_gpio.o
 .ARM.attributes
                0x000003c7       0x31 spy/stm32f10x_i2c.o
 .ARM.attributes
                0x000003f8       0x31 spy/stm32f10x_iwdg.o
 .ARM.attributes
                0x00000429       0x31 spy/stm32f10x_pwr.o
 .ARM.attributes
                0x0000045a       0x31 spy/stm32f10x_rcc.o
 .ARM.attributes
                0x0000048b       0x31 spy/stm32f10x_rtc.o
 .ARM.attributes
                0x000004bc       0x31 spy/stm32f10x_sdio.o
 .ARM.attributes
                0x000004ed       0x31 spy/stm32f10x_spi.o
 .ARM.attributes
                0x0000051e       0x31 spy/stm32f10x_tim.o
 .ARM.attributes
                0x0000054f       0x31 spy/stm32f10x_usart.o
 .ARM.attributes
                0x00000580       0x31 spy/stm32f10x_wwdg.o
 .ARM.attributes
                0x000005b1       0x31 spy/main.o
 .ARM.attributes
                0x000005e2       0x31 spy/table.o
 .ARM.attributes
                0x00000613       0x31 spy/philo.o
 .ARM.attributes
                0x00000644       0x31 spy/bsp.o
 .ARM.attributes
                0x00000675       0x31 spy/no_heap.o
 .ARM.attributes
                0x000006a6       0x31 spy/mini_cpp.o
 .ARM.attributes
                0x000006d7       0x31 D:\software\qpcpp/ports/arm-cortex/qk/gnu/spy\libqk_cortex-m3_dk.a(qk.o)
 .ARM.attributes
                0x00000708       0x31 D:\software\qpcpp/ports/arm-cortex/qk/gnu/spy\libqk_cortex-m3_dk.a(qk_sched.o)
 .ARM.attributes
                0x00000739       0x31 D:\software\qpcpp/ports/arm-cortex/qk/gnu/spy\libqk_cortex-m3_dk.a(qk_mutex.o)
 .ARM.attributes
                0x0000076a       0x21 D:\software\qpcpp/ports/arm-cortex/qk/gnu/spy\libqk_cortex-m3_dk.a(qk_port.o)
 .ARM.attributes
                0x0000078b       0x31 D:\software\qpcpp/ports/arm-cortex/qk/gnu/spy\libqf_cortex-m3_dk.a(qa_fifo.o)
 .ARM.attributes
                0x000007bc       0x31 D:\software\qpcpp/ports/arm-cortex/qk/gnu/spy\libqf_cortex-m3_dk.a(qa_get_.o)
 .ARM.attributes
                0x000007ed       0x31 D:\software\qpcpp/ports/arm-cortex/qk/gnu/spy\libqf_cortex-m3_dk.a(qa_sub.o)
 .ARM.attributes
                0x0000081e       0x31 D:\software\qpcpp/ports/arm-cortex/qk/gnu/spy\libqf_cortex-m3_dk.a(qeq_init.o)
 .ARM.attributes
                0x0000084f       0x31 D:\software\qpcpp/ports/arm-cortex/qk/gnu/spy\libqf_cortex-m3_dk.a(qf_act.o)
 .ARM.attributes
                0x00000880       0x31 D:\software\qpcpp/ports/arm-cortex/qk/gnu/spy\libqf_cortex-m3_dk.a(qf_gc.o)
 .ARM.attributes
                0x000008b1       0x31 D:\software\qpcpp/ports/arm-cortex/qk/gnu/spy\libqf_cortex-m3_dk.a(qf_log2.o)
 .ARM.attributes
                0x000008e2       0x31 D:\software\qpcpp/ports/arm-cortex/qk/gnu/spy\libqf_cortex-m3_dk.a(qf_new.o)
 .ARM.attributes
                0x00000913       0x31 D:\software\qpcpp/ports/arm-cortex/qk/gnu/spy\libqf_cortex-m3_dk.a(qf_pool.o)
 .ARM.attributes
                0x00000944       0x31 D:\software\qpcpp/ports/arm-cortex/qk/gnu/spy\libqf_cortex-m3_dk.a(qf_psini.o)
 .ARM.attributes
                0x00000975       0x31 D:\software\qpcpp/ports/arm-cortex/qk/gnu/spy\libqf_cortex-m3_dk.a(qf_pspub.o)
 .ARM.attributes
                0x000009a6       0x31 D:\software\qpcpp/ports/arm-cortex/qk/gnu/spy\libqf_cortex-m3_dk.a(qf_pwr2.o)
 .ARM.attributes
                0x000009d7       0x31 D:\software\qpcpp/ports/arm-cortex/qk/gnu/spy\libqf_cortex-m3_dk.a(qf_tick.o)
 .ARM.attributes
                0x00000a08       0x31 D:\software\qpcpp/ports/arm-cortex/qk/gnu/spy\libqf_cortex-m3_dk.a(qmp_get.o)
 .ARM.attributes
                0x00000a39       0x31 D:\software\qpcpp/ports/arm-cortex/qk/gnu/spy\libqf_cortex-m3_dk.a(qmp_init.o)
 .ARM.attributes
                0x00000a6a       0x31 D:\software\qpcpp/ports/arm-cortex/qk/gnu/spy\libqf_cortex-m3_dk.a(qmp_put.o)
 .ARM.attributes
                0x00000a9b       0x31 D:\software\qpcpp/ports/arm-cortex/qk/gnu/spy\libqf_cortex-m3_dk.a(qte_ctor.o)
 .ARM.attributes
                0x00000acc       0x31 D:\software\qpcpp/ports/arm-cortex/qk/gnu/spy\libqf_cortex-m3_dk.a(qte_arm.o)
 .ARM.attributes
                0x00000afd       0x31 D:\software\qpcpp/ports/arm-cortex/qk/gnu/spy\libqep_cortex-m3_dk.a(qhsm_ini.o)
 .ARM.attributes
                0x00000b2e       0x31 D:\software\qpcpp/ports/arm-cortex/qk/gnu/spy\libqep_cortex-m3_dk.a(qhsm_dis.o)
 .ARM.attributes
                0x00000b5f       0x31 D:\software\qpcpp/ports/arm-cortex/qk/gnu/spy\libqep_cortex-m3_dk.a(qhsm_top.o)
 .ARM.attributes
                0x00000b90       0x31 D:\software\qpcpp/ports/arm-cortex/qk/gnu/spy\libqep_cortex-m3_dk.a(qep.o)
 .ARM.attributes
                0x00000bc1       0x31 D:\software\qpcpp/ports/arm-cortex/qk/gnu/spy\libqs_cortex-m3_dk.a(qs.o)
 .ARM.attributes
                0x00000bf2       0x31 D:\software\qpcpp/ports/arm-cortex/qk/gnu/spy\libqs_cortex-m3_dk.a(qs_.o)
 .ARM.attributes
                0x00000c23       0x31 D:\software\qpcpp/ports/arm-cortex/qk/gnu/spy\libqs_cortex-m3_dk.a(qs_byte.o)
 .ARM.attributes
                0x00000c54       0x31 D:\software\qpcpp/ports/arm-cortex/qk/gnu/spy\libqs_cortex-m3_dk.a(qs_str.o)
 .ARM.attributes
                0x00000c85       0x27 c:/tools/devkitpro/devkitarm/bin/../lib/gcc/arm-eabi/4.5.1/../../../../arm-eabi/lib/thumb/thumb2\libstdc++.a(atexit_arm.o)
 .ARM.attributes
                0x00000cac       0x27 c:/tools/devkitpro/devkitarm/bin/../lib/gcc/arm-eabi/4.5.1/../../../../arm-eabi/lib/thumb/thumb2\libc.a(lib_a-atexit.o)
 .ARM.attributes
                0x00000cd3       0x27 c:/tools/devkitpro/devkitarm/bin/../lib/gcc/arm-eabi/4.5.1/../../../../arm-eabi/lib/thumb/thumb2\libc.a(lib_a-exit.o)
 .ARM.attributes
                0x00000cfa       0x27 c:/tools/devkitpro/devkitarm/bin/../lib/gcc/arm-eabi/4.5.1/../../../../arm-eabi/lib/thumb/thumb2\libc.a(lib_a-impure.o)
 .ARM.attributes
                0x00000d21       0x27 c:/tools/devkitpro/devkitarm/bin/../lib/gcc/arm-eabi/4.5.1/../../../../arm-eabi/lib/thumb/thumb2\libc.a(lib_a-init.o)
 .ARM.attributes
                0x00000d48       0x27 c:/tools/devkitpro/devkitarm/bin/../lib/gcc/arm-eabi/4.5.1/../../../../arm-eabi/lib/thumb/thumb2\libc.a(lib_a-memset.o)
 .ARM.attributes
                0x00000d6f       0x27 c:/tools/devkitpro/devkitarm/bin/../lib/gcc/arm-eabi/4.5.1/../../../../arm-eabi/lib/thumb/thumb2\libc.a(lib_a-__atexit.o)
 .ARM.attributes
                0x00000d96       0x27 c:/tools/devkitpro/devkitarm/bin/../lib/gcc/arm-eabi/4.5.1/../../../../arm-eabi/lib/thumb/thumb2\libc.a(lib_a-__call_atexit.o)
 .ARM.attributes
                0x00000dbd       0x27 c:/tools/devkitpro/devkitarm/bin/../lib/gcc/arm-eabi/4.5.1/../../../../arm-eabi/lib/thumb/thumb2\libsysbase.a(_exit.o)
 .ARM.attributes
                0x00000de4       0x27 c:/tools/devkitpro/devkitarm/bin/../lib/gcc/arm-eabi/4.5.1/../../../../arm-eabi/lib/thumb/thumb2\libsysbase.a(syscall_support.o)
 .ARM.attributes
                0x00000e0b       0x27 c:/tools/devkitpro/devkitarm/bin/../lib/gcc/arm-eabi/4.5.1/thumb/thumb2/crtend.o
 .ARM.attributes
                0x00000e32       0x17 c:/tools/devkitpro/devkitarm/bin/../lib/gcc/arm-eabi/4.5.1/thumb/thumb2/crtn.o

.comment        0x00000000       0x22
 .comment       0x00000000       0x22 c:/tools/devkitpro/devkitarm/bin/../lib/gcc/arm-eabi/4.5.1/thumb/thumb2/crtbegin.o
                                 0x23 (size before relaxing)
 .comment       0x00000000       0x23 spy/startup_stm32f10x_cl.o
 .comment       0x00000000       0x23 spy/core_cm3.o
 .comment       0x00000000       0x23 spy/system_stm32f10x.o
 .comment       0x00000000       0x23 spy/stm32_eval.o
 .comment       0x00000000       0x23 spy/stm3210c_eval_lcd.o
 .comment       0x00000000       0x23 spy/stm3210c_eval_ioe.o
 .comment       0x00000000       0x23 spy/misc.o
 .comment       0x00000000       0x23 spy/stm32f10x_adc.o
 .comment       0x00000000       0x23 spy/stm32f10x_bkp.o
 .comment       0x00000000       0x23 spy/stm32f10x_can.o
 .comment       0x00000000       0x23 spy/stm32f10x_crc.o
 .comment       0x00000000       0x23 spy/stm32f10x_dac.o
 .comment       0x00000000       0x23 spy/stm32f10x_dbgmcu.o
 .comment       0x00000000       0x23 spy/stm32f10x_dma.o
 .comment       0x00000000       0x23 spy/stm32f10x_exti.o
 .comment       0x00000000       0x23 spy/stm32f10x_flash.o
 .comment       0x00000000       0x23 spy/stm32f10x_fsmc.o
 .comment       0x00000000       0x23 spy/stm32f10x_gpio.o
 .comment       0x00000000       0x23 spy/stm32f10x_i2c.o
 .comment       0x00000000       0x23 spy/stm32f10x_iwdg.o
 .comment       0x00000000       0x23 spy/stm32f10x_pwr.o
 .comment       0x00000000       0x23 spy/stm32f10x_rcc.o
 .comment       0x00000000       0x23 spy/stm32f10x_rtc.o
 .comment       0x00000000       0x23 spy/stm32f10x_sdio.o
 .comment       0x00000000       0x23 spy/stm32f10x_spi.o
 .comment       0x00000000       0x23 spy/stm32f10x_tim.o
 .comment       0x00000000       0x23 spy/stm32f10x_usart.o
 .comment       0x00000000       0x23 spy/stm32f10x_wwdg.o
 .comment       0x00000000       0x23 spy/main.o
 .comment       0x00000000       0x23 spy/table.o
 .comment       0x00000000       0x23 spy/philo.o
 .comment       0x00000000       0x23 spy/bsp.o
 .comment       0x00000000       0x23 spy/no_heap.o
 .comment       0x00000000       0x23 spy/mini_cpp.o
 .comment       0x00000000       0x23 D:\software\qpcpp/ports/arm-cortex/qk/gnu/spy\libqk_cortex-m3_dk.a(qk.o)
 .comment       0x00000000       0x23 D:\software\qpcpp/ports/arm-cortex/qk/gnu/spy\libqk_cortex-m3_dk.a(qk_sched.o)
 .comment       0x00000000       0x23 D:\software\qpcpp/ports/arm-cortex/qk/gnu/spy\libqk_cortex-m3_dk.a(qk_mutex.o)
 .comment       0x00000000       0x23 D:\software\qpcpp/ports/arm-cortex/qk/gnu/spy\libqf_cortex-m3_dk.a(qa_fifo.o)
 .comment       0x00000000       0x23 D:\software\qpcpp/ports/arm-cortex/qk/gnu/spy\libqf_cortex-m3_dk.a(qa_get_.o)
 .comment       0x00000000       0x23 D:\software\qpcpp/ports/arm-cortex/qk/gnu/spy\libqf_cortex-m3_dk.a(qa_sub.o)
 .comment       0x00000000       0x23 D:\software\qpcpp/ports/arm-cortex/qk/gnu/spy\libqf_cortex-m3_dk.a(qeq_init.o)
 .comment       0x00000000       0x23 D:\software\qpcpp/ports/arm-cortex/qk/gnu/spy\libqf_cortex-m3_dk.a(qf_act.o)
 .comment       0x00000000       0x23 D:\software\qpcpp/ports/arm-cortex/qk/gnu/spy\libqf_cortex-m3_dk.a(qf_gc.o)
 .comment       0x00000000       0x23 D:\software\qpcpp/ports/arm-cortex/qk/gnu/spy\libqf_cortex-m3_dk.a(qf_log2.o)
 .comment       0x00000000       0x23 D:\software\qpcpp/ports/arm-cortex/qk/gnu/spy\libqf_cortex-m3_dk.a(qf_new.o)
 .comment       0x00000000       0x23 D:\software\qpcpp/ports/arm-cortex/qk/gnu/spy\libqf_cortex-m3_dk.a(qf_pool.o)
 .comment       0x00000000       0x23 D:\software\qpcpp/ports/arm-cortex/qk/gnu/spy\libqf_cortex-m3_dk.a(qf_psini.o)
 .comment       0x00000000       0x23 D:\software\qpcpp/ports/arm-cortex/qk/gnu/spy\libqf_cortex-m3_dk.a(qf_pspub.o)
 .comment       0x00000000       0x23 D:\software\qpcpp/ports/arm-cortex/qk/gnu/spy\libqf_cortex-m3_dk.a(qf_pwr2.o)
 .comment       0x00000000       0x23 D:\software\qpcpp/ports/arm-cortex/qk/gnu/spy\libqf_cortex-m3_dk.a(qf_tick.o)
 .comment       0x00000000       0x23 D:\software\qpcpp/ports/arm-cortex/qk/gnu/spy\libqf_cortex-m3_dk.a(qmp_get.o)
 .comment       0x00000000       0x23 D:\software\qpcpp/ports/arm-cortex/qk/gnu/spy\libqf_cortex-m3_dk.a(qmp_init.o)
 .comment       0x00000000       0x23 D:\software\qpcpp/ports/arm-cortex/qk/gnu/spy\libqf_cortex-m3_dk.a(qmp_put.o)
 .comment       0x00000000       0x23 D:\software\qpcpp/ports/arm-cortex/qk/gnu/spy\libqf_cortex-m3_dk.a(qte_ctor.o)
 .comment       0x00000000       0x23 D:\software\qpcpp/ports/arm-cortex/qk/gnu/spy\libqf_cortex-m3_dk.a(qte_arm.o)
 .comment       0x00000000       0x23 D:\software\qpcpp/ports/arm-cortex/qk/gnu/spy\libqep_cortex-m3_dk.a(qhsm_ini.o)
 .comment       0x00000000       0x23 D:\software\qpcpp/ports/arm-cortex/qk/gnu/spy\libqep_cortex-m3_dk.a(qhsm_dis.o)
 .comment       0x00000000       0x23 D:\software\qpcpp/ports/arm-cortex/qk/gnu/spy\libqep_cortex-m3_dk.a(qhsm_top.o)
 .comment       0x00000000       0x23 D:\software\qpcpp/ports/arm-cortex/qk/gnu/spy\libqep_cortex-m3_dk.a(qep.o)
 .comment       0x00000000       0x23 D:\software\qpcpp/ports/arm-cortex/qk/gnu/spy\libqs_cortex-m3_dk.a(qs.o)
 .comment       0x00000000       0x23 D:\software\qpcpp/ports/arm-cortex/qk/gnu/spy\libqs_cortex-m3_dk.a(qs_.o)
 .comment       0x00000000       0x23 D:\software\qpcpp/ports/arm-cortex/qk/gnu/spy\libqs_cortex-m3_dk.a(qs_byte.o)
 .comment       0x00000000       0x23 D:\software\qpcpp/ports/arm-cortex/qk/gnu/spy\libqs_cortex-m3_dk.a(qs_str.o)
 .comment       0x00000000       0x23 c:/tools/devkitpro/devkitarm/bin/../lib/gcc/arm-eabi/4.5.1/../../../../arm-eabi/lib/thumb/thumb2\libstdc++.a(atexit_arm.o)
 .comment       0x00000000       0x23 c:/tools/devkitpro/devkitarm/bin/../lib/gcc/arm-eabi/4.5.1/../../../../arm-eabi/lib/thumb/thumb2\libc.a(lib_a-atexit.o)
 .comment       0x00000000       0x23 c:/tools/devkitpro/devkitarm/bin/../lib/gcc/arm-eabi/4.5.1/../../../../arm-eabi/lib/thumb/thumb2\libc.a(lib_a-exit.o)
 .comment       0x00000000       0x23 c:/tools/devkitpro/devkitarm/bin/../lib/gcc/arm-eabi/4.5.1/../../../../arm-eabi/lib/thumb/thumb2\libc.a(lib_a-impure.o)
 .comment       0x00000000       0x23 c:/tools/devkitpro/devkitarm/bin/../lib/gcc/arm-eabi/4.5.1/../../../../arm-eabi/lib/thumb/thumb2\libc.a(lib_a-init.o)
 .comment       0x00000000       0x23 c:/tools/devkitpro/devkitarm/bin/../lib/gcc/arm-eabi/4.5.1/../../../../arm-eabi/lib/thumb/thumb2\libc.a(lib_a-memset.o)
 .comment       0x00000000       0x23 c:/tools/devkitpro/devkitarm/bin/../lib/gcc/arm-eabi/4.5.1/../../../../arm-eabi/lib/thumb/thumb2\libc.a(lib_a-__atexit.o)
 .comment       0x00000000       0x23 c:/tools/devkitpro/devkitarm/bin/../lib/gcc/arm-eabi/4.5.1/../../../../arm-eabi/lib/thumb/thumb2\libc.a(lib_a-__call_atexit.o)
 .comment       0x00000000       0x23 c:/tools/devkitpro/devkitarm/bin/../lib/gcc/arm-eabi/4.5.1/../../../../arm-eabi/lib/thumb/thumb2\libsysbase.a(_exit.o)
 .comment       0x00000000       0x23 c:/tools/devkitpro/devkitarm/bin/../lib/gcc/arm-eabi/4.5.1/../../../../arm-eabi/lib/thumb/thumb2\libsysbase.a(syscall_support.o)
 .comment       0x00000000       0x23 c:/tools/devkitpro/devkitarm/bin/../lib/gcc/arm-eabi/4.5.1/thumb/thumb2/crtend.o

.debug_abbrev   0x00000000     0x7129
 .debug_abbrev  0x00000000      0x10f spy/startup_stm32f10x_cl.o
 .debug_abbrev  0x0000010f       0xb4 spy/core_cm3.o
 .debug_abbrev  0x000001c3      0x123 spy/system_stm32f10x.o
 .debug_abbrev  0x000002e6      0x1d1 spy/stm32_eval.o
 .debug_abbrev  0x000004b7      0x23c spy/stm3210c_eval_lcd.o
 .debug_abbrev  0x000006f3      0x28d spy/stm3210c_eval_ioe.o
 .debug_abbrev  0x00000980      0x144 spy/misc.o
 .debug_abbrev  0x00000ac4      0x1e6 spy/stm32f10x_adc.o
 .debug_abbrev  0x00000caa      0x17c spy/stm32f10x_bkp.o
 .debug_abbrev  0x00000e26      0x1fa spy/stm32f10x_can.o
 .debug_abbrev  0x00001020      0x119 spy/stm32f10x_crc.o
 .debug_abbrev  0x00001139      0x1b5 spy/stm32f10x_dac.o
 .debug_abbrev  0x000012ee       0xe9 spy/stm32f10x_dbgmcu.o
 .debug_abbrev  0x000013d7      0x15d spy/stm32f10x_dma.o
 .debug_abbrev  0x00001534      0x159 spy/stm32f10x_exti.o
 .debug_abbrev  0x0000168d      0x1fe spy/stm32f10x_flash.o
 .debug_abbrev  0x0000188b      0x19b spy/stm32f10x_fsmc.o
 .debug_abbrev  0x00001a26      0x1d9 spy/stm32f10x_gpio.o
 .debug_abbrev  0x00001bff      0x194 spy/stm32f10x_i2c.o
 .debug_abbrev  0x00001d93      0x109 spy/stm32f10x_iwdg.o
 .debug_abbrev  0x00001e9c      0x15a spy/stm32f10x_pwr.o
 .debug_abbrev  0x00001ff6      0x1d0 spy/stm32f10x_rcc.o
 .debug_abbrev  0x000021c6      0x18c spy/stm32f10x_rtc.o
 .debug_abbrev  0x00002352      0x1d9 spy/stm32f10x_sdio.o
 .debug_abbrev  0x0000252b      0x1bb spy/stm32f10x_spi.o
 .debug_abbrev  0x000026e6      0x222 spy/stm32f10x_tim.o
 .debug_abbrev  0x00002908      0x192 spy/stm32f10x_usart.o
 .debug_abbrev  0x00002a9a      0x124 spy/stm32f10x_wwdg.o
 .debug_abbrev  0x00002bbe      0x29d spy/main.o
 .debug_abbrev  0x00002e5b      0x3c5 spy/table.o
 .debug_abbrev  0x00003220      0x432 spy/philo.o
 .debug_abbrev  0x00003652      0x48b spy/bsp.o
 .debug_abbrev  0x00003add       0xac spy/no_heap.o
 .debug_abbrev  0x00003b89       0xdc spy/mini_cpp.o
 .debug_abbrev  0x00003c65      0x399 D:\software\qpcpp/ports/arm-cortex/qk/gnu/spy\libqk_cortex-m3_dk.a(qk.o)
 .debug_abbrev  0x00003ffe      0x2b2 D:\software\qpcpp/ports/arm-cortex/qk/gnu/spy\libqk_cortex-m3_dk.a(qk_sched.o)
 .debug_abbrev  0x000042b0      0x136 D:\software\qpcpp/ports/arm-cortex/qk/gnu/spy\libqk_cortex-m3_dk.a(qk_mutex.o)
 .debug_abbrev  0x000043e6       0x12 D:\software\qpcpp/ports/arm-cortex/qk/gnu/spy\libqk_cortex-m3_dk.a(qk_port.o)
 .debug_abbrev  0x000043f8      0x2de D:\software\qpcpp/ports/arm-cortex/qk/gnu/spy\libqf_cortex-m3_dk.a(qa_fifo.o)
 .debug_abbrev  0x000046d6      0x2e9 D:\software\qpcpp/ports/arm-cortex/qk/gnu/spy\libqf_cortex-m3_dk.a(qa_get_.o)
 .debug_abbrev  0x000049bf      0x293 D:\software\qpcpp/ports/arm-cortex/qk/gnu/spy\libqf_cortex-m3_dk.a(qa_sub.o)
 .debug_abbrev  0x00004c52      0x14c D:\software\qpcpp/ports/arm-cortex/qk/gnu/spy\libqf_cortex-m3_dk.a(qeq_init.o)
 .debug_abbrev  0x00004d9e      0x2b1 D:\software\qpcpp/ports/arm-cortex/qk/gnu/spy\libqf_cortex-m3_dk.a(qf_act.o)
 .debug_abbrev  0x0000504f      0x1b3 D:\software\qpcpp/ports/arm-cortex/qk/gnu/spy\libqf_cortex-m3_dk.a(qf_gc.o)
 .debug_abbrev  0x00005202       0x65 D:\software\qpcpp/ports/arm-cortex/qk/gnu/spy\libqf_cortex-m3_dk.a(qf_log2.o)
 .debug_abbrev  0x00005267      0x1f2 D:\software\qpcpp/ports/arm-cortex/qk/gnu/spy\libqf_cortex-m3_dk.a(qf_new.o)
 .debug_abbrev  0x00005459      0x182 D:\software\qpcpp/ports/arm-cortex/qk/gnu/spy\libqf_cortex-m3_dk.a(qf_pool.o)
 .debug_abbrev  0x000055db       0xe5 D:\software\qpcpp/ports/arm-cortex/qk/gnu/spy\libqf_cortex-m3_dk.a(qf_psini.o)
 .debug_abbrev  0x000056c0      0x29c D:\software\qpcpp/ports/arm-cortex/qk/gnu/spy\libqf_cortex-m3_dk.a(qf_pspub.o)
 .debug_abbrev  0x0000595c       0x65 D:\software\qpcpp/ports/arm-cortex/qk/gnu/spy\libqf_cortex-m3_dk.a(qf_pwr2.o)
 .debug_abbrev  0x000059c1      0x2de D:\software\qpcpp/ports/arm-cortex/qk/gnu/spy\libqf_cortex-m3_dk.a(qf_tick.o)
 .debug_abbrev  0x00005c9f      0x1cf D:\software\qpcpp/ports/arm-cortex/qk/gnu/spy\libqf_cortex-m3_dk.a(qmp_get.o)
 .debug_abbrev  0x00005e6e      0x19d D:\software\qpcpp/ports/arm-cortex/qk/gnu/spy\libqf_cortex-m3_dk.a(qmp_init.o)
 .debug_abbrev  0x0000600b      0x176 D:\software\qpcpp/ports/arm-cortex/qk/gnu/spy\libqf_cortex-m3_dk.a(qmp_put.o)
 .debug_abbrev  0x00006181      0x29a D:\software\qpcpp/ports/arm-cortex/qk/gnu/spy\libqf_cortex-m3_dk.a(qte_ctor.o)
 .debug_abbrev  0x0000641b      0x2c2 D:\software\qpcpp/ports/arm-cortex/qk/gnu/spy\libqf_cortex-m3_dk.a(qte_arm.o)
 .debug_abbrev  0x000066dd      0x258 D:\software\qpcpp/ports/arm-cortex/qk/gnu/spy\libqep_cortex-m3_dk.a(qhsm_ini.o)
 .debug_abbrev  0x00006935      0x161 D:\software\qpcpp/ports/arm-cortex/qk/gnu/spy\libqep_cortex-m3_dk.a(qhsm_dis.o)
 .debug_abbrev  0x00006a96       0xde D:\software\qpcpp/ports/arm-cortex/qk/gnu/spy\libqep_cortex-m3_dk.a(qhsm_top.o)
 .debug_abbrev  0x00006b74      0x103 D:\software\qpcpp/ports/arm-cortex/qk/gnu/spy\libqep_cortex-m3_dk.a(qep.o)
 .debug_abbrev  0x00006c77      0x19b D:\software\qpcpp/ports/arm-cortex/qk/gnu/spy\libqs_cortex-m3_dk.a(qs.o)
 .debug_abbrev  0x00006e12      0x145 D:\software\qpcpp/ports/arm-cortex/qk/gnu/spy\libqs_cortex-m3_dk.a(qs_.o)
 .debug_abbrev  0x00006f57       0xc9 D:\software\qpcpp/ports/arm-cortex/qk/gnu/spy\libqs_cortex-m3_dk.a(qs_byte.o)
 .debug_abbrev  0x00007020      0x109 D:\software\qpcpp/ports/arm-cortex/qk/gnu/spy\libqs_cortex-m3_dk.a(qs_str.o)

.debug_info     0x00000000    0x1ab4b
 .debug_info    0x00000000      0x1bc spy/startup_stm32f10x_cl.o
 .debug_info    0x000001bc      0x53d spy/core_cm3.o
 .debug_info    0x000006f9      0x301 spy/system_stm32f10x.o
 .debug_info    0x000009fa      0xb23 spy/stm32_eval.o
 .debug_info    0x0000151d      0xaf8 spy/stm3210c_eval_lcd.o
 .debug_info    0x00002015     0x1138 spy/stm3210c_eval_ioe.o
 .debug_info    0x0000314d      0x539 spy/misc.o
 .debug_info    0x00003686      0xbe4 spy/stm32f10x_adc.o
 .debug_info    0x0000426a      0x862 spy/stm32f10x_bkp.o
 .debug_info    0x00004acc      0xaec spy/stm32f10x_can.o
 .debug_info    0x000055b8      0x1ed spy/stm32f10x_crc.o
 .debug_info    0x000057a5      0x4c3 spy/stm32f10x_dac.o
 .debug_info    0x00005c68      0x149 spy/stm32f10x_dbgmcu.o
 .debug_info    0x00005db1      0x450 spy/stm32f10x_dma.o
 .debug_info    0x00006201      0x34e spy/stm32f10x_exti.o
 .debug_info    0x0000654f      0x772 spy/stm32f10x_flash.o
 .debug_info    0x00006cc1      0x974 spy/stm32f10x_fsmc.o
 .debug_info    0x00007635      0x6ec spy/stm32f10x_gpio.o
 .debug_info    0x00007d21      0xb2c spy/stm32f10x_i2c.o
 .debug_info    0x0000884d      0x1eb spy/stm32f10x_iwdg.o
 .debug_info    0x00008a38      0x2d3 spy/stm32f10x_pwr.o
 .debug_info    0x00008d0b      0xb10 spy/stm32f10x_rcc.o
 .debug_info    0x0000981b      0x451 spy/stm32f10x_rtc.o
 .debug_info    0x00009c6c      0x85f spy/stm32f10x_sdio.o
 .debug_info    0x0000a4cb      0xa2e spy/stm32f10x_spi.o
 .debug_info    0x0000aef9     0x1e18 spy/stm32f10x_tim.o
 .debug_info    0x0000cd11      0x9cb spy/stm32f10x_usart.o
 .debug_info    0x0000d6dc      0x227 spy/stm32f10x_wwdg.o
 .debug_info    0x0000d903      0x946 spy/main.o
 .debug_info    0x0000e249      0xd05 spy/table.o
 .debug_info    0x0000ef4e     0x10e9 spy/philo.o
 .debug_info    0x00010037     0x152c spy/bsp.o
 .debug_info    0x00011563      0x18f spy/no_heap.o
 .debug_info    0x000116f2      0x150 spy/mini_cpp.o
 .debug_info    0x00011842      0x8a9 D:\software\qpcpp/ports/arm-cortex/qk/gnu/spy\libqk_cortex-m3_dk.a(qk.o)
 .debug_info    0x000120eb      0x8c2 D:\software\qpcpp/ports/arm-cortex/qk/gnu/spy\libqk_cortex-m3_dk.a(qk_sched.o)
 .debug_info    0x000129ad      0x3b6 D:\software\qpcpp/ports/arm-cortex/qk/gnu/spy\libqk_cortex-m3_dk.a(qk_mutex.o)
 .debug_info    0x00012d63       0x5c D:\software\qpcpp/ports/arm-cortex/qk/gnu/spy\libqk_cortex-m3_dk.a(qk_port.o)
 .debug_info    0x00012dbf      0x935 D:\software\qpcpp/ports/arm-cortex/qk/gnu/spy\libqf_cortex-m3_dk.a(qa_fifo.o)
 .debug_info    0x000136f4      0x941 D:\software\qpcpp/ports/arm-cortex/qk/gnu/spy\libqf_cortex-m3_dk.a(qa_get_.o)
 .debug_info    0x00014035      0x758 D:\software\qpcpp/ports/arm-cortex/qk/gnu/spy\libqf_cortex-m3_dk.a(qa_sub.o)
 .debug_info    0x0001478d      0x47c D:\software\qpcpp/ports/arm-cortex/qk/gnu/spy\libqf_cortex-m3_dk.a(qeq_init.o)
 .debug_info    0x00014c09      0x7a6 D:\software\qpcpp/ports/arm-cortex/qk/gnu/spy\libqf_cortex-m3_dk.a(qf_act.o)
 .debug_info    0x000153af      0x4d0 D:\software\qpcpp/ports/arm-cortex/qk/gnu/spy\libqf_cortex-m3_dk.a(qf_gc.o)
 .debug_info    0x0001587f       0xe3 D:\software\qpcpp/ports/arm-cortex/qk/gnu/spy\libqf_cortex-m3_dk.a(qf_log2.o)
 .debug_info    0x00015962      0x526 D:\software\qpcpp/ports/arm-cortex/qk/gnu/spy\libqf_cortex-m3_dk.a(qf_new.o)
 .debug_info    0x00015e88      0x31b D:\software\qpcpp/ports/arm-cortex/qk/gnu/spy\libqf_cortex-m3_dk.a(qf_pool.o)
 .debug_info    0x000161a3      0x1a4 D:\software\qpcpp/ports/arm-cortex/qk/gnu/spy\libqf_cortex-m3_dk.a(qf_psini.o)
 .debug_info    0x00016347      0x778 D:\software\qpcpp/ports/arm-cortex/qk/gnu/spy\libqf_cortex-m3_dk.a(qf_pspub.o)
 .debug_info    0x00016abf       0xeb D:\software\qpcpp/ports/arm-cortex/qk/gnu/spy\libqf_cortex-m3_dk.a(qf_pwr2.o)
 .debug_info    0x00016baa      0x84a D:\software\qpcpp/ports/arm-cortex/qk/gnu/spy\libqf_cortex-m3_dk.a(qf_tick.o)
 .debug_info    0x000173f4      0x52e D:\software\qpcpp/ports/arm-cortex/qk/gnu/spy\libqf_cortex-m3_dk.a(qmp_get.o)
 .debug_info    0x00017922      0x4df D:\software\qpcpp/ports/arm-cortex/qk/gnu/spy\libqf_cortex-m3_dk.a(qmp_init.o)
 .debug_info    0x00017e01      0x492 D:\software\qpcpp/ports/arm-cortex/qk/gnu/spy\libqf_cortex-m3_dk.a(qmp_put.o)
 .debug_info    0x00018293      0x6ac D:\software\qpcpp/ports/arm-cortex/qk/gnu/spy\libqf_cortex-m3_dk.a(qte_ctor.o)
 .debug_info    0x0001893f      0x869 D:\software\qpcpp/ports/arm-cortex/qk/gnu/spy\libqf_cortex-m3_dk.a(qte_arm.o)
 .debug_info    0x000191a8      0x5d3 D:\software\qpcpp/ports/arm-cortex/qk/gnu/spy\libqep_cortex-m3_dk.a(qhsm_ini.o)
 .debug_info    0x0001977b      0x4a1 D:\software\qpcpp/ports/arm-cortex/qk/gnu/spy\libqep_cortex-m3_dk.a(qhsm_dis.o)
 .debug_info    0x00019c1c      0x19a D:\software\qpcpp/ports/arm-cortex/qk/gnu/spy\libqep_cortex-m3_dk.a(qhsm_top.o)
 .debug_info    0x00019db6      0x1d8 D:\software\qpcpp/ports/arm-cortex/qk/gnu/spy\libqep_cortex-m3_dk.a(qep.o)
 .debug_info    0x00019f8e      0x442 D:\software\qpcpp/ports/arm-cortex/qk/gnu/spy\libqs_cortex-m3_dk.a(qs.o)
 .debug_info    0x0001a3d0      0x39c D:\software\qpcpp/ports/arm-cortex/qk/gnu/spy\libqs_cortex-m3_dk.a(qs_.o)
 .debug_info    0x0001a76c      0x186 D:\software\qpcpp/ports/arm-cortex/qk/gnu/spy\libqs_cortex-m3_dk.a(qs_byte.o)
 .debug_info    0x0001a8f2      0x259 D:\software\qpcpp/ports/arm-cortex/qk/gnu/spy\libqs_cortex-m3_dk.a(qs_str.o)

.debug_line     0x00000000     0x6225
 .debug_line    0x00000000       0x76 spy/startup_stm32f10x_cl.o
 .debug_line    0x00000076      0x110 spy/core_cm3.o
 .debug_line    0x00000186       0xf5 spy/system_stm32f10x.o
 .debug_line    0x0000027b      0x17c spy/stm32_eval.o
 .debug_line    0x000003f7      0x336 spy/stm3210c_eval_lcd.o
 .debug_line    0x0000072d      0x3fd spy/stm3210c_eval_ioe.o
 .debug_line    0x00000b2a      0x10c spy/misc.o
 .debug_line    0x00000c36      0x23d spy/stm32f10x_adc.o
 .debug_line    0x00000e73      0x113 spy/stm32f10x_bkp.o
 .debug_line    0x00000f86      0x28c spy/stm32f10x_can.o
 .debug_line    0x00001212       0xf7 spy/stm32f10x_crc.o
 .debug_line    0x00001309      0x152 spy/stm32f10x_dac.o
 .debug_line    0x0000145b       0xe4 spy/stm32f10x_dbgmcu.o
 .debug_line    0x0000153f      0x171 spy/stm32f10x_dma.o
 .debug_line    0x000016b0      0x14a spy/stm32f10x_exti.o
 .debug_line    0x000017fa      0x20a spy/stm32f10x_flash.o
 .debug_line    0x00001a04      0x238 spy/stm32f10x_fsmc.o
 .debug_line    0x00001c3c      0x1c4 spy/stm32f10x_gpio.o
 .debug_line    0x00001e00      0x21f spy/stm32f10x_i2c.o
 .debug_line    0x0000201f       0xf3 spy/stm32f10x_iwdg.o
 .debug_line    0x00002112      0x123 spy/stm32f10x_pwr.o
 .debug_line    0x00002235      0x254 spy/stm32f10x_rcc.o
 .debug_line    0x00002489      0x138 spy/stm32f10x_rtc.o
 .debug_line    0x000025c1      0x1bd spy/stm32f10x_sdio.o
 .debug_line    0x0000277e      0x1fc spy/stm32f10x_spi.o
 .debug_line    0x0000297a      0x425 spy/stm32f10x_tim.o
 .debug_line    0x00002d9f      0x200 spy/stm32f10x_usart.o
 .debug_line    0x00002f9f       0xfb spy/stm32f10x_wwdg.o
 .debug_line    0x0000309a      0x135 spy/main.o
 .debug_line    0x000031cf      0x22f spy/table.o
 .debug_line    0x000033fe      0x26a spy/philo.o
 .debug_line    0x00003668      0x303 spy/bsp.o
 .debug_line    0x0000396b       0xb4 spy/no_heap.o
 .debug_line    0x00003a1f       0x96 spy/mini_cpp.o
 .debug_line    0x00003ab5      0x17e D:\software\qpcpp/ports/arm-cortex/qk/gnu/spy\libqk_cortex-m3_dk.a(qk.o)
 .debug_line    0x00003c33      0x188 D:\software\qpcpp/ports/arm-cortex/qk/gnu/spy\libqk_cortex-m3_dk.a(qk_sched.o)
 .debug_line    0x00003dbb      0x135 D:\software\qpcpp/ports/arm-cortex/qk/gnu/spy\libqk_cortex-m3_dk.a(qk_mutex.o)
 .debug_line    0x00003ef0       0x7e D:\software\qpcpp/ports/arm-cortex/qk/gnu/spy\libqk_cortex-m3_dk.a(qk_port.o)
 .debug_line    0x00003f6e      0x183 D:\software\qpcpp/ports/arm-cortex/qk/gnu/spy\libqf_cortex-m3_dk.a(qa_fifo.o)
 .debug_line    0x000040f1      0x1ac D:\software\qpcpp/ports/arm-cortex/qk/gnu/spy\libqf_cortex-m3_dk.a(qa_get_.o)
 .debug_line    0x0000429d      0x15d D:\software\qpcpp/ports/arm-cortex/qk/gnu/spy\libqf_cortex-m3_dk.a(qa_sub.o)
 .debug_line    0x000043fa      0x11c D:\software\qpcpp/ports/arm-cortex/qk/gnu/spy\libqf_cortex-m3_dk.a(qeq_init.o)
 .debug_line    0x00004516      0x168 D:\software\qpcpp/ports/arm-cortex/qk/gnu/spy\libqf_cortex-m3_dk.a(qf_act.o)
 .debug_line    0x0000467e      0x165 D:\software\qpcpp/ports/arm-cortex/qk/gnu/spy\libqf_cortex-m3_dk.a(qf_gc.o)
 .debug_line    0x000047e3       0x5e D:\software\qpcpp/ports/arm-cortex/qk/gnu/spy\libqf_cortex-m3_dk.a(qf_log2.o)
 .debug_line    0x00004841      0x16c D:\software\qpcpp/ports/arm-cortex/qk/gnu/spy\libqf_cortex-m3_dk.a(qf_new.o)
 .debug_line    0x000049ad      0x101 D:\software\qpcpp/ports/arm-cortex/qk/gnu/spy\libqf_cortex-m3_dk.a(qf_pool.o)
 .debug_line    0x00004aae       0xe1 D:\software\qpcpp/ports/arm-cortex/qk/gnu/spy\libqf_cortex-m3_dk.a(qf_psini.o)
 .debug_line    0x00004b8f      0x172 D:\software\qpcpp/ports/arm-cortex/qk/gnu/spy\libqf_cortex-m3_dk.a(qf_pspub.o)
 .debug_line    0x00004d01       0x5e D:\software\qpcpp/ports/arm-cortex/qk/gnu/spy\libqf_cortex-m3_dk.a(qf_pwr2.o)
 .debug_line    0x00004d5f      0x1a4 D:\software\qpcpp/ports/arm-cortex/qk/gnu/spy\libqf_cortex-m3_dk.a(qf_tick.o)
 .debug_line    0x00004f03      0x15a D:\software\qpcpp/ports/arm-cortex/qk/gnu/spy\libqf_cortex-m3_dk.a(qmp_get.o)
 .debug_line    0x0000505d      0x166 D:\software\qpcpp/ports/arm-cortex/qk/gnu/spy\libqf_cortex-m3_dk.a(qmp_init.o)
 .debug_line    0x000051c3      0x14f D:\software\qpcpp/ports/arm-cortex/qk/gnu/spy\libqf_cortex-m3_dk.a(qmp_put.o)
 .debug_line    0x00005312      0x102 D:\software\qpcpp/ports/arm-cortex/qk/gnu/spy\libqf_cortex-m3_dk.a(qte_ctor.o)
 .debug_line    0x00005414      0x144 D:\software\qpcpp/ports/arm-cortex/qk/gnu/spy\libqf_cortex-m3_dk.a(qte_arm.o)
 .debug_line    0x00005558      0x1b2 D:\software\qpcpp/ports/arm-cortex/qk/gnu/spy\libqep_cortex-m3_dk.a(qhsm_ini.o)
 .debug_line    0x0000570a      0x36e D:\software\qpcpp/ports/arm-cortex/qk/gnu/spy\libqep_cortex-m3_dk.a(qhsm_dis.o)
 .debug_line    0x00005a78       0xe9 D:\software\qpcpp/ports/arm-cortex/qk/gnu/spy\libqep_cortex-m3_dk.a(qhsm_top.o)
 .debug_line    0x00005b61      0x10c D:\software\qpcpp/ports/arm-cortex/qk/gnu/spy\libqep_cortex-m3_dk.a(qep.o)
 .debug_line    0x00005c6d      0x206 D:\software\qpcpp/ports/arm-cortex/qk/gnu/spy\libqs_cortex-m3_dk.a(qs.o)
 .debug_line    0x00005e73      0x191 D:\software\qpcpp/ports/arm-cortex/qk/gnu/spy\libqs_cortex-m3_dk.a(qs_.o)
 .debug_line    0x00006004      0x105 D:\software\qpcpp/ports/arm-cortex/qk/gnu/spy\libqs_cortex-m3_dk.a(qs_byte.o)
 .debug_line    0x00006109      0x11c D:\software\qpcpp/ports/arm-cortex/qk/gnu/spy\libqs_cortex-m3_dk.a(qs_str.o)

.debug_loc      0x00000000     0x90d0
 .debug_loc     0x00000000       0x5e spy/startup_stm32f10x_cl.o
 .debug_loc     0x0000005e      0x298 spy/core_cm3.o
 .debug_loc     0x000002f6       0x20 spy/system_stm32f10x.o
 .debug_loc     0x00000316      0x121 spy/stm32_eval.o
 .debug_loc     0x00000437      0x937 spy/stm3210c_eval_lcd.o
 .debug_loc     0x00000d6e      0xca4 spy/stm3210c_eval_ioe.o
 .debug_loc     0x00001a12      0x123 spy/misc.o
 .debug_loc     0x00001b35      0x95c spy/stm32f10x_adc.o
 .debug_loc     0x00002491      0x13a spy/stm32f10x_bkp.o
 .debug_loc     0x000025cb      0x5f9 spy/stm32f10x_can.o
 .debug_loc     0x00002bc4       0x51 spy/stm32f10x_crc.o
 .debug_loc     0x00002c15      0x30e spy/stm32f10x_dac.o
 .debug_loc     0x00002f23       0x1e spy/stm32f10x_dbgmcu.o
 .debug_loc     0x00002f41      0x138 spy/stm32f10x_dma.o
 .debug_loc     0x00003079      0x11e spy/stm32f10x_exti.o
 .debug_loc     0x00003197      0x6ea spy/stm32f10x_flash.o
 .debug_loc     0x00003881      0x339 spy/stm32f10x_fsmc.o
 .debug_loc     0x00003bba      0x486 spy/stm32f10x_gpio.o
 .debug_loc     0x00004040      0x63e spy/stm32f10x_i2c.o
 .debug_loc     0x0000467e       0x3d spy/stm32f10x_iwdg.o
 .debug_loc     0x000046bb       0xfc spy/stm32f10x_pwr.o
 .debug_loc     0x000047b7      0x7c1 spy/stm32f10x_rcc.o
 .debug_loc     0x00004f78      0x1d3 spy/stm32f10x_rtc.o
 .debug_loc     0x0000514b      0x1cc spy/stm32f10x_sdio.o
 .debug_loc     0x00005317      0x40f spy/stm32f10x_spi.o
 .debug_loc     0x00005726     0x1527 spy/stm32f10x_tim.o
 .debug_loc     0x00006c4d      0x507 spy/stm32f10x_usart.o
 .debug_loc     0x00007154       0xec spy/stm32f10x_wwdg.o
 .debug_loc     0x00007240       0x4b spy/main.o
 .debug_loc     0x0000728b      0x30b spy/table.o
 .debug_loc     0x00007596      0x4b4 spy/philo.o
 .debug_loc     0x00007a4a      0x25a spy/bsp.o
 .debug_loc     0x00007ca4       0x60 spy/no_heap.o
 .debug_loc     0x00007d04       0x66 spy/mini_cpp.o
 .debug_loc     0x00007d6a      0x146 D:\software\qpcpp/ports/arm-cortex/qk/gnu/spy\libqk_cortex-m3_dk.a(qk.o)
 .debug_loc     0x00007eb0       0x9f D:\software\qpcpp/ports/arm-cortex/qk/gnu/spy\libqk_cortex-m3_dk.a(qk_sched.o)
 .debug_loc     0x00007f4f       0x71 D:\software\qpcpp/ports/arm-cortex/qk/gnu/spy\libqk_cortex-m3_dk.a(qk_mutex.o)
 .debug_loc     0x00007fc0       0xd6 D:\software\qpcpp/ports/arm-cortex/qk/gnu/spy\libqf_cortex-m3_dk.a(qa_fifo.o)
 .debug_loc     0x00008096       0xc6 D:\software\qpcpp/ports/arm-cortex/qk/gnu/spy\libqf_cortex-m3_dk.a(qa_get_.o)
 .debug_loc     0x0000815c       0x51 D:\software\qpcpp/ports/arm-cortex/qk/gnu/spy\libqf_cortex-m3_dk.a(qa_sub.o)
 .debug_loc     0x000081ad       0x64 D:\software\qpcpp/ports/arm-cortex/qk/gnu/spy\libqf_cortex-m3_dk.a(qeq_init.o)
 .debug_loc     0x00008211       0x7c D:\software\qpcpp/ports/arm-cortex/qk/gnu/spy\libqf_cortex-m3_dk.a(qf_act.o)
 .debug_loc     0x0000828d       0x51 D:\software\qpcpp/ports/arm-cortex/qk/gnu/spy\libqf_cortex-m3_dk.a(qf_gc.o)
 .debug_loc     0x000082de       0xe8 D:\software\qpcpp/ports/arm-cortex/qk/gnu/spy\libqf_cortex-m3_dk.a(qf_new.o)
 .debug_loc     0x000083c6       0x6f D:\software\qpcpp/ports/arm-cortex/qk/gnu/spy\libqf_cortex-m3_dk.a(qf_pool.o)
 .debug_loc     0x00008435       0xc9 D:\software\qpcpp/ports/arm-cortex/qk/gnu/spy\libqf_cortex-m3_dk.a(qf_pspub.o)
 .debug_loc     0x000084fe       0x68 D:\software\qpcpp/ports/arm-cortex/qk/gnu/spy\libqf_cortex-m3_dk.a(qf_tick.o)
 .debug_loc     0x00008566       0x9c D:\software\qpcpp/ports/arm-cortex/qk/gnu/spy\libqf_cortex-m3_dk.a(qmp_get.o)
 .debug_loc     0x00008602      0x125 D:\software\qpcpp/ports/arm-cortex/qk/gnu/spy\libqf_cortex-m3_dk.a(qmp_init.o)
 .debug_loc     0x00008727       0x5c D:\software\qpcpp/ports/arm-cortex/qk/gnu/spy\libqf_cortex-m3_dk.a(qmp_put.o)
 .debug_loc     0x00008783       0x51 D:\software\qpcpp/ports/arm-cortex/qk/gnu/spy\libqf_cortex-m3_dk.a(qte_ctor.o)
 .debug_loc     0x000087d4       0x6f D:\software\qpcpp/ports/arm-cortex/qk/gnu/spy\libqf_cortex-m3_dk.a(qte_arm.o)
 .debug_loc     0x00008843      0x112 D:\software\qpcpp/ports/arm-cortex/qk/gnu/spy\libqep_cortex-m3_dk.a(qhsm_ini.o)
 .debug_loc     0x00008955      0x417 D:\software\qpcpp/ports/arm-cortex/qk/gnu/spy\libqep_cortex-m3_dk.a(qhsm_dis.o)
 .debug_loc     0x00008d6c      0x18d D:\software\qpcpp/ports/arm-cortex/qk/gnu/spy\libqs_cortex-m3_dk.a(qs.o)
 .debug_loc     0x00008ef9      0x153 D:\software\qpcpp/ports/arm-cortex/qk/gnu/spy\libqs_cortex-m3_dk.a(qs_.o)
 .debug_loc     0x0000904c       0x84 D:\software\qpcpp/ports/arm-cortex/qk/gnu/spy\libqs_cortex-m3_dk.a(qs_str.o)

.debug_pubnames
                0x00000000     0x3bcf
 .debug_pubnames
                0x00000000       0x4a spy/startup_stm32f10x_cl.o
 .debug_pubnames
                0x0000004a      0x159 spy/core_cm3.o
 .debug_pubnames
                0x000001a3       0xa3 spy/system_stm32f10x.o
 .debug_pubnames
                0x00000246      0x1a9 spy/stm32_eval.o
 .debug_pubnames
                0x000003ef      0x25c spy/stm3210c_eval_lcd.o
 .debug_pubnames
                0x0000064b      0x251 spy/stm3210c_eval_ioe.o
 .debug_pubnames
                0x0000089c       0x89 spy/misc.o
 .debug_pubnames
                0x00000925      0x401 spy/stm32f10x_adc.o
 .debug_pubnames
                0x00000d26      0x128 spy/stm32f10x_bkp.o
 .debug_pubnames
                0x00000e4e      0x17b spy/stm32f10x_can.o
 .debug_pubnames
                0x00000fc9       0x82 spy/stm32f10x_crc.o
 .debug_pubnames
                0x0000104b      0x116 spy/stm32f10x_dac.o
 .debug_pubnames
                0x00001161       0x4c spy/stm32f10x_dbgmcu.o
 .debug_pubnames
                0x000011ad       0xcf spy/stm32f10x_dma.o
 .debug_pubnames
                0x0000127c       0xbb spy/stm32f10x_exti.o
 .debug_pubnames
                0x00001337      0x26e spy/stm32f10x_flash.o
 .debug_pubnames
                0x000015a5      0x1a3 spy/stm32f10x_fsmc.o
 .debug_pubnames
                0x00001748      0x19d spy/stm32f10x_gpio.o
 .debug_pubnames
                0x000018e5      0x2b0 spy/stm32f10x_i2c.o
 .debug_pubnames
                0x00001b95       0x91 spy/stm32f10x_iwdg.o
 .debug_pubnames
                0x00001c26       0xcb spy/stm32f10x_pwr.o
 .debug_pubnames
                0x00001cf1      0x37e spy/stm32f10x_rcc.o
 .debug_pubnames
                0x0000206f      0x136 spy/stm32f10x_rtc.o
 .debug_pubnames
                0x000021a5      0x2ac spy/stm32f10x_sdio.o
 .debug_pubnames
                0x00002451      0x1f6 spy/stm32f10x_spi.o
 .debug_pubnames
                0x00002647      0x7b0 spy/stm32f10x_tim.o
 .debug_pubnames
                0x00002df7      0x25f spy/stm32f10x_usart.o
 .debug_pubnames
                0x00003056       0xb0 spy/stm32f10x_wwdg.o
 .debug_pubnames
                0x00003106       0x1b spy/main.o
 .debug_pubnames
                0x00003121       0xa6 spy/table.o
 .debug_pubnames
                0x000031c7       0xcb spy/philo.o
 .debug_pubnames
                0x00003292      0x12f spy/bsp.o
 .debug_pubnames
                0x000033c1       0x31 spy/no_heap.o
 .debug_pubnames
                0x000033f2       0x78 spy/mini_cpp.o
 .debug_pubnames
                0x0000346a       0xb4 D:\software\qpcpp/ports/arm-cortex/qk/gnu/spy\libqk_cortex-m3_dk.a(qk.o)
 .debug_pubnames
                0x0000351e       0x20 D:\software\qpcpp/ports/arm-cortex/qk/gnu/spy\libqk_cortex-m3_dk.a(qk_sched.o)
 .debug_pubnames
                0x0000353e       0x4c D:\software\qpcpp/ports/arm-cortex/qk/gnu/spy\libqk_cortex-m3_dk.a(qk_mutex.o)
 .debug_pubnames
                0x0000358a       0x28 D:\software\qpcpp/ports/arm-cortex/qk/gnu/spy\libqf_cortex-m3_dk.a(qa_fifo.o)
 .debug_pubnames
                0x000035b2       0x3b D:\software\qpcpp/ports/arm-cortex/qk/gnu/spy\libqf_cortex-m3_dk.a(qa_get_.o)
 .debug_pubnames
                0x000035ed       0x29 D:\software\qpcpp/ports/arm-cortex/qk/gnu/spy\libqf_cortex-m3_dk.a(qa_sub.o)
 .debug_pubnames
                0x00003616       0x24 D:\software\qpcpp/ports/arm-cortex/qk/gnu/spy\libqf_cortex-m3_dk.a(qeq_init.o)
 .debug_pubnames
                0x0000363a       0x66 D:\software\qpcpp/ports/arm-cortex/qk/gnu/spy\libqf_cortex-m3_dk.a(qf_act.o)
 .debug_pubnames
                0x000036a0       0x1d D:\software\qpcpp/ports/arm-cortex/qk/gnu/spy\libqf_cortex-m3_dk.a(qf_gc.o)
 .debug_pubnames
                0x000036bd       0x22 D:\software\qpcpp/ports/arm-cortex/qk/gnu/spy\libqf_cortex-m3_dk.a(qf_log2.o)
 .debug_pubnames
                0x000036df       0x1f D:\software\qpcpp/ports/arm-cortex/qk/gnu/spy\libqf_cortex-m3_dk.a(qf_new.o)
 .debug_pubnames
                0x000036fe       0x40 D:\software\qpcpp/ports/arm-cortex/qk/gnu/spy\libqf_cortex-m3_dk.a(qf_pool.o)
 .debug_pubnames
                0x0000373e       0x46 D:\software\qpcpp/ports/arm-cortex/qk/gnu/spy\libqf_cortex-m3_dk.a(qf_psini.o)
 .debug_pubnames
                0x00003784       0x22 D:\software\qpcpp/ports/arm-cortex/qk/gnu/spy\libqf_cortex-m3_dk.a(qf_pspub.o)
 .debug_pubnames
                0x000037a6       0x45 D:\software\qpcpp/ports/arm-cortex/qk/gnu/spy\libqf_cortex-m3_dk.a(qf_pwr2.o)
 .debug_pubnames
                0x000037eb       0x1f D:\software\qpcpp/ports/arm-cortex/qk/gnu/spy\libqf_cortex-m3_dk.a(qf_tick.o)
 .debug_pubnames
                0x0000380a       0x38 D:\software\qpcpp/ports/arm-cortex/qk/gnu/spy\libqf_cortex-m3_dk.a(qmp_get.o)
 .debug_pubnames
                0x00003842       0x23 D:\software\qpcpp/ports/arm-cortex/qk/gnu/spy\libqf_cortex-m3_dk.a(qmp_init.o)
 .debug_pubnames
                0x00003865       0x22 D:\software\qpcpp/ports/arm-cortex/qk/gnu/spy\libqf_cortex-m3_dk.a(qmp_put.o)
 .debug_pubnames
                0x00003887       0x29 D:\software\qpcpp/ports/arm-cortex/qk/gnu/spy\libqf_cortex-m3_dk.a(qte_ctor.o)
 .debug_pubnames
                0x000038b0       0x3d D:\software\qpcpp/ports/arm-cortex/qk/gnu/spy\libqf_cortex-m3_dk.a(qte_arm.o)
 .debug_pubnames
                0x000038ed       0x41 D:\software\qpcpp/ports/arm-cortex/qk/gnu/spy\libqep_cortex-m3_dk.a(qhsm_ini.o)
 .debug_pubnames
                0x0000392e       0x25 D:\software\qpcpp/ports/arm-cortex/qk/gnu/spy\libqep_cortex-m3_dk.a(qhsm_dis.o)
 .debug_pubnames
                0x00003953       0x20 D:\software\qpcpp/ports/arm-cortex/qk/gnu/spy\libqep_cortex-m3_dk.a(qhsm_top.o)
 .debug_pubnames
                0x00003973       0x3b D:\software\qpcpp/ports/arm-cortex/qk/gnu/spy\libqep_cortex-m3_dk.a(qep.o)
 .debug_pubnames
                0x000039ae      0x110 D:\software\qpcpp/ports/arm-cortex/qk/gnu/spy\libqs_cortex-m3_dk.a(qs.o)
 .debug_pubnames
                0x00003abe       0xc1 D:\software\qpcpp/ports/arm-cortex/qk/gnu/spy\libqs_cortex-m3_dk.a(qs_.o)
 .debug_pubnames
                0x00003b7f       0x22 D:\software\qpcpp/ports/arm-cortex/qk/gnu/spy\libqs_cortex-m3_dk.a(qs_byte.o)
 .debug_pubnames
                0x00003ba1       0x2e D:\software\qpcpp/ports/arm-cortex/qk/gnu/spy\libqs_cortex-m3_dk.a(qs_str.o)

.debug_pubtypes
                0x00000000     0x26cd
 .debug_pubtypes
                0x00000000       0x3c spy/startup_stm32f10x_cl.o
 .debug_pubtypes
                0x0000003c       0x50 spy/core_cm3.o
 .debug_pubtypes
                0x0000008c       0x5a spy/system_stm32f10x.o
 .debug_pubtypes
                0x000000e6      0x170 spy/stm32_eval.o
 .debug_pubtypes
                0x00000256       0xcf spy/stm3210c_eval_lcd.o
 .debug_pubtypes
                0x00000325      0x187 spy/stm3210c_eval_ioe.o
 .debug_pubtypes
                0x000004ac       0x80 spy/misc.o
 .debug_pubtypes
                0x0000052c       0x8c spy/stm32f10x_adc.o
 .debug_pubtypes
                0x000005b8       0x78 spy/stm32f10x_bkp.o
 .debug_pubtypes
                0x00000630      0x115 spy/stm32f10x_can.o
 .debug_pubtypes
                0x00000745       0x48 spy/stm32f10x_crc.o
 .debug_pubtypes
                0x0000078d       0x64 spy/stm32f10x_dac.o
 .debug_pubtypes
                0x000007f1       0x46 spy/stm32f10x_dbgmcu.o
 .debug_pubtypes
                0x00000837       0x98 spy/stm32f10x_dma.o
 .debug_pubtypes
                0x000008cf       0xa2 spy/stm32f10x_exti.o
 .debug_pubtypes
                0x00000971       0x8d spy/stm32f10x_flash.o
 .debug_pubtypes
                0x000009fe      0x168 spy/stm32f10x_fsmc.o
 .debug_pubtypes
                0x00000b66       0xc3 spy/stm32f10x_gpio.o
 .debug_pubtypes
                0x00000c29       0xb2 spy/stm32f10x_i2c.o
 .debug_pubtypes
                0x00000cdb       0x58 spy/stm32f10x_iwdg.o
 .debug_pubtypes
                0x00000d33       0x5e spy/stm32f10x_pwr.o
 .debug_pubtypes
                0x00000d91       0x9e spy/stm32f10x_rcc.o
 .debug_pubtypes
                0x00000e2f       0x6c spy/stm32f10x_rtc.o
 .debug_pubtypes
                0x00000e9b       0xb2 spy/stm32f10x_sdio.o
 .debug_pubtypes
                0x00000f4d       0xd6 spy/stm32f10x_spi.o
 .debug_pubtypes
                0x00001023       0xd8 spy/stm32f10x_tim.o
 .debug_pubtypes
                0x000010fb       0xc1 spy/stm32f10x_usart.o
 .debug_pubtypes
                0x000011bc       0x4b spy/stm32f10x_wwdg.o
 .debug_pubtypes
                0x00001207       0xfc spy/main.o
 .debug_pubtypes
                0x00001303      0x101 spy/table.o
 .debug_pubtypes
                0x00001404      0x124 spy/philo.o
 .debug_pubtypes
                0x00001528      0x143 spy/bsp.o
 .debug_pubtypes
                0x0000166b       0x1d spy/no_heap.o
 .debug_pubtypes
                0x00001688       0x1d spy/mini_cpp.o
 .debug_pubtypes
                0x000016a5       0xcd D:\software\qpcpp/ports/arm-cortex/qk/gnu/spy\libqk_cortex-m3_dk.a(qk.o)
 .debug_pubtypes
                0x00001772       0xcf D:\software\qpcpp/ports/arm-cortex/qk/gnu/spy\libqk_cortex-m3_dk.a(qk_sched.o)
 .debug_pubtypes
                0x00001841       0x64 D:\software\qpcpp/ports/arm-cortex/qk/gnu/spy\libqk_cortex-m3_dk.a(qk_mutex.o)
 .debug_pubtypes
                0x000018a5       0xcf D:\software\qpcpp/ports/arm-cortex/qk/gnu/spy\libqf_cortex-m3_dk.a(qa_fifo.o)
 .debug_pubtypes
                0x00001974       0xd6 D:\software\qpcpp/ports/arm-cortex/qk/gnu/spy\libqf_cortex-m3_dk.a(qa_get_.o)
 .debug_pubtypes
                0x00001a4a       0xdd D:\software\qpcpp/ports/arm-cortex/qk/gnu/spy\libqf_cortex-m3_dk.a(qa_sub.o)
 .debug_pubtypes
                0x00001b27       0x7a D:\software\qpcpp/ports/arm-cortex/qk/gnu/spy\libqf_cortex-m3_dk.a(qeq_init.o)
 .debug_pubtypes
                0x00001ba1       0xbf D:\software\qpcpp/ports/arm-cortex/qk/gnu/spy\libqf_cortex-m3_dk.a(qf_act.o)
 .debug_pubtypes
                0x00001c60       0x8e D:\software\qpcpp/ports/arm-cortex/qk/gnu/spy\libqf_cortex-m3_dk.a(qf_gc.o)
 .debug_pubtypes
                0x00001cee       0x12 D:\software\qpcpp/ports/arm-cortex/qk/gnu/spy\libqf_cortex-m3_dk.a(qf_log2.o)
 .debug_pubtypes
                0x00001d00       0x8e D:\software\qpcpp/ports/arm-cortex/qk/gnu/spy\libqf_cortex-m3_dk.a(qf_new.o)
 .debug_pubtypes
                0x00001d8e       0x76 D:\software\qpcpp/ports/arm-cortex/qk/gnu/spy\libqf_cortex-m3_dk.a(qf_pool.o)
 .debug_pubtypes
                0x00001e04       0x42 D:\software\qpcpp/ports/arm-cortex/qk/gnu/spy\libqf_cortex-m3_dk.a(qf_psini.o)
 .debug_pubtypes
                0x00001e46       0xcf D:\software\qpcpp/ports/arm-cortex/qk/gnu/spy\libqf_cortex-m3_dk.a(qf_pspub.o)
 .debug_pubtypes
                0x00001f15       0x12 D:\software\qpcpp/ports/arm-cortex/qk/gnu/spy\libqf_cortex-m3_dk.a(qf_pwr2.o)
 .debug_pubtypes
                0x00001f27       0xdc D:\software\qpcpp/ports/arm-cortex/qk/gnu/spy\libqf_cortex-m3_dk.a(qf_tick.o)
 .debug_pubtypes
                0x00002003       0x9d D:\software\qpcpp/ports/arm-cortex/qk/gnu/spy\libqf_cortex-m3_dk.a(qmp_get.o)
 .debug_pubtypes
                0x000020a0       0x96 D:\software\qpcpp/ports/arm-cortex/qk/gnu/spy\libqf_cortex-m3_dk.a(qmp_init.o)
 .debug_pubtypes
                0x00002136       0x96 D:\software\qpcpp/ports/arm-cortex/qk/gnu/spy\libqf_cortex-m3_dk.a(qmp_put.o)
 .debug_pubtypes
                0x000021cc       0xc5 D:\software\qpcpp/ports/arm-cortex/qk/gnu/spy\libqf_cortex-m3_dk.a(qte_ctor.o)
 .debug_pubtypes
                0x00002291       0xea D:\software\qpcpp/ports/arm-cortex/qk/gnu/spy\libqf_cortex-m3_dk.a(qte_arm.o)
 .debug_pubtypes
                0x0000237b       0xbb D:\software\qpcpp/ports/arm-cortex/qk/gnu/spy\libqep_cortex-m3_dk.a(qhsm_ini.o)
 .debug_pubtypes
                0x00002436       0xb2 D:\software\qpcpp/ports/arm-cortex/qk/gnu/spy\libqep_cortex-m3_dk.a(qhsm_dis.o)
 .debug_pubtypes
                0x000024e8       0x56 D:\software\qpcpp/ports/arm-cortex/qk/gnu/spy\libqep_cortex-m3_dk.a(qhsm_top.o)
 .debug_pubtypes
                0x0000253e       0x6c D:\software\qpcpp/ports/arm-cortex/qk/gnu/spy\libqep_cortex-m3_dk.a(qep.o)
 .debug_pubtypes
                0x000025aa       0x49 D:\software\qpcpp/ports/arm-cortex/qk/gnu/spy\libqs_cortex-m3_dk.a(qs.o)
 .debug_pubtypes
                0x000025f3       0x57 D:\software\qpcpp/ports/arm-cortex/qk/gnu/spy\libqs_cortex-m3_dk.a(qs_.o)
 .debug_pubtypes
                0x0000264a       0x3c D:\software\qpcpp/ports/arm-cortex/qk/gnu/spy\libqs_cortex-m3_dk.a(qs_byte.o)
 .debug_pubtypes
                0x00002686       0x47 D:\software\qpcpp/ports/arm-cortex/qk/gnu/spy\libqs_cortex-m3_dk.a(qs_str.o)

.debug_aranges  0x00000000      0x810
 .debug_aranges
                0x00000000       0x20 spy/startup_stm32f10x_cl.o
 .debug_aranges
                0x00000020       0x20 spy/core_cm3.o
 .debug_aranges
                0x00000040       0x20 spy/system_stm32f10x.o
 .debug_aranges
                0x00000060       0x20 spy/stm32_eval.o
 .debug_aranges
                0x00000080       0x20 spy/stm3210c_eval_lcd.o
 .debug_aranges
                0x000000a0       0x20 spy/stm3210c_eval_ioe.o
 .debug_aranges
                0x000000c0       0x20 spy/misc.o
 .debug_aranges
                0x000000e0       0x20 spy/stm32f10x_adc.o
 .debug_aranges
                0x00000100       0x20 spy/stm32f10x_bkp.o
 .debug_aranges
                0x00000120       0x20 spy/stm32f10x_can.o
 .debug_aranges
                0x00000140       0x20 spy/stm32f10x_crc.o
 .debug_aranges
                0x00000160       0x20 spy/stm32f10x_dac.o
 .debug_aranges
                0x00000180       0x20 spy/stm32f10x_dbgmcu.o
 .debug_aranges
                0x000001a0       0x20 spy/stm32f10x_dma.o
 .debug_aranges
                0x000001c0       0x20 spy/stm32f10x_exti.o
 .debug_aranges
                0x000001e0       0x20 spy/stm32f10x_flash.o
 .debug_aranges
                0x00000200       0x20 spy/stm32f10x_fsmc.o
 .debug_aranges
                0x00000220       0x20 spy/stm32f10x_gpio.o
 .debug_aranges
                0x00000240       0x20 spy/stm32f10x_i2c.o
 .debug_aranges
                0x00000260       0x20 spy/stm32f10x_iwdg.o
 .debug_aranges