###############################################################################
#                                                                             #
# IAR ELF Linker V6.30.1.53127/W32 for ARM              24/Dec/2011  17:42:05 #
# Copyright 2007-2011 IAR Systems AB.                                         #
#                                                                             #
#    Output file  =  d:\software\qpcpp\examples\arm-cortex\qk\iar\game-qk-ev- #
#                    lm3s811\rel\game-qk.out                                  #
#    Map file     =  d:\software\qpcpp\examples\arm-cortex\qk\iar\game-qk-ev- #
#                    lm3s811\rel\game-qk.map                                  #
#    Command line =  d:\software\qpcpp\examples\arm-cortex\qk\iar\game-qk-ev- #
#                    lm3s811\rel\bsp.o d:\software\qpcpp\examples\arm-cortex\ #
#                    qk\iar\game-qk-ev-lm3s811\rel\core_cm3.o                 #
#                    d:\software\qpcpp\examples\arm-cortex\qk\iar\game-qk-ev- #
#                    lm3s811\rel\display96x16x1.o                             #
#                    d:\software\qpcpp\examples\arm-cortex\qk\iar\game-qk-ev- #
#                    lm3s811\rel\main.o d:\software\qpcpp\examples\arm-cortex #
#                    \qk\iar\game-qk-ev-lm3s811\rel\mine1.o                   #
#                    d:\software\qpcpp\examples\arm-cortex\qk\iar\game-qk-ev- #
#                    lm3s811\rel\mine2.o d:\software\qpcpp\examples\arm-corte #
#                    x\qk\iar\game-qk-ev-lm3s811\rel\missile.o                #
#                    d:\software\qpcpp\examples\arm-cortex\qk\iar\game-qk-ev- #
#                    lm3s811\rel\ship.o d:\software\qpcpp\examples\arm-cortex #
#                    \qk\iar\game-qk-ev-lm3s811\rel\startup_ewarm.o           #
#                    d:\software\qpcpp\examples\arm-cortex\qk\iar\game-qk-ev- #
#                    lm3s811\rel\system_lm3s.o d:\software\qpcpp\examples\arm #
#                    -cortex\qk\iar\game-qk-ev-lm3s811\rel\tunnel.o           #
#                    --redirect _Printf=_PrintfTiny --redirect                #
#                    _Scanf=_ScanfSmall -o d:\software\qpcpp\examples\arm-cor #
#                    tex\qk\iar\game-qk-ev-lm3s811\rel\game-qk.out --map      #
#                    d:\software\qpcpp\examples\arm-cortex\qk\iar\game-qk-ev- #
#                    lm3s811\rel\game-qk.map --config                         #
#                    d:\software\qpcpp\examples\arm-cortex\qk\iar\game-qk-ev- #
#                    lm3s811\lm3s811.icf --semihosting                        #
#                    D:\software\qpcpp\ports\arm-cortex\qk\iar\rel\libqep_cor #
#                    tex-m3.a D:\software\qpcpp\ports\arm-cortex\qk\iar\rel\l #
#                    ibqf_cortex-m3.a D:\software\qpcpp\ports\arm-cortex\qk\i #
#                    ar\rel\libqk_cortex-m3.a --entry __iar_program_start     #
#                    --inline --vfe                                           #
#                                                                             #
#                                                                             #
###############################################################################

*******************************************************************************
*** RUNTIME MODEL ATTRIBUTES
***

CppFlavor                     = *
__CPP_Language                = EC++
__Heap_Handler                = Basic
__SystemLibrary               = DLib
__dlib_dynamic_initialization = normal


*******************************************************************************
*** PLACEMENT SUMMARY
***

"A1":  place at start of [0x00000000-0x0000ffff] { ro section .intvec };
"P1":  place in [from 0x00000000 to 0x0000ffff] { ro };
"P2":  place in [from 0x20000000 to 0x20001fff] { rw, block HEAP };

  Section             Kind        Address    Size  Object
  -------             ----        -------    ----  ------
"A1":                                        0xf0
  .intvec             const    0x00000000    0xf0  startup_ewarm.o [2]
                             - 0x000000f0    0xf0

"P1":                                      0x3558
  .text               ro code  0x000000f0   0xb2c  tunnel.o [2]
  .text               ro code  0x00000c1c    0x52  cxxabi.o [4]
  .text               ro code  0x00000c6e     0xc  tunnel.o [2]
  .text               ro code  0x00000c7a    0x2e  copy_init3.o [8]
  .text               ro code  0x00000ca8    0x30  qte_ctor.o [6]
  .text               ro code  0x00000cd8   0x290  mine1.o [2]
  .text               ro code  0x00000f68   0x290  mine2.o [2]
  .text               ro code  0x000011f8    0x88  qhsm_ini.o [5]
  .text               ro code  0x00001280    0x60  qa_sub.o [6]
  .text               ro code  0x000012e0    0x16  tunnel.o [2]
  .text               ro code  0x000012f6    0x22  zero_init3.o [8]
  .text               ro code  0x00001318   0x3f0  bsp.o [2]
  .text               ro code  0x00001708    0xa8  qk.o [7]
  .text               ro code  0x000017b0    0x18  tunnel.o [2]
  .text               ro code  0x000017c8    0x1a  tunnel.o [2]
  .text               ro code  0x000017e2    0x12  startup_ewarm.o [2]
  .text               ro code  0x000017f4    0x34  qte_darm.o [6]
  .text               ro code  0x00001828    0x78  qa_fifo.o [6]
  .text               ro code  0x000018a0    0x16  tunnel.o [2]
  .text               ro code  0x000018b6    0x16  tunnel.o [2]
  .text               ro code  0x000018cc   0x17c  qhsm_dis.o [5]
  .text               ro code  0x00001a48    0x88  cppinit.o [3]
  .text               ro code  0x00001ad0    0x1c  tunnel.o [2]
  .text               ro code  0x00001aec    0x5c  qf_new.o [6]
  .text               ro code  0x00001b48     0xa  mine2.o [2]
  .text               ro code  0x00001b52     0xa  mine2.o [2]
  .text               ro code  0x00001b5c    0x66  ABImemset.o [8]
  .text               ro code  0x00001bc2     0xe  mine1.o [2]
  .text               ro code  0x00001bd0    0x60  qf_tick.o [6]
  .text               ro code  0x00001c30    0x98  qf_pspub.o [6]
  .text               ro code  0x00001cc8   0x23c  system_lm3s.o [2]
  .text               ro code  0x00001f04   0x548  display96x16x1.o [2]
  CODE                ro code  0x0000244c    0x5c  qk_port.o [7]
  .text               ro code  0x000024a8    0x58  qk_sched.o [7]
  .text               ro code  0x00002500    0x12  qeq_init.o [6]
  .text               ro code  0x00002512     0xe  mine2.o [2]
  .text               ro code  0x00002520    0x30  qf_act.o [6]
  .text               ro code  0x00002550    0x24  qk_sched.o [7]
  .text               ro code  0x00002574    0x40  qte_arm.o [6]
  .text               ro code  0x000025b4    0x2c  qa_fifo.o [6]
  .text               ro code  0x000025e0    0x78  ABImemmove.o [8]
  .text               ro code  0x00002658    0x76  ABImemcpy.o [8]
  .text               ro code  0x000026ce     0xc  tunnel.o [2]
  .text               ro code  0x000026dc    0x22  qmp_get.o [6]
  .text               ro code  0x00002700    0x50  qf_gc.o [6]
  .text               ro code  0x00002750    0x50  qa_get_.o [6]
  .text               ro code  0x000027a0     0xc  tunnel.o [2]
  .text               ro code  0x000027ac    0x38  qmp_put.o [6]
  .text               ro code  0x000027e4    0x2c  qa_get_.o [6]
  .text               ro code  0x00002810   0x1ec  ship.o [2]
  .text               ro code  0x000029fc    0x24  ship.o [2]
  .rodata             const    0x00002a20   0x1dc  display96x16x1.o [2]
  .text               ro code  0x00002bfc   0x154  missile.o [2]
  .text               ro code  0x00002d50    0x1c  missile.o [2]
  .rodata             const    0x00002d6c   0x100  qf_log2.o [6]
  .text               ro code  0x00002e6c    0xa8  main.o [2]
  .text               ro code  0x00002f14    0x5c  qf_pool.o [6]
  .text               ro code  0x00002f70     0xc  qf_psini.o [6]
  .text               ro code  0x00002f7c    0x84  qmp_init.o [6]
  .rodata             const    0x00003000    0x74  display96x16x1.o [2]
  .rodata             const    0x00003074    0x50  display96x16x1.o [2]
  .rodata             const    0x000030c4    0x50  tunnel.o [2]
  .rodata             const    0x00003114    0x4c  mine1.o [2]
  .rodata             const    0x00003160    0x4c  mine2.o [2]
  .rodata             const    0x000031ac    0x4c  tunnel.o [2]
  .rodata             const    0x000031f8    0x48  bsp.o [2]
  .rodata             const    0x00003240    0x44  qf_pwr2.o [6]
  .rodata             const    0x00003284    0x44  qf_pwr2.o [6]
  .rodata             const    0x000032c8    0x44  qf_pwr2.o [6]
  .rodata             const    0x0000330c    0x38  tunnel.o [2]
  .text               ro code  0x00003344    0x2c  data_init3.o [8]
  .iar.init_table     const    0x00003370    0x28  - Linker created -
  .text               ro code  0x00003398    0x20  cmain_call_ctors.o [8]
  .text               ro code  0x000033b8    0x1c  mine1.o [2]
  .text               ro code  0x000033d4    0x1c  mine2.o [2]
  .text               ro code  0x000033f0    0x16  cmain.o [8]
  .text               ro code  0x00003406     0x4  exit.o [3]
  .text               ro code  0x0000340c     0xe  cexit.o [8]
  .text               ro code  0x0000341c    0x14  exit.o [9]
  SHT$$PREINIT_ARRAY           0x00003430     0x0  <Block>
  SHT$$INIT_ARRAY              0x00003430    0x14  <Block>
    .init_array       const    0x00003430     0x4  mine1.o [2]
    .init_array       const    0x00003434     0x4  mine2.o [2]
    .init_array       const    0x00003438     0x4  missile.o [2]
    .init_array       const    0x0000343c     0x4  ship.o [2]
    .init_array       const    0x00003440     0x4  tunnel.o [2]
  .rodata             const    0x00003444    0x10  mine1.o [2]
  .rodata             const    0x00003454    0x10  mine2.o [2]
  .rodata             const    0x00003464    0x10  missile.o [2]
  .rodata             const    0x00003474    0x10  ship.o [2]
  .rodata             const    0x00003484    0x10  tunnel.o [2]
  .rodata             const    0x00003494    0x10  tunnel.o [2]
  .rodata             const    0x000034a4    0x10  qhsm_ini.o [5]
  .rodata             const    0x000034b4    0x10  qep.o [5]
  .text               ro code  0x000034c4     0xe  missile.o [2]
  .text               ro code  0x000034d2     0xc  tunnel.o [2]
  .text               ro code  0x000034de     0xe  tunnel.o [2]
  .text               ro code  0x000034ec     0xe  ship.o [2]
  .text               ro code  0x000034fa     0xe  tunnel.o [2]
  .rodata             const    0x00003508     0xc  tunnel.o [2]
  .rodata             const    0x00003514     0xc  tunnel.o [2]
  .rodata             const    0x00003520     0xc  qf_pspub.o [6]
  .rodata             const    0x0000352c     0xc  qhsm_ini.o [5]
  .rodata             const    0x00003538     0xc  qhsm_dis.o [5]
  .rodata             const    0x00003544     0xc  qte_ctor.o [6]
  .rodata             const    0x00003550     0xc  qmp_init.o [6]
  .text               ro code  0x0000355c     0xc  cstartup_M.o [8]
  .rodata             const    0x00003568     0x8  display96x16x1.o [2]
  .rodata             const    0x00003570     0x8  display96x16x1.o [2]
  .rodata             const    0x00003578     0x8  display96x16x1.o [2]
  .rodata             const    0x00003580     0x8  display96x16x1.o [2]
  .rodata             const    0x00003588     0x8  tunnel.o [2]
  .rodata             const    0x00003590     0x8  tunnel.o [2]
  .rodata             const    0x00003598     0x8  tunnel.o [2]
  .rodata             const    0x000035a0     0x8  tunnel.o [2]
  .rodata             const    0x000035a8     0x8  tunnel.o [2]
  .rodata             const    0x000035b0     0x8  tunnel.o [2]
  .rodata             const    0x000035b8     0x8  qf_new.o [6]
  .rodata             const    0x000035c0     0x8  qa_fifo.o [6]
  .rodata             const    0x000035c8     0x8  qf_pool.o [6]
  .rodata             const    0x000035d0     0x8  qa_sub.o [6]
  .rodata             const    0x000035d8     0x8  qte_arm.o [6]
  .rodata             const    0x000035e0     0x8  qf_act.o [6]
  .rodata             const    0x000035e8     0x8  qf_gc.o [6]
  .rodata             const    0x000035f0     0x8  qa_get_.o [6]
  .rodata             const    0x000035f8     0x8  qmp_put.o [6]
  .rodata             const    0x00003600     0x4  bsp.o [2]
  .rodata             const    0x00003604     0x4  bsp.o [2]
  .rodata             const    0x00003608     0x4  missile.o [2]
  .rodata             const    0x0000360c     0x4  ship.o [2]
  .rodata             const    0x00003610     0x4  tunnel.o [2]
  .rodata             const    0x00003614     0x4  tunnel.o [2]
  .rodata             const    0x00003618     0x4  tunnel.o [2]
  .rodata             const    0x0000361c     0x4  tunnel.o [2]
  .rodata             const    0x00003620     0x4  tunnel.o [2]
  .rodata             const    0x00003624     0x4  tunnel.o [2]
  .rodata             const    0x00003628     0x4  tunnel.o [2]
  .rodata             const    0x0000362c     0x4  qk.o [7]
  .text               ro code  0x00003630     0x4  qhsm_top.o [5]
  .text               ro code  0x00003634     0x0  cstart_call_dtors.o [8]
  .rodata             const    0x00003634     0x0  bwt_init3c.o [8]
  Initializer bytes   ro data  0x00003634    0x14  <for P2 s0>
                             - 0x00003648  0x3558

"P2", part 1 of 3:                           0x14
  P2 s0                        0x20000000    0x14  <Init block>
    .data             inited   0x20000000    0x10  qk.o [7]
    .data             inited   0x20000010     0x4  system_lm3s.o [2]
                             - 0x20000014    0x14

"P2", part 2 of 3:                          0x5c4
  .bss                zero     0x20000014   0x100  qf_act.o [6]
  .bss                zero     0x20000114    0xc0  tunnel.o [2]
  .bss                zero     0x200001d4    0xc0  tunnel.o [2]
  .bss                zero     0x20000294    0x90  main.o [2]
  .bss                zero     0x20000324    0x88  tunnel.o [2]
  .bss                zero     0x200003ac    0x7c  qf_pool.o [6]
  .bss                zero     0x20000428    0x40  main.o [2]
  .bss                zero     0x20000468    0x3c  mine1.o [2]
  .bss                zero     0x200004a4    0x3c  mine2.o [2]
  .bss                zero     0x200004e0    0x28  main.o [2]
  .bss                zero     0x20000508    0x28  main.o [2]
  .bss                zero     0x20000530    0x20  missile.o [2]
  .bss                zero     0x20000550    0x20  ship.o [2]
  .bss                zero     0x20000570     0xc  main.o [2]
  .bss                zero     0x2000057c     0x8  main.o [2]
  .bss                zero     0x20000584     0x8  mine1.o [2]
  .bss                zero     0x2000058c     0x8  mine1.o [2]
  .bss                zero     0x20000594     0x8  mine2.o [2]
  .bss                zero     0x2000059c     0x8  mine2.o [2]
  .bss                zero     0x200005a4     0x8  qf_psini.o [6]
  .bss                zero     0x200005ac     0x4  bsp.o [2]
  .bss                zero     0x200005b0     0x4  bsp.o [2]
  .bss                zero     0x200005b4     0x4  bsp.o [2]
  .bss                zero     0x200005b8     0x4  display96x16x1.o [2]
  .bss                zero     0x200005bc     0x4  tunnel.o [2]
  .bss                zero     0x200005c0     0x4  qte_arm.o [6]
  .bss                zero     0x200005c4     0x4  cppinit.o [3]
  .bss                zero     0x200005c8     0x4  cppinit.o [3]
  .bss                zero     0x200005cc     0x1  bsp.o [2]
  .bss                zero     0x200005cd     0x1  display96x16x1.o [2]
  .bss                zero     0x200005ce     0x1  display96x16x1.o [2]
  .bss                zero     0x200005cf     0x1  mine1.o [2]
  .bss                zero     0x200005d0     0x1  mine1.o [2]
  .bss                zero     0x200005d1     0x1  mine1.o [2]
  .bss                zero     0x200005d2     0x1  mine2.o [2]
  .bss                zero     0x200005d3     0x1  mine2.o [2]
  .bss                zero     0x200005d4     0x1  mine2.o [2]
  .bss                zero     0x200005d5     0x1  qk.o [7]
  .bss                zero     0x200005d6     0x1  qf_tick.o [6]
  .bss                zero     0x200005d7     0x1  qk_mutex.o [7]
                             - 0x200005d8   0x5c4

"P2", part 3 of 3:                          0x414
  .noinit             uninit   0x200005d8   0x258  startup_ewarm.o [2]
  .iar.dynexit                 0x20000830   0x1bc  <Block>
    .iar.dynexit      uninit   0x20000830     0xc  cppinit.o [3]
    .iar.dynexit      uninit   0x2000083c   0x1b0  <Block tail>
                             - 0x200009ec   0x414


*******************************************************************************
*** INIT TABLE
***

          Address     Size
          -------     ----
Zero (__iar_zero_init3)
    1 destination range, total size 0x5c4:
          0x20000014  0x5c4

Copy (__iar_copy_init3)
    1 source range, total size 0x14:
          0x00003634   0x14
    1 destination range, total size 0x14:
          0x20000000   0x14

Extra (__iar_cstart_call_ctors)



*******************************************************************************
*** MODULE SUMMARY
***

    Module               ro code  ro data  rw data
    ------               -------  -------  -------
command line: [1]
    ----------------------------------------------
    Total:

d:\software\qpcpp\examples\arm-cortex\qk\iar\game-qk-ev-lm3s811\rel: [2]
    bsp.o                  1 008       80       13
    display96x16x1.o       1 352      704        6
    main.o                   168               308
    mine1.o                  698       96       79
    mine2.o                  718       96       79
    missile.o                382       24       32
    ship.o                   542       24       32
    startup_ewarm.o           18      240      600
    system_lm3s.o            572        4        4
    tunnel.o               3 080      348      524
    ----------------------------------------------
    Total:                 8 538    1 616    1 677

dl7M_tln.a: [3]
    cppinit.o                136                20
    exit.o                     4
    ----------------------------------------------
    Total:                   140                20

dlpp7M_tl_ne.a: [4]
    cxxabi.o                  82
    ----------------------------------------------
    Total:                    82

libqep_cortex-m3.a: [5]
    qep.o                              16
    qhsm_dis.o               380       12
    qhsm_ini.o               136       28
    qhsm_top.o                 4
    ----------------------------------------------
    Total:                   520       56

libqf_cortex-m3.a: [6]
    qa_fifo.o                164        8
    qa_get_.o                124        8
    qa_sub.o                  96        8
    qeq_init.o                18
    qf_act.o                  48        8      256
    qf_gc.o                   80        8
    qf_log2.o                         256
    qf_new.o                  92        8
    qf_pool.o                 92        8      124
    qf_psini.o                12                 8
    qf_pspub.o               152       12
    qf_pwr2.o                         204
    qf_tick.o                 96                 1
    qmp_get.o                 34
    qmp_init.o               132       12
    qmp_put.o                 56        8
    qte_arm.o                 64        8        4
    qte_ctor.o                48       12
    qte_darm.o                52
    ----------------------------------------------
    Total:                 1 360      568      393

libqk_cortex-m3.a: [7]
    qk.o                     168       20       17
    qk_mutex.o                                   1
    qk_port.o                 92
    qk_sched.o               124
    ----------------------------------------------
    Total:                   384       20       18

rt7M_tl.a: [8]
    ABImemcpy.o              118
    ABImemmove.o             120
    ABImemset.o              102
    bwt_init3c.o
    cexit.o                   14
    cmain.o                   22
    cmain_call_ctors.o        32
    copy_init3.o              46
    cstart_call_dtors.o
    cstartup_M.o              12
    data_init3.o              44
    zero_init3.o              34
    ----------------------------------------------
    Total:                   544

shb_l.a: [9]
    exit.o                    20
    ----------------------------------------------
    Total:                    20

    Gaps                       8
    Linker created                     40      432
--------------------------------------------------
    Grand Total:          11 596    2 300    2 540


*******************************************************************************
*** ENTRY LIST
***

Entry                      Address   Size  Type      Object
-----                      -------   ----  ----      ------
.iar.dynexit$$Base      0x20000830          --   Gb  - Linker created -
.iar.dynexit$$Limit     0x200009ec          --   Gb  - Linker created -
?main                   0x000033f1         Code  Gb  cmain.o [8]
ADCSeq3_IRQHandler      0x000013bd  0x104  Code  Gb  bsp.o [2]
AO_Missile              0x00003608    0x4  Data  Gb  missile.o [2]
AO_Ship                 0x0000360c    0x4  Data  Gb  ship.o [2]
AO_Tunnel               0x00003610    0x4  Data  Gb  tunnel.o [2]
BSP_displayOff()        0x000015fb    0x8  Code  Gb  bsp.o [2]
BSP_displayOn()         0x000015f3    0x8  Code  Gb  bsp.o [2]
BSP_drawBitmap(unsigned char const *, unsigned char, unsigned char)
                        0x000015b9   0x22  Code  Gb  bsp.o [2]
BSP_drawNString(unsigned char, unsigned char, char const *)
                        0x000015db   0x18  Code  Gb  bsp.o [2]
BSP_init(int, char **)  0x000014c1   0xf8  Code  Gb  bsp.o [2]
Display96x16x1Clear     0x00001fc5   0x74  Code  Gb  display96x16x1.o [2]
Display96x16x1DisplayOff
                        0x00002425   0x28  Code  Gb  display96x16x1.o [2]
Display96x16x1DisplayOn
                        0x00002311   0x94  Code  Gb  display96x16x1.o [2]
Display96x16x1ImageDraw
                        0x000020fd   0x7a  Code  Gb  display96x16x1.o [2]
Display96x16x1Init      0x00002177  0x19a  Code  Gb  display96x16x1.o [2]
Display96x16x1StringDraw
                        0x00002039   0xc4  Code  Gb  display96x16x1.o [2]
Display96x16x1WriteArray
                        0x00001f51   0x36  Code  Lc  display96x16x1.o [2]
Display96x16x1WriteByte
                        0x00001f27   0x2a  Code  Lc  display96x16x1.o [2]
Display96x16x1WriteFinal
                        0x00001f87   0x3e  Code  Lc  display96x16x1.o [2]
Display96x16x1WriteFirst
                        0x00001f0d   0x1a  Code  Lc  display96x16x1.o [2]
DtorRecArray            0x20000830    0xc  Data  Lc  cppinit.o [3]
HardFault_Handler       0x000017e5   0x10  Code  Gb  startup_ewarm.o [2]
Mine1::Mine1()          0x000033b9   0x1c  Code  Gb  mine1.o [2]
Mine1::exploding(Mine1*, QEvent const *)
                        0x00000eb5   0x72  Code  Gb  mine1.o [2]
Mine1::initial(Mine1*, QEvent const *)
                        0x00000d25   0x18  Code  Gb  mine1.o [2]
Mine1::planted(Mine1*, QEvent const *)
                        0x00000da5  0x10e  Code  Gb  mine1.o [2]
Mine1::unused(Mine1*, QEvent const *)
                        0x00000d3d   0x20  Code  Gb  mine1.o [2]
Mine1::used(Mine1*, QEvent const *)
                        0x00000d5d   0x46  Code  Gb  mine1.o [2]
Mine1::~Mine1()         0x00001bc3    0xe  Code  Gb  mine1.o [2]
Mine1_getInst(unsigned char)
                        0x00000d07   0x1e  Code  Gb  mine1.o [2]
Mine2::Mine2()          0x000033d5   0x1c  Code  Gb  mine2.o [2]
Mine2::exploding(Mine2*, QEvent const *)
                        0x00001145   0x72  Code  Gb  mine2.o [2]
Mine2::initial(Mine2*, QEvent const *)
                        0x00000fb5   0x18  Code  Gb  mine2.o [2]
Mine2::planted(Mine2*, QEvent const *)
                        0x00001035  0x10e  Code  Gb  mine2.o [2]
Mine2::unused(Mine2*, QEvent const *)
                        0x00000fcd   0x20  Code  Gb  mine2.o [2]
Mine2::used(Mine2*, QEvent const *)
                        0x00000fed   0x46  Code  Gb  mine2.o [2]
Mine2::~Mine2()         0x00002513    0xe  Code  Gb  mine2.o [2]
Mine2_getInst(unsigned char)
                        0x00000f97   0x1e  Code  Gb  mine2.o [2]
MineEvt::MineEvt(unsigned short, unsigned char)
                        0x00001b49    0xa  Code  Gb  mine2.o [2]
Missile::Missile()      0x00002d51   0x1c  Code  Gb  missile.o [2]
Missile::armed(Missile*, QEvent const *)
                        0x00002c29   0x20  Code  Gb  missile.o [2]
Missile::exploding(Missile*, QEvent const *)
                        0x00002cc1   0x72  Code  Gb  missile.o [2]
Missile::flying(Missile*, QEvent const *)
                        0x00002c49   0x78  Code  Gb  missile.o [2]
Missile::initial(Missile*, QEvent const *)
                        0x00002c0f   0x18  Code  Gb  missile.o [2]
Missile::~Missile()     0x000034c5    0xe  Code  Gb  missile.o [2]
NMI_Handler             0x000017e3    0x2  Code  Gb  startup_ewarm.o [2]
NVIC_EnableIRQ(IRQn)    0x00001319   0x1a  Code  Lc  bsp.o [2]
NVIC_SetPriority(IRQn, unsigned int)
                        0x00001333   0x26  Code  Lc  bsp.o [2]
PendSV_Handler          0x0000246d         Code  Gb  qk_port.o [7]
QActive::QActive(unsigned char (*)(void *, QEvent const *))
                        0x00001ad1   0x1c  Code  Gb  tunnel.o [2]
QActive::QActive(unsigned char (*)(void *, QEvent const *)) [subobject]
                        0x00000c6f    0xc  Code  Gb  tunnel.o [2]
QActive::get_()         0x00002751   0x48  Code  Gb  qa_get_.o [6]
QActive::postFIFO(QEvent const *)
                        0x00001829   0x78  Code  Gb  qa_fifo.o [6]
QActive::start(unsigned char, QEvent const **, unsigned int, void *, unsigned int, QEvent const *)
                        0x00001731   0x58  Code  Gb  qk.o [7]
QActive::subscribe(unsigned short) const
                        0x00001281   0x60  Code  Gb  qa_sub.o [6]
QActive::~QActive()     0x000034df    0xe  Code  Gb  tunnel.o [2]
QActive::~QActive() [subobject]
                        0x000034d3    0xc  Code  Gb  tunnel.o [2]
QEP_reservedEvt_        0x000034b4   0x10  Data  Gb  qep.o [5]
QEQueue::init(QEvent const **, unsigned char)
                        0x00002501   0x12  Code  Gb  qeq_init.o [6]
QF::active_             0x20000014  0x100  Data  Gb  qf_act.o [6]
QF::add_(QActive *)     0x00002521   0x26  Code  Gb  qf_act.o [6]
QF::gc(QEvent const *)  0x00002701   0x50  Code  Gb  qf_gc.o [6]
QF::init()              0x00001709    0x4  Code  Gb  qk.o [7]
QF::new_(unsigned short, unsigned short)
                        0x00001aed   0x5c  Code  Gb  qf_new.o [6]
QF::onCleanup()         0x00001659    0x2  Code  Gb  bsp.o [2]
QF::onStartup()         0x00001603   0x56  Code  Gb  bsp.o [2]
QF::poolInit(void *, unsigned int, unsigned short)
                        0x00002f15   0x5c  Code  Gb  qf_pool.o [6]
QF::psInit(QSubscrList *, unsigned short)
                        0x00002f71    0xc  Code  Gb  qf_psini.o [6]
QF::publish(QEvent const *)
                        0x00001c31   0x98  Code  Gb  qf_pspub.o [6]
QF::run()               0x00001711   0x20  Code  Gb  qk.o [7]
QF::stop()              0x0000170d    0x4  Code  Gb  qk.o [7]
QF::tick()              0x00001bd1   0x60  Code  Gb  qf_tick.o [6]
QF_div8Lkup             0x000032c8   0x44  Data  Gb  qf_pwr2.o [6]
QF_invPwr2Lkup          0x00003284   0x44  Data  Gb  qf_pwr2.o [6]
QF_log2Lkup             0x00002d6c  0x100  Data  Gb  qf_log2.o [6]
QF_maxPool_             0x200003ac    0x1  Data  Gb  qf_pool.o [6]
QF_maxSignal_           0x200005a4    0x2  Data  Gb  qf_psini.o [6]
QF_pool_                0x200003b0   0x78  Data  Gb  qf_pool.o [6]
QF_pwr2Lkup             0x00003240   0x44  Data  Gb  qf_pwr2.o [6]
QF_subscrList_          0x200005a8    0x4  Data  Gb  qf_psini.o [6]
QF_timeEvtListHead_     0x200005c0    0x4  Data  Gb  qte_arm.o [6]
QHsm::QHsm(unsigned char (*)(void *, QEvent const *))
                        0x000027a1    0xc  Code  Gb  tunnel.o [2]
QHsm::QHsm(unsigned char (*)(void *, QEvent const *)) [subobject]
                        0x000026cf    0xc  Code  Gb  tunnel.o [2]
QHsm::dispatch(QEvent const *)
                        0x000018cd  0x160  Code  Gb  qhsm_dis.o [5]
QHsm::init(QEvent const *)
                        0x000011f9   0x78  Code  Gb  qhsm_ini.o [5]
QHsm::top(QHsm*, QEvent const *)
                        0x00003631    0x4  Code  Gb  qhsm_top.o [5]
QK::onIdle()            0x0000165b   0x14  Code  Gb  bsp.o [2]
QK_ceilingPrio_         0x200005d7    0x1  Data  Gb  qk_mutex.o [7]
QK_currPrio_            0x20000000    0x1  Data  Gb  qk.o [7]
QK_init                 0x0000244d         Code  Gb  qk_port.o [7]
QK_intNest_             0x200005d5    0x1  Data  Gb  qk.o [7]
QK_readySet_            0x20000004    0xc  Data  Gb  qk.o [7]
QK_schedPrio_           0x00001789   0x1a  Code  Gb  qk.o [7]
QK_sched_               0x000024a9   0x58  Code  Gb  qk_sched.o [7]
QMPool::get()           0x000026dd   0x22  Code  Gb  qmp_get.o [6]
QMPool::init(void *, unsigned int, unsigned short)
                        0x00002f7d   0x84  Code  Gb  qmp_init.o [6]
QMPool::put(void *)     0x000027ad   0x38  Code  Gb  qmp_put.o [6]
QPSet64::findMax() volatile
                        0x00002551   0x24  Code  Gb  qk_sched.o [7]
QPSet64::insert(unsigned char) volatile
                        0x000025b5   0x2c  Code  Gb  qa_fifo.o [6]
QPSet64::remove(unsigned char) volatile
                        0x000027e5   0x2c  Code  Gb  qa_get_.o [6]
QTimeEvt::QTimeEvt(unsigned short)
                        0x00000ca9   0x28  Code  Gb  qte_ctor.o [6]
QTimeEvt::arm_(QActive *, unsigned short)
                        0x00002575   0x40  Code  Gb  qte_arm.o [6]
QTimeEvt::disarm()      0x000017f5   0x34  Code  Gb  qte_darm.o [6]
QTimeEvt::postEvery(QActive *, unsigned short)
                        0x000017b1   0x18  Code  Gb  tunnel.o [2]
QTimeEvt::postIn(QActive *, unsigned short)
                        0x000017c9   0x1a  Code  Gb  tunnel.o [2]
Q_onAssert              0x00001705    0x4  Code  Gb  bsp.o [2]
Region$$Table$$Base     0x00003370          --   Gb  - Linker created -
Region$$Table$$Limit    0x00003398          --   Gb  - Linker created -
SHT$$INIT_ARRAY$$Base   0x00003430          --   Gb  - Linker created -
SHT$$INIT_ARRAY$$Limit  0x00003444          --   Gb  - Linker created -
SHT$$PREINIT_ARRAY$$Base
                        0x00003430          --   Gb  - Linker created -
SHT$$PREINIT_ARRAY$$Limit
                        0x00003430          --   Gb  - Linker created -
SVC_Handler             0x00002497         Code  Gb  qk_port.o [7]
ScoreEvt::ScoreEvt(unsigned short, unsigned short)
                        0x00001b53    0xa  Code  Gb  mine2.o [2]
Ship::Ship()            0x000029fd   0x24  Code  Gb  ship.o [2]
Ship::active(Ship*, QEvent const *)
                        0x00002845   0x2c  Code  Gb  ship.o [2]
Ship::exploding(Ship*, QEvent const *)
                        0x00002961   0x7c  Code  Gb  ship.o [2]
Ship::flying(Ship*, QEvent const *)
                        0x00002889   0xd6  Code  Gb  ship.o [2]
Ship::initial(Ship*, QEvent const *)
                        0x00002823   0x20  Code  Gb  ship.o [2]
Ship::parked(Ship*, QEvent const *)
                        0x00002871   0x18  Code  Gb  ship.o [2]
Ship::~Ship()           0x000034ed    0xe  Code  Gb  ship.o [2]
SysCtlDelay             0x00001f05    0x8  Code  Gb  display96x16x1.o [2]
SysTick_Config(unsigned int)
                        0x00001359   0x32  Code  Lc  bsp.o [2]
SysTick_Handler         0x0000138b   0x32  Code  Gb  bsp.o [2]
SystemFrequency         0x20000010    0x4  Data  Gb  system_lm3s.o [2]
SystemInit              0x00001cc9  0x114  Code  Gb  system_lm3s.o [2]
Tunnel::Tunnel()        0x00000109   0x6e  Code  Gb  tunnel.o [2]
Tunnel::active(Tunnel*, QEvent const *)
                        0x00000205   0x4e  Code  Gb  tunnel.o [2]
Tunnel::addImageAt(unsigned char, unsigned char, signed char)
                        0x00000907   0xce  Code  Gb  tunnel.o [2]
Tunnel::advance()       0x00000705  0x106  Code  Gb  tunnel.o [2]
Tunnel::demo(Tunnel*, QEvent const *)
                        0x00000255   0xdc  Code  Gb  tunnel.o [2]
Tunnel::dispatchToAllMines(QEvent const *)
                        0x000008d7   0x30  Code  Gb  tunnel.o [2]
Tunnel::final(Tunnel*, QEvent const *)
                        0x000001cf   0x36  Code  Gb  tunnel.o [2]
Tunnel::game_over(Tunnel*, QEvent const *)
                        0x00000331   0xa0  Code  Gb  tunnel.o [2]
Tunnel::initial(Tunnel*, QEvent const *)
                        0x00000179   0x56  Code  Gb  tunnel.o [2]
Tunnel::isWallHit(unsigned char, unsigned char, unsigned char)
                        0x000009d5   0x9c  Code  Gb  tunnel.o [2]
Tunnel::plantMine()     0x0000080b   0xcc  Code  Gb  tunnel.o [2]
Tunnel::playing(Tunnel*, QEvent const *)
                        0x000003d1  0x1f6  Code  Gb  tunnel.o [2]
Tunnel::screen_saver(Tunnel*, QEvent const *)
                        0x000005c9   0x2a  Code  Gb  tunnel.o [2]
Tunnel::screen_saver_hide(Tunnel*, QEvent const *)
                        0x000005f5   0x4e  Code  Gb  tunnel.o [2]
Tunnel::screen_saver_show(Tunnel*, QEvent const *)
                        0x00000645   0x9c  Code  Gb  tunnel.o [2]
Tunnel::~Tunnel()       0x000034fb    0xe  Code  Gb  tunnel.o [2]
Virtual function table for Mine1
                        0x00003444   0x10  Data  Gb  mine1.o [2]
Virtual function table for Mine2
                        0x00003454   0x10  Data  Gb  mine2.o [2]
Virtual function table for Missile
                        0x00003464   0x10  Data  Gb  missile.o [2]
Virtual function table for QActive
                        0x00003484   0x10  Data  Gb  tunnel.o [2]
Virtual function table for QHsm
                        0x000034a4   0x10  Data  Gb  qhsm_ini.o [5]
Virtual function table for Ship
                        0x00003474   0x10  Data  Gb  ship.o [2]
Virtual function table for Tunnel
                        0x00003494   0x10  Data  Gb  tunnel.o [2]
__aeabi_atexit          0x00000c5f    0xa  Code  Gb  cxxabi.o [4]
__aeabi_memcpy          0x00002659         Code  Gb  ABImemcpy.o [8]
__aeabi_memcpy4         0x00002679         Code  Gb  ABImemcpy.o [8]
__aeabi_memcpy8         0x00002679         Code  Gb  ABImemcpy.o [8]
__aeabi_memmove         0x000025e1         Code  Gb  ABImemmove.o [8]
__aeabi_memmove4        0x000025e1         Code  Gb  ABImemmove.o [8]
__aeabi_memmove8        0x000025e1         Code  Gb  ABImemmove.o [8]
__aeabi_memset          0x00001b5d         Code  Gb  ABImemset.o [8]
__aeabi_vec_ctor_nocookie_nodtor
                        0x00000c1d   0x22  Code  Gb  cxxabi.o [4]
__aeabi_vec_dtor        0x00000c3f   0x20  Code  Gb  cxxabi.o [4]
__call_ctors            0x00001a49   0x18  Code  Gb  cppinit.o [3]
__call_dtors            0x00001a8d    0x2  Code  Gb  cppinit.o [3]
__cexit_call_dtors      0x0000340f         Code  Gb  cexit.o [8]
__cmain                 0x000033f1         Code  Gb  cmain.o [8]
__cstart_call_dtors     0x00003634         Data  Gb  cstart_call_dtors.o [8]
__cxa_atexit            0x00001a61   0x2c  Code  Gb  cppinit.o [3]
__cxa_finalize          0x00001a8f   0x34  Code  Gb  cppinit.o [3]
__dso_handle            0x200005c8    0x4  Data  Gb  cppinit.o [3]
__exit                  0x0000341d   0x14  Code  Gb  exit.o [9]
__iar_Memset            0x00001b5d         Code  Gb  ABImemset.o [8]
__iar_Memset_word       0x00001b65         Code  Gb  ABImemset.o [8]
__iar_SB                0x00003634         Data  Gb  bwt_init3c.o [8]
__iar_copy_init3        0x00000c7b   0x2e  Code  Gb  copy_init3.o [8]
__iar_cstart_call_ctors
                        0x00003399   0x20  Code  Gb  cmain_call_ctors.o [8]
__iar_data_init3        0x00003345   0x2c  Code  Gb  data_init3.o [8]
__iar_program_start     0x0000355d         Code  Gb  cstartup_M.o [8]
__iar_zero_init3        0x000012f7   0x22  Code  Gb  zero_init3.o [8]
__sti__routine          0x00000cd9   0x1c  Code  Lc  mine1.o [2]
__sti__routine          0x00000f69   0x1c  Code  Lc  mine2.o [2]
__sti__routine          0x00002bfd   0x12  Code  Lc  missile.o [2]
__sti__routine          0x00002811   0x12  Code  Lc  ship.o [2]
__sti__routine          0x000000f1   0x18  Code  Lc  tunnel.o [2]
__vector_table          0x00000000   0xf0  Data  Gb  startup_ewarm.o [2]
_call_main              0x000033fd         Code  Gb  cmain.o [8]
_exit                   0x0000340d         Code  Gb  cexit.o [8]
_main                   0x00003403         Code  Gb  cmain.o [8]
do_bitmaps_overlap(unsigned char, unsigned char, unsigned char, unsigned char, unsigned char, unsigned char)
                        0x00000a71  0x148  Code  Gb  tunnel.o [2]
exit                    0x00003407    0x4  Code  Gb  exit.o [3]
explosion0_bits         0x00003598    0x8  Data  Lc  tunnel.o [2]
explosion1_bits         0x000035a0    0x8  Data  Lc  tunnel.o [2]
explosion2_bits         0x000035a8    0x8  Data  Lc  tunnel.o [2]
explosion3_bits         0x000035b0    0x8  Data  Lc  tunnel.o [2]
g_pucFont               0x00002a20  0x1dc  Data  Lc  display96x16x1.o [2]
g_pucOSRAMInit          0x00003000   0x74  Data  Lc  display96x16x1.o [2]
g_pucOSRAMRow1          0x00003568    0x8  Data  Lc  display96x16x1.o [2]
g_pucOSRAMRow2          0x00003570    0x8  Data  Lc  display96x16x1.o [2]
g_pucRITInit            0x00003074   0x50  Data  Lc  display96x16x1.o [2]
g_pucRITRow1            0x00003578    0x8  Data  Lc  display96x16x1.o [2]
g_pucRITRow2            0x00003580    0x8  Data  Lc  display96x16x1.o [2]
g_ucColumnAdjust        0x200005ce    0x1  Data  Lc  display96x16x1.o [2]
g_ucDisplayIsRIT        0x200005cd    0x1  Data  Lc  display96x16x1.o [2]
g_ulDelay               0x200005b8    0x4  Data  Lc  display96x16x1.o [2]
getOscClk               0x00001ddd   0xca  Code  Lc  system_lm3s.o [2]
l_bitmap                0x000030c4   0x50  Data  Lc  tunnel.o [2]
l_frame                 0x200001d4   0xc0  Data  Lc  tunnel.o [2]
l_medPoolSto            0x20000294   0x90  Data  Lc  main.o [2]
l_mine1                 0x20000468   0x3c  Data  Lc  mine1.o [2]
l_mine2                 0x200004a4   0x3c  Data  Lc  mine2.o [2]
l_missile               0x20000530   0x20  Data  Lc  missile.o [2]
l_missileQueueSto       0x2000057c    0x8  Data  Lc  main.o [2]
l_rnd                   0x200005bc    0x4  Data  Lc  tunnel.o [2]
l_ship                  0x20000550   0x20  Data  Lc  ship.o [2]
l_shipQueueSto          0x20000570    0xc  Data  Lc  main.o [2]
l_smlPoolSto            0x20000508   0x28  Data  Lc  main.o [2]
l_subscrSto             0x20000428   0x40  Data  Lc  main.o [2]
l_this_file             0x000031f8   0x48  Data  Lc  bsp.o [2]
l_this_file             0x00003114   0x4c  Data  Lc  mine1.o [2]
l_this_file             0x00003160   0x4c  Data  Lc  mine2.o [2]
l_this_file             0x000031ac   0x4c  Data  Lc  tunnel.o [2]
l_this_file             0x0000362c    0x4  Data  Lc  qk.o [7]
l_this_file             0x000035b8    0x8  Data  Lc  qf_new.o [6]
l_this_file             0x00003520    0xc  Data  Lc  qf_pspub.o [6]
l_this_file             0x000035c0    0x8  Data  Lc  qa_fifo.o [6]
l_this_file             0x000035c8    0x8  Data  Lc  qf_pool.o [6]
l_this_file             0x0000352c    0xc  Data  Lc  qhsm_ini.o [5]
l_this_file             0x000035d0    0x8  Data  Lc  qa_sub.o [6]
l_this_file             0x00003538    0xc  Data  Lc  qhsm_dis.o [5]
l_this_file             0x000035d8    0x8  Data  Lc  qte_arm.o [6]
l_this_file             0x00003544    0xc  Data  Lc  qte_ctor.o [6]
l_this_file             0x000035e0    0x8  Data  Lc  qf_act.o [6]
l_this_file             0x000035e8    0x8  Data  Lc  qf_gc.o [6]
l_this_file             0x00003550    0xc  Data  Lc  qmp_init.o [6]
l_this_file             0x000035f0    0x8  Data  Lc  qa_get_.o [6]
l_this_file             0x000035f8    0x8  Data  Lc  qmp_put.o [6]
l_tunnel                0x20000324   0x88  Data  Lc  tunnel.o [2]
l_tunnelQueueSto        0x200004e0   0x28  Data  Lc  main.o [2]
l_walls                 0x20000114   0xc0  Data  Lc  tunnel.o [2]
main                    0x00002e6d   0xa8  Code  Gb  main.o [2]
memcpy                  0x000018b7   0x16  Code  Gb  tunnel.o [2]
memmove                 0x000018a1   0x16  Code  Gb  tunnel.o [2]
memset                  0x000012e1   0x16  Code  Gb  tunnel.o [2]
mine1_bits              0x00003620    0x4  Data  Lc  tunnel.o [2]
mine2_bits              0x00003624    0x4  Data  Lc  tunnel.o [2]
mine2_missile_bits      0x00003628    0x4  Data  Lc  tunnel.o [2]
missile_bits            0x0000361c    0x4  Data  Lc  tunnel.o [2]
next_abi_dtor_rec       0x200005c4    0x4  Data  Lc  cppinit.o [3]
press_button_bits       0x0000330c   0x38  Data  Lc  tunnel.o [2]
pulStack                0x200005d8  0x258  Data  Lc  startup_ewarm.o [2]
random()                0x000006e1   0x1c  Code  Lc  tunnel.o [2]
randomSeed(unsigned int)
                        0x000006fd    0x8  Code  Lc  tunnel.o [2]
ship_bits               0x00003590    0x8  Data  Lc  tunnel.o [2]


[1] = command line
[2] = d:\software\qpcpp\examples\arm-cortex\qk\iar\game-qk-ev-lm3s811\rel
[3] = dl7M_tln.a
[4] = dlpp7M_tl_ne.a
[5] = libqep_cortex-m3.a
[6] = libqf_cortex-m3.a
[7] = libqk_cortex-m3.a
[8] = rt7M_tl.a
[9] = shb_l.a

  11 596 bytes of readonly  code memory
   2 300 bytes of readonly  data memory
   2 540 bytes of readwrite data memory

Errors: none
Warnings: none
