Archive member included because of file (symbol)

D:\software\qpcpp/ports/arm-cortex/qk/gnu/dbg\libqk_cortex-m3_dk.a(qk.o)
                              dbg/main.o (QF::init())
D:\software\qpcpp/ports/arm-cortex/qk/gnu/dbg\libqk_cortex-m3_dk.a(qk_sched.o)
                              D:\software\qpcpp/ports/arm-cortex/qk/gnu/dbg\libqk_cortex-m3_dk.a(qk.o) (QK_sched_)
D:\software\qpcpp/ports/arm-cortex/qk/gnu/dbg\libqk_cortex-m3_dk.a(qk_mutex.o)
                              D:\software\qpcpp/ports/arm-cortex/qk/gnu/dbg\libqk_cortex-m3_dk.a(qk.o) (QK_ceilingPrio_)
D:\software\qpcpp/ports/arm-cortex/qk/gnu/dbg\libqk_cortex-m3_dk.a(qk_port.o)
                              D:\software\qpcpp/ports/arm-cortex/qk/gnu/dbg\libqk_cortex-m3_dk.a(qk.o) (QK_init)
D:\software\qpcpp/ports/arm-cortex/qk/gnu/dbg\libqf_cortex-m3_dk.a(qa_fifo.o)
                              dbg/philo.o (QActive::postFIFO(QEvent const*))
D:\software\qpcpp/ports/arm-cortex/qk/gnu/dbg\libqf_cortex-m3_dk.a(qa_get_.o)
                              D:\software\qpcpp/ports/arm-cortex/qk/gnu/dbg\libqk_cortex-m3_dk.a(qk_sched.o) (QActive::get_())
D:\software\qpcpp/ports/arm-cortex/qk/gnu/dbg\libqf_cortex-m3_dk.a(qa_sub.o)
                              dbg/table.o (QActive::subscribe(unsigned short) const)
D:\software\qpcpp/ports/arm-cortex/qk/gnu/dbg\libqf_cortex-m3_dk.a(qeq_init.o)
                              D:\software\qpcpp/ports/arm-cortex/qk/gnu/dbg\libqk_cortex-m3_dk.a(qk.o) (QEQueue::init(QEvent const**, unsigned char))
D:\software\qpcpp/ports/arm-cortex/qk/gnu/dbg\libqf_cortex-m3_dk.a(qf_act.o)
                              dbg/bsp.o (QF::getVersion())
D:\software\qpcpp/ports/arm-cortex/qk/gnu/dbg\libqf_cortex-m3_dk.a(qf_gc.o)
                              D:\software\qpcpp/ports/arm-cortex/qk/gnu/dbg\libqk_cortex-m3_dk.a(qk_sched.o) (QF::gc(QEvent const*))
D:\software\qpcpp/ports/arm-cortex/qk/gnu/dbg\libqf_cortex-m3_dk.a(qf_log2.o)
                              D:\software\qpcpp/ports/arm-cortex/qk/gnu/dbg\libqk_cortex-m3_dk.a(qk.o) (QF_log2Lkup)
D:\software\qpcpp/ports/arm-cortex/qk/gnu/dbg\libqf_cortex-m3_dk.a(qf_new.o)
                              dbg/table.o (QF::new_(unsigned short, unsigned short))
D:\software\qpcpp/ports/arm-cortex/qk/gnu/dbg\libqf_cortex-m3_dk.a(qf_pool.o)
                              dbg/main.o (QF::poolInit(void*, unsigned int, unsigned short))
D:\software\qpcpp/ports/arm-cortex/qk/gnu/dbg\libqf_cortex-m3_dk.a(qf_psini.o)
                              dbg/main.o (QF::psInit(QSubscrList*, unsigned short))
D:\software\qpcpp/ports/arm-cortex/qk/gnu/dbg\libqf_cortex-m3_dk.a(qf_pspub.o)
                              dbg/table.o (QF::publish(QEvent const*))
D:\software\qpcpp/ports/arm-cortex/qk/gnu/dbg\libqf_cortex-m3_dk.a(qf_pwr2.o)
                              D:\software\qpcpp/ports/arm-cortex/qk/gnu/dbg\libqf_cortex-m3_dk.a(qa_fifo.o) (QF_pwr2Lkup)
D:\software\qpcpp/ports/arm-cortex/qk/gnu/dbg\libqf_cortex-m3_dk.a(qf_tick.o)
                              dbg/bsp.o (QF::tick())
D:\software\qpcpp/ports/arm-cortex/qk/gnu/dbg\libqf_cortex-m3_dk.a(qmp_get.o)
                              D:\software\qpcpp/ports/arm-cortex/qk/gnu/dbg\libqf_cortex-m3_dk.a(qf_new.o) (QMPool::get())
D:\software\qpcpp/ports/arm-cortex/qk/gnu/dbg\libqf_cortex-m3_dk.a(qmp_init.o)
                              D:\software\qpcpp/ports/arm-cortex/qk/gnu/dbg\libqf_cortex-m3_dk.a(qf_pool.o) (QMPool::init(void*, unsigned int, unsigned short))
D:\software\qpcpp/ports/arm-cortex/qk/gnu/dbg\libqf_cortex-m3_dk.a(qmp_put.o)
                              D:\software\qpcpp/ports/arm-cortex/qk/gnu/dbg\libqf_cortex-m3_dk.a(qf_gc.o) (QMPool::put(void*))
D:\software\qpcpp/ports/arm-cortex/qk/gnu/dbg\libqf_cortex-m3_dk.a(qte_ctor.o)
                              dbg/philo.o (QTimeEvt::QTimeEvt(unsigned short))
D:\software\qpcpp/ports/arm-cortex/qk/gnu/dbg\libqf_cortex-m3_dk.a(qte_arm.o)
                              dbg/philo.o (QTimeEvt::arm_(QActive*, unsigned short))
D:\software\qpcpp/ports/arm-cortex/qk/gnu/dbg\libqep_cortex-m3_dk.a(qhsm_ini.o)
                              dbg/table.o (QHsm::~QHsm())
D:\software\qpcpp/ports/arm-cortex/qk/gnu/dbg\libqep_cortex-m3_dk.a(qhsm_dis.o)
                              D:\software\qpcpp/ports/arm-cortex/qk/gnu/dbg\libqk_cortex-m3_dk.a(qk_sched.o) (QHsm::dispatch(QEvent const*))
D:\software\qpcpp/ports/arm-cortex/qk/gnu/dbg\libqep_cortex-m3_dk.a(qhsm_top.o)
                              dbg/table.o (QHsm::top(QHsm*, QEvent const*))
D:\software\qpcpp/ports/arm-cortex/qk/gnu/dbg\libqep_cortex-m3_dk.a(qep.o)
                              D:\software\qpcpp/ports/arm-cortex/qk/gnu/dbg\libqep_cortex-m3_dk.a(qhsm_ini.o) (QEP_reservedEvt_)
c:/tools/devkitpro/devkitarm/bin/../lib/gcc/arm-eabi/4.5.1/../../../../arm-eabi/lib/thumb/thumb2\libstdc++.a(atexit_arm.o)
                              dbg/table.o (__aeabi_atexit)
[...]
Memory Configuration

Name             Origin             Length             Attributes
ROM              0x08000000         0x00040000         xr
RAM              0x20000000         0x00010000         xrw
*default*        0x00000000         0xffffffff

Linker script and memory map

LOAD c:/tools/devkitpro/devkitarm/bin/../lib/gcc/arm-eabi/4.5.1/thumb/thumb2/crti.o
LOAD c:/tools/devkitpro/devkitarm/bin/../lib/gcc/arm-eabi/4.5.1/thumb/thumb2/crtbegin.o
LOAD c:/tools/devkitpro/devkitarm/bin/../lib/gcc/arm-eabi/4.5.1/../../../../arm-eabi/lib/thumb/thumb2/crt0.o
LOAD dbg/startup_stm32f10x_cl.o
LOAD dbg/core_cm3.o
LOAD dbg/system_stm32f10x.o
LOAD dbg/stm32_eval.o
LOAD dbg/stm3210c_eval_lcd.o
LOAD dbg/stm3210c_eval_ioe.o
LOAD dbg/misc.o
LOAD dbg/stm32f10x_adc.o
LOAD dbg/stm32f10x_bkp.o
LOAD dbg/stm32f10x_can.o
LOAD dbg/stm32f10x_crc.o
LOAD dbg/stm32f10x_dac.o
LOAD dbg/stm32f10x_dbgmcu.o
LOAD dbg/stm32f10x_dma.o
LOAD dbg/stm32f10x_exti.o
LOAD dbg/stm32f10x_flash.o
LOAD dbg/stm32f10x_fsmc.o
LOAD dbg/stm32f10x_gpio.o
LOAD dbg/stm32f10x_i2c.o
LOAD dbg/stm32f10x_iwdg.o
LOAD dbg/stm32f10x_pwr.o
LOAD dbg/stm32f10x_rcc.o
LOAD dbg/stm32f10x_rtc.o
LOAD dbg/stm32f10x_sdio.o
LOAD dbg/stm32f10x_spi.o
LOAD dbg/stm32f10x_tim.o
LOAD dbg/stm32f10x_usart.o
LOAD dbg/stm32f10x_wwdg.o
LOAD dbg/main.o
LOAD dbg/table.o
LOAD dbg/philo.o
LOAD dbg/bsp.o
LOAD dbg/no_heap.o
LOAD dbg/mini_cpp.o
LOAD D:\software\qpcpp/ports/arm-cortex/qk/gnu/dbg\libqk_cortex-m3_dk.a
LOAD D:\software\qpcpp/ports/arm-cortex/qk/gnu/dbg\libqf_cortex-m3_dk.a
LOAD D:\software\qpcpp/ports/arm-cortex/qk/gnu/dbg\libqep_cortex-m3_dk.a
LOAD c:/tools/devkitpro/devkitarm/bin/../lib/gcc/arm-eabi/4.5.1/../../../../arm-eabi/lib/thumb/thumb2\libstdc++.a
LOAD c:/tools/devkitpro/devkitarm/bin/../lib/gcc/arm-eabi/4.5.1/../../../../arm-eabi/lib/thumb/thumb2\libm.a
START GROUP
LOAD c:/tools/devkitpro/devkitarm/bin/../lib/gcc/arm-eabi/4.5.1/thumb/thumb2\libgcc.a
LOAD c:/tools/devkitpro/devkitarm/bin/../lib/gcc/arm-eabi/4.5.1/../../../../arm-eabi/lib/thumb/thumb2\libc.a
LOAD c:/tools/devkitpro/devkitarm/bin/../lib/gcc/arm-eabi/4.5.1/../../../../arm-eabi/lib/thumb/thumb2\libsysbase.a
END GROUP
LOAD c:/tools/devkitpro/devkitarm/bin/../lib/gcc/arm-eabi/4.5.1/thumb/thumb2/crtend.o
LOAD c:/tools/devkitpro/devkitarm/bin/../lib/gcc/arm-eabi/4.5.1/thumb/thumb2/crtn.o
                0x00000400                STACK_SIZE = 0x400
                0x00000000                HEAP_SIZE = 0x0

.isr_vector     0x08000000      0x154
 *(.isr_vector)
 .isr_vector    0x08000000      0x154 dbg/startup_stm32f10x_cl.o
                0x08000000                g_pfnVectors
                0x08000154                . = ALIGN (0x4)

.eh_frame       0x08000154        0x0
 .eh_frame      0x08000154        0x0 c:/tools/devkitpro/devkitarm/bin/../lib/gcc/arm-eabi/4.5.1/thumb/thumb2/crtbegin.o

.ARM.exidx.text.__aeabi_atexit
                0x08000154        0x8
 .ARM.exidx.text.__aeabi_atexit
                0x08000154        0x8 c:/tools/devkitpro/devkitarm/bin/../lib/gcc/arm-eabi/4.5.1/../../../../arm-eabi/lib/thumb/thumb2\libstdc++.a(atexit_arm.o)

.text           0x08000160     0x51d4
                0x08000160                . = ALIGN (0x4)
 *(.text)
 .text          0x08000160       0x54 c:/tools/devkitpro/devkitarm/bin/../lib/gcc/arm-eabi/4.5.1/thumb/thumb2/crtbegin.o
 .text          0x080001b4       0xa8 dbg/startup_stm32f10x_cl.o
                0x080001b4                EXTI2_IRQHandler
                0x080001b4                TIM8_TRG_COM_IRQHandler
                0x080001b4                TIM8_CC_IRQHandler
                0x080001b4                DebugMon_Handler
                0x080001b4                TIM1_CC_IRQHandler
                0x080001b4                TIM6_IRQHandler
                0x080001b4                PVD_IRQHandler
                0x080001b4                SDIO_IRQHandler
                0x080001b4                NMI_Handler
                0x080001b4                CAN2_RX1_IRQHandler
                0x080001b4                EXTI3_IRQHandler
                0x080001b4                I2C2_EV_IRQHandler
                0x080001b4                UsageFault_Handler
                0x080001b4                CAN2_SCE_IRQHandler
                0x080001b4                ADC1_2_IRQHandler
                0x080001b4                SPI1_IRQHandler
                0x080001b4                TAMPER_IRQHandler
                0x080001b4                CAN2_RX0_IRQHandler
                0x080001b4                TIM8_UP_IRQHandler
                0x080001b4                DMA2_Channel2_IRQHandler
                0x080001b4                DMA1_Channel4_IRQHandler
                0x080001b4                USART3_IRQHandler
                0x080001b4                RTC_IRQHandler
                0x080001b4                DMA1_Channel7_IRQHandler
                0x080001b4                USBWakeUp_IRQHandler
                0x080001b4                CAN1_RX1_IRQHandler
                0x080001b4                UART5_IRQHandler
                0x080001b4                ADC3_IRQHandler
                0x080001b4                TIM4_IRQHandler
                0x080001b4                DMA2_Channel1_IRQHandler
                0x080001b4                I2C1_EV_IRQHandler
                0x080001b4                DMA1_Channel6_IRQHandler
                0x080001b4                UART4_IRQHandler
                0x080001b4                TIM3_IRQHandler
                0x080001b4                RCC_IRQHandler
                0x080001b4                TIM1_TRG_COM_IRQHandler
                0x080001b4                DMA1_Channel1_IRQHandler
                0x080001b4                EXTI15_10_IRQHandler
                0x080001b4                TIM7_IRQHandler
                0x080001b4                CAN2_TX_IRQHandler
                0x080001b4                TIM5_IRQHandler
                0x080001b4                EXTI9_5_IRQHandler
                0x080001b4                ETH_WKUP_IRQHandler
                0x080001b4                SPI2_IRQHandler
                0x080001b4                MemManage_Handler
                0x080001b4                DMA2_Channel5_IRQHandler
                0x080001b4                DMA1_Channel5_IRQHandler
                0x080001b4                EXTI4_IRQHandler
                0x080001b4                USB_LP_CAN1_RX0_IRQHandler
                0x080001b4                USB_HP_CAN1_TX_IRQHandler
                0x080001b4                DMA1_Channel3_IRQHandler
                0x080001b4                FSMC_IRQHandler
                0x080001b4                ETH_IRQHandler
                0x080001b4                TIM1_UP_IRQHandler
                0x080001b4                WWDG_IRQHandler
                0x080001b4                TIM2_IRQHandler
                0x080001b4                TIM1_BRK_IRQHandler
                0x080001b4                EXTI1_IRQHandler
                0x080001b4                RTCAlarm_IRQHandler
                0x080001b4                DMA2_Channel4_5_IRQHandler
                0x080001b4                USART2_IRQHandler
                0x080001b4                I2C2_ER_IRQHandler
                0x080001b4                DMA1_Channel2_IRQHandler
                0x080001b4                TIM8_BRK_IRQHandler
                0x080001b4                CAN1_SCE_IRQHandler
                0x080001b4                FLASH_IRQHandler
                0x080001b4                BusFault_Handler
                0x080001b4                USART1_IRQHandler
                0x080001b4                Spurious_Handler
                0x080001b4                OTG_FS_IRQHandler
                0x080001b4                SPI3_IRQHandler
                0x080001b4                I2C1_ER_IRQHandler
                0x080001b4                DMA2_Channel3_IRQHandler
                0x080001d0                Reset_Handler
 .text          0x0800025c      0x170 dbg/system_stm32f10x.o
                0x0800025c                SystemInit
 .text          0x080003cc      0x24c dbg/stm32_eval.o
                0x080003cc                STM_EVAL_LEDInit
                0x08000418                STM_EVAL_LEDOn
                0x08000438                STM_EVAL_LEDOff
                0x08000458                STM_EVAL_LEDToggle
                0x0800047c                STM_EVAL_PBInit
                0x08000540                STM_EVAL_PBGetState
                0x08000568                STM_EVAL_COMInit
 .text          0x08000618      0xc4c dbg/stm3210c_eval_lcd.o
                0x08000648                LCD_SetTextColor
                0x08000664                LCD_SetBackColor
                0x08000680                LCD_WriteRAM
                0x080006d4                LCD_CtrlLinesConfig
                0x08000710                LCD_CtrlLinesWrite
                0x08000718                LCD_nCS_StartByte
                0x08000758                LCD_WriteRegIndex
                0x080007c8                LCD_WriteRAM_Prepare
                0x080007dc                LCD_WriteReg
                0x08000850                LCD_DisplayOff
                0x08000860                LCD_DisplayOn
                0x08000870                LCD_PowerOn
                0x0800090c                LCD_SetCursor
                0x08000928                LCD_SetDisplayWindow
                0x08000998                LCD_WindowModeDisable
                0x080009bc                LCD_WriteRAMWord
                0x080009e0                LCD_DrawCircle
                0x08000b0c                LCD_ReadReg
                0x08000c50                LCD_DrawMonoPict
                0x08000cd0                LCD_DrawLine
                0x08000d5c                LCD_DrawRect
                0x08000da8                LCD_DrawChar
                0x08000e2c                LCD_DisplayChar
                0x08000e54                LCD_DisplayString
                0x08000ea4                LCD_ClearLine
                0x08000eb8                LCD_Clear
                0x08000ef8                LCD_SPIConfig
                0x08000fa0                LCD_Setup
                0x0800125c                STM3210C_LCD_Init
 .text          0x08001264      0x108 dbg/misc.o
                0x08001264                NVIC_PriorityGroupConfig
                0x08001278                NVIC_Init
                0x08001300                NVIC_SetVectorTable
                0x08001318                NVIC_SystemLPConfig
                0x08001340                SysTick_CLKSourceConfig
 .text          0x0800136c      0x130 dbg/stm32f10x_exti.o
                0x0800136c                EXTI_DeInit
                0x0800138c                EXTI_Init
                0x08001428                EXTI_StructInit
                0x0800143c                EXTI_GenerateSWInterrupt
                0x08001450                EXTI_GetFlagStatus
                0x08001464                EXTI_ClearFlag
                0x08001470                EXTI_GetITStatus
                0x08001490                EXTI_ClearITPendingBit
 .text          0x0800149c      0x348 dbg/stm32f10x_gpio.o
                0x0800149c                GPIO_DeInit
                0x080015a8                GPIO_AFIODeInit
                0x080015c4                GPIO_Init
                0x0800168c                GPIO_StructInit
                0x080016a0                GPIO_ReadInputDataBit
                0x080016ac                GPIO_ReadInputData
                0x080016b4                GPIO_ReadOutputDataBit
                0x080016c0                GPIO_ReadOutputData
                0x080016c8                GPIO_SetBits
                0x080016cc                GPIO_ResetBits
                0x080016d0                GPIO_WriteBit
                0x080016dc                GPIO_Write
                0x080016e0                GPIO_PinLockConfig
                0x080016f0                GPIO_EventOutputConfig
                0x08001710                GPIO_EventOutputCmd
                0x0800171c                GPIO_PinRemapConfig
                0x08001794                GPIO_EXTILineConfig
                0x080017d8                GPIO_ETH_MediaInterfaceConfig
 .text          0x080017e4      0x5a0 dbg/stm32f10x_rcc.o
                0x080017e4                RCC_DeInit
                0x08001838                RCC_HSEConfig
                0x08001884                RCC_AdjustHSICalibrationValue
                0x0800189c                RCC_HSICmd
                0x080018a8                RCC_PLLConfig
                0x080018c4                RCC_PLLCmd
                0x080018d0                RCC_PREDIV1Config
                0x080018f0                RCC_PREDIV2Config
                0x08001908                RCC_PLL2Config
                0x08001920                RCC_PLL2Cmd
                0x0800192c                RCC_PLL3Config
                0x08001944                RCC_PLL3Cmd
                0x08001950                RCC_SYSCLKConfig
                0x08001968                RCC_GetSYSCLKSource
                0x08001978                RCC_HCLKConfig
                0x08001990                RCC_PCLK1Config
                0x080019a8                RCC_PCLK2Config
                0x080019c0                RCC_ITConfig
                0x080019e8                RCC_OTGFSCLKConfig
                0x080019f4                RCC_ADCCLKConfig
                0x08001a0c                RCC_I2S2CLKConfig
                0x08001a18                RCC_I2S3CLKConfig
                0x08001a24                RCC_LSEConfig
                0x08001a60                RCC_LSICmd
                0x08001a6c                RCC_RTCCLKConfig
                0x08001a80                RCC_RTCCLKCmd
                0x08001a8c                RCC_GetClocksFreq
                0x08001bbc                RCC_AHBPeriphClockCmd
                0x08001be4                RCC_APB2PeriphClockCmd
                0x08001c0c                RCC_APB1PeriphClockCmd
                0x08001c34                RCC_AHBPeriphResetCmd
                0x08001c5c                RCC_APB2PeriphResetCmd
                0x08001c84                RCC_APB1PeriphResetCmd
                0x08001cac                RCC_BackupResetCmd
                0x08001cb8                RCC_ClockSecuritySystemCmd
                0x08001cc4                RCC_MCOConfig
                0x08001cd0                RCC_GetFlagStatus
                0x08001d14                RCC_WaitForHSEStartUp
                0x08001d50                RCC_ClearFlag
                0x08001d64                RCC_GetITStatus
                0x08001d78                RCC_ClearITPendingBit
 .text          0x08001d84      0x40c dbg/stm32f10x_spi.o
                0x08001d84                SPI_I2S_DeInit
                0x08001df8                SPI_Init
                0x08001e58                I2S_Init
                0x08001fa0                SPI_StructInit
                0x08001fbc                I2S_StructInit
                0x08001fd4                SPI_Cmd
                0x08001ff4                I2S_Cmd
                0x08002014                SPI_I2S_ITConfig
                0x0800203c                SPI_I2S_DMACmd
                0x08002058                SPI_I2S_SendData
                0x0800205c                SPI_I2S_ReceiveData
                0x08002064                SPI_NSSInternalSoftwareConfig
                0x08002088                SPI_SSOutputCmd
                0x080020a8                SPI_DataSizeConfig
                0x080020c4                SPI_TransmitCRC
                0x080020d0                SPI_CalculateCRC
                0x080020f0                SPI_GetCRC
                0x08002100                SPI_GetCRCPolynomial
                0x08002108                SPI_BiDirectionalLineConfig
                0x0800212c                SPI_I2S_GetFlagStatus
                0x08002138                SPI_I2S_ClearFlag
                0x08002144                SPI_I2S_GetITStatus
                0x08002178                SPI_I2S_ClearITPendingBit
 .text          0x08002190      0x44c dbg/stm32f10x_usart.o
                0x08002190                USART_DeInit
                0x08002250                USART_Init
                0x08002308                USART_StructInit
                0x08002324                USART_ClockInit
                0x08002354                USART_ClockStructInit
                0x08002364                USART_Cmd
                0x08002384                USART_ITConfig
                0x080023bc                USART_DMACmd
                0x080023d8                USART_SetAddress
                0x080023f4                USART_WakeUpConfig
                0x08002410                USART_ReceiverWakeUpCmd
                0x08002430                USART_LINBreakDetectLengthConfig
                0x0800244c                USART_LINCmd
                0x0800246c                USART_SendData
                0x08002478                USART_ReceiveData
                0x08002484                USART_SendBreak
                0x08002490                USART_SetGuardTime
                0x080024a4                USART_SetPrescaler
                0x080024b8                USART_SmartCardCmd
                0x080024d8                USART_SmartCardNACKCmd
                0x080024f8                USART_HalfDuplexCmd
                0x08002518                USART_IrDAConfig
                0x08002534                USART_IrDACmd
                0x08002554                USART_GetFlagStatus
                0x08002560                USART_ClearFlag
                0x0800256c                USART_GetITStatus
                0x080025c4                USART_ClearITPendingBit
 .text          0x080025dc       0xa4 dbg/main.o
                0x080025dc                main
 .text          0x08002680      0x2a0 dbg/table.o
                0x08002680                Table::serving(Table*, QEvent const*)
                0x0800289c                Table::initial(Table*, QEvent const*)
                0x080028c4                Table::Table()
                0x080028c4                Table::Table()
 .text          0x08002920      0x2fc dbg/philo.o
                0x08002940                Philo::eating(Philo*, QEvent const*)
                0x08002a10                Philo::thinking(Philo*, QEvent const*)
                0x08002aa4                Philo::hungry(Philo*, QEvent const*)
                0x08002b84                Philo::initial(Philo*, QEvent const*)
                0x08002bc0                Philo::Philo()
                0x08002bc0                Philo::Philo()
 .text          0x08002c1c      0x2b4 dbg/bsp.o
                0x08002c1c                SysTick_Handler
                0x08002c64                EXTI0_IRQHandler
                0x08002cd4                BSP_init()
                0x08002de0                QF::onStartup()
                0x08002e74                QF::onCleanup()
                0x08002e78                QK::onIdle()
                0x08002e90                Q_onAssert
                0x08002e94                assert_failed
                0x08002e9c                BSP_displyPhilStat(unsigned char, char const*)
                0x08002eb8                BSP_busyDelay()
 .text          0x08002ed0       0x44 dbg/no_heap.o
                0x08002ed0                malloc
                0x08002ee8                free
                0x08002efc                calloc
 .text          0x08002f14       0x1c dbg/mini_cpp.o
                0x08002f14                operator new(unsigned int)
                0x08002f1c                operator delete(void*)
                0x08002f24                __cxa_atexit
                0x08002f28                __cxa_guard_acquire
                0x08002f2c                __cxa_guard_release
 .text          0x08002f30      0x118 D:\software\qpcpp/ports/arm-cortex/qk/gnu/dbg\libqk_cortex-m3_dk.a(qk.o)
                0x08002f30                QK::getVersion()
                0x08002f3c                QF::init()
                0x08002f44                QF::stop()
                0x08002f4c                QActive::start(unsigned char, QEvent const**, unsigned int, void*, unsigned int, QEvent const*)
                0x08002fb0                QActive::stop()
                0x08002fb8                QK_schedPrio_
                0x08003020                QF::run()
 .text          0x08003048       0x9c D:\software\qpcpp/ports/arm-cortex/qk/gnu/dbg\libqk_cortex-m3_dk.a(qk_sched.o)
                0x08003048                QK_sched_
 .text          0x080030e4       0xb4 D:\software\qpcpp/ports/arm-cortex/qk/gnu/dbg\libqf_cortex-m3_dk.a(qa_fifo.o)
                0x080030e4                QActive::postFIFO(QEvent const*)
 .text          0x08003198       0xe0 D:\software\qpcpp/ports/arm-cortex/qk/gnu/dbg\libqf_cortex-m3_dk.a(qa_get_.o)
                0x08003198                QActive::get_()
                0x0800323c                QF::getQueueMargin(unsigned char)
 .text          0x08003278       0x7c D:\software\qpcpp/ports/arm-cortex/qk/gnu/dbg\libqf_cortex-m3_dk.a(qa_sub.o)
                0x08003278                QActive::subscribe(unsigned short) const
 .text          0x080032f4       0x14 D:\software\qpcpp/ports/arm-cortex/qk/gnu/dbg\libqf_cortex-m3_dk.a(qeq_init.o)
                0x080032f4                QEQueue::init(QEvent const**, unsigned char)
 .text          0x08003308       0x90 D:\software\qpcpp/ports/arm-cortex/qk/gnu/dbg\libqf_cortex-m3_dk.a(qf_act.o)
                0x08003308                QF::getVersion()
                0x08003314                QF::add_(QActive*)
                0x08003354                QF::remove_(QActive const*)
 .text          0x08003398       0x58 D:\software\qpcpp/ports/arm-cortex/qk/gnu/dbg\libqf_cortex-m3_dk.a(qf_gc.o)
                0x08003398                QF::gc(QEvent const*)
 .text          0x080033f0       0x8c D:\software\qpcpp/ports/arm-cortex/qk/gnu/dbg\libqf_cortex-m3_dk.a(qf_new.o)
                0x080033f0                QF::new_(unsigned short, unsigned short)
 .text          0x0800347c       0x88 D:\software\qpcpp/ports/arm-cortex/qk/gnu/dbg\libqf_cortex-m3_dk.a(qf_pool.o)
                0x0800347c                QF::poolInit(void*, unsigned int, unsigned short)
 .text          0x08003504       0x10 D:\software\qpcpp/ports/arm-cortex/qk/gnu/dbg\libqf_cortex-m3_dk.a(qf_psini.o)
                0x08003504                QF::psInit(QSubscrList*, unsigned short)
 .text          0x08003514       0xc4 D:\software\qpcpp/ports/arm-cortex/qk/gnu/dbg\libqf_cortex-m3_dk.a(qf_pspub.o)
                0x08003514                QF::publish(QEvent const*)
 .text          0x080035d8       0x6c D:\software\qpcpp/ports/arm-cortex/qk/gnu/dbg\libqf_cortex-m3_dk.a(qf_tick.o)
                0x080035d8                QF::tick()
 .text          0x08003644       0x64 D:\software\qpcpp/ports/arm-cortex/qk/gnu/dbg\libqf_cortex-m3_dk.a(qmp_get.o)
                0x08003644                QMPool::get()
                0x08003668                QF::getPoolMargin(unsigned char)
 .text          0x080036a8       0xc8 D:\software\qpcpp/ports/arm-cortex/qk/gnu/dbg\libqf_cortex-m3_dk.a(qmp_init.o)
                0x080036a8                QMPool::init(void*, unsigned int, unsigned short)
 .text          0x08003770       0x40 D:\software\qpcpp/ports/arm-cortex/qk/gnu/dbg\libqf_cortex-m3_dk.a(qmp_put.o)
                0x08003770                QMPool::put(void*)
 .text          0x080037b0       0x34 D:\software\qpcpp/ports/arm-cortex/qk/gnu/dbg\libqf_cortex-m3_dk.a(qte_ctor.o)
                0x080037b0                QTimeEvt::QTimeEvt(unsigned short)
                0x080037b0                QTimeEvt::QTimeEvt(unsigned short)
 .text          0x080037e4       0x5c D:\software\qpcpp/ports/arm-cortex/qk/gnu/dbg\libqf_cortex-m3_dk.a(qte_arm.o)
                0x080037e4                QTimeEvt::arm_(QActive*, unsigned short)
 .text          0x08003840       0xe4 D:\software\qpcpp/ports/arm-cortex/qk/gnu/dbg\libqep_cortex-m3_dk.a(qhsm_ini.o)
                0x08003840                QHsm::~QHsm()
                0x08003840                QHsm::~QHsm()
                0x0800384c                QHsm::~QHsm()
                0x08003860                QHsm::init(QEvent const*)
 .text          0x08003924      0x260 D:\software\qpcpp/ports/arm-cortex/qk/gnu/dbg\libqep_cortex-m3_dk.a(qhsm_dis.o)
                0x08003924                QHsm::dispatch(QEvent const*)
 .text          0x08003b84        0x8 D:\software\qpcpp/ports/arm-cortex/qk/gnu/dbg\libqep_cortex-m3_dk.a(qhsm_top.o)
                0x08003b84                QHsm::top(QHsm*, QEvent const*)
 .text          0x08003b8c       0x74 c:/tools/devkitpro/devkitarm/bin/../lib/gcc/arm-eabi/4.5.1/../../../../arm-eabi/lib/thumb/thumb2\libc.a(lib_a-init.o)
                0x08003b8c                __libc_init_array
                0x08003bd4                __libc_fini_array
 *(.text*)
 .text._ZN7QActiveD2Ev
                0x08003c00       0x14 dbg/table.o
                0x08003c00                QActive::~QActive()
                0x08003c00                QActive::~QActive()
 .text._ZN5TableD2Ev
                0x08003c14       0x14 dbg/table.o
                0x08003c14                Table::~Table()
                0x08003c14                Table::~Table()
 .text._ZN7QActiveD0Ev
                0x08003c28       0x1c dbg/table.o
                0x08003c28                QActive::~QActive()
 .text._ZN5TableD0Ev
                0x08003c44       0x1c dbg/table.o
                0x08003c44                Table::~Table()
 .text._ZN5PhiloD2Ev
                0x08003c60       0x14 dbg/philo.o
                0x08003c60                Philo::~Philo()
                0x08003c60                Philo::~Philo()
 .text._ZN5PhiloD0Ev
                0x08003c74       0x1c dbg/philo.o
                0x08003c74                Philo::~Philo()
 .text.QK_init  0x08003c90       0x24 D:\software\qpcpp/ports/arm-cortex/qk/gnu/dbg\libqk_cortex-m3_dk.a(qk_port.o)
                0x08003c90                QK_init
 .text.PendSV_Handler
                0x08003cb4       0x34 D:\software\qpcpp/ports/arm-cortex/qk/gnu/dbg\libqk_cortex-m3_dk.a(qk_port.o)
                0x08003cb4                PendSV_Handler
 .text.SVC_Handler
                0x08003ce8        0x4 D:\software\qpcpp/ports/arm-cortex/qk/gnu/dbg\libqk_cortex-m3_dk.a(qk_port.o)
                0x08003ce8                SVC_Handler
 .text.__aeabi_atexit
                0x08003cec       0x10 c:/tools/devkitpro/devkitarm/bin/../lib/gcc/arm-eabi/4.5.1/../../../../arm-eabi/lib/thumb/thumb2\libstdc++.a(atexit_arm.o)
                0x08003cec                __aeabi_atexit
 *(.rodata)
 .rodata        0x08003cfc       0x14 dbg/system_stm32f10x.o
                0x08003cfc                SystemFrequency
                0x08003d00                SystemFrequency_SysClk
                0x08003d04                SystemFrequency_AHBClk
                0x08003d08                SystemFrequency_APB1Clk
                0x08003d0c                SystemFrequency_APB2Clk
 .rodata        0x08003d10       0x5c dbg/stm32_eval.o
                0x08003d10                GPIO_CLK
                0x08003d20                GPIO_PIN
                0x08003d28                BUTTON_CLK
                0x08003d34                BUTTON_PIN
                0x08003d3c                BUTTON_PORT_SOURCE
                0x08003d44                BUTTON_PIN_SOURCE
                0x08003d4c                BUTTON_EXTI_LINE
                0x08003d54                BUTTON_IRQn
                0x08003d5c                COM_POR_CLK
                0x08003d60                COM_USART_CLK
                0x08003d64                COM_TX_PIN
                0x08003d68                COM_RX_PIN
 .rodata        0x08003d6c     0x11d0 dbg/stm3210c_eval_lcd.o
                0x08003d6c                ASCII_Table
 .rodata        0x08004f3c       0x10 dbg/table.o
                0x08004f48                AO_Table
 .rodata        0x08004f4c       0x20 dbg/philo.o
                0x08004f58                AO_Philo
 .rodata        0x08004f6c        0xc dbg/no_heap.o
 .rodata        0x08004f78        0xc D:\software\qpcpp/ports/arm-cortex/qk/gnu/dbg\libqk_cortex-m3_dk.a(qk.o)
 .rodata        0x08004f84        0x8 D:\software\qpcpp/ports/arm-cortex/qk/gnu/dbg\libqf_cortex-m3_dk.a(qa_fifo.o)
 .rodata        0x08004f8c        0x8 D:\software\qpcpp/ports/arm-cortex/qk/gnu/dbg\libqf_cortex-m3_dk.a(qa_get_.o)
 .rodata        0x08004f94        0x8 D:\software\qpcpp/ports/arm-cortex/qk/gnu/dbg\libqf_cortex-m3_dk.a(qa_sub.o)
 .rodata        0x08004f9c       0x10 D:\software\qpcpp/ports/arm-cortex/qk/gnu/dbg\libqf_cortex-m3_dk.a(qf_act.o)
 .rodata        0x08004fac        0x8 D:\software\qpcpp/ports/arm-cortex/qk/gnu/dbg\libqf_cortex-m3_dk.a(qf_gc.o)
 .rodata        0x08004fb4      0x100 D:\software\qpcpp/ports/arm-cortex/qk/gnu/dbg\libqf_cortex-m3_dk.a(qf_log2.o)
                0x08004fb4                QF_log2Lkup
 .rodata        0x080050b4        0x8 D:\software\qpcpp/ports/arm-cortex/qk/gnu/dbg\libqf_cortex-m3_dk.a(qf_new.o)
 .rodata        0x080050bc        0x8 D:\software\qpcpp/ports/arm-cortex/qk/gnu/dbg\libqf_cortex-m3_dk.a(qf_pool.o)
 .rodata        0x080050c4        0xc D:\software\qpcpp/ports/arm-cortex/qk/gnu/dbg\libqf_cortex-m3_dk.a(qf_pspub.o)
 .rodata        0x080050d0       0xcc D:\software\qpcpp/ports/arm-cortex/qk/gnu/dbg\libqf_cortex-m3_dk.a(qf_pwr2.o)
                0x080050d0                QF_pwr2Lkup
                0x08005114                QF_invPwr2Lkup
                0x08005158                QF_div8Lkup
 .rodata        0x0800519c        0x8 D:\software\qpcpp/ports/arm-cortex/qk/gnu/dbg\libqf_cortex-m3_dk.a(qmp_get.o)
 .rodata        0x080051a4        0xc D:\software\qpcpp/ports/arm-cortex/qk/gnu/dbg\libqf_cortex-m3_dk.a(qmp_init.o)
 .rodata        0x080051b0        0x8 D:\software\qpcpp/ports/arm-cortex/qk/gnu/dbg\libqf_cortex-m3_dk.a(qmp_put.o)
 .rodata        0x080051b8        0xc D:\software\qpcpp/ports/arm-cortex/qk/gnu/dbg\libqf_cortex-m3_dk.a(qte_ctor.o)
 .rodata        0x080051c4        0x8 D:\software\qpcpp/ports/arm-cortex/qk/gnu/dbg\libqf_cortex-m3_dk.a(qte_arm.o)
 *fill*         0x080051cc        0x4 00
 .rodata        0x080051d0       0x20 D:\software\qpcpp/ports/arm-cortex/qk/gnu/dbg\libqep_cortex-m3_dk.a(qhsm_ini.o)
                0x080051d0                vtable for QHsm
 .rodata        0x080051f0        0xc D:\software\qpcpp/ports/arm-cortex/qk/gnu/dbg\libqep_cortex-m3_dk.a(qhsm_dis.o)
 .rodata        0x080051fc       0x18 D:\software\qpcpp/ports/arm-cortex/qk/gnu/dbg\libqep_cortex-m3_dk.a(qep.o)
                0x08005204                QEP_reservedEvt_
 *(.rodata*)
 .rodata.str1.4
                0x08005214       0x15 dbg/startup_stm32f10x_cl.o
                                 0x18 (size before relaxing)
 *fill*         0x08005229        0x3 00
 .rodata.str1.4
                0x0800522c       0x15 dbg/stm3210c_eval_lcd.o
                                 0x18 (size before relaxing)
 *fill*         0x08005241        0x7 00
 .rodata._ZTV5Table
                0x08005248       0x10 dbg/table.o
                0x08005248                vtable for Table
 .rodata._ZTV7QActive
                0x08005258       0x10 dbg/table.o
                0x08005258                vtable for QActive
 .rodata.str1.4
                0x08005268       0x21 dbg/table.o
                                 0x24 (size before relaxing)
 *fill*         0x08005289        0x7 00
 .rodata._ZTV5Philo
                0x08005290       0x10 dbg/philo.o
                0x08005290                vtable for Philo
 .rodata.str1.4
                0x080052a0       0x7c dbg/bsp.o
 *(.init)
 .init          0x0800531c        0x4 c:/tools/devkitpro/devkitarm/bin/../lib/gcc/arm-eabi/4.5.1/thumb/thumb2/crti.o
                0x0800531c                _init
 .init          0x08005320        0x8 c:/tools/devkitpro/devkitarm/bin/../lib/gcc/arm-eabi/4.5.1/thumb/thumb2/crtn.o
 *(.fini)
 .fini          0x08005328        0x4 c:/tools/devkitpro/devkitarm/bin/../lib/gcc/arm-eabi/4.5.1/thumb/thumb2/crti.o
                0x08005328                _fini
 .fini          0x0800532c        0x8 c:/tools/devkitpro/devkitarm/bin/../lib/gcc/arm-eabi/4.5.1/thumb/thumb2/crtn.o
                0x08005334                . = ALIGN (0x4)
                0x08005334                _etext = .

.glue_7         0x08005334        0x0
 .glue_7        0x00000000        0x0 linker stubs

.glue_7t        0x08005334        0x0
 .glue_7t       0x00000000        0x0 linker stubs

.vfp11_veneer   0x08005334        0x0
 .vfp11_veneer  0x00000000        0x0 linker stubs

.v4_bx          0x08005334        0x0
 .v4_bx         0x00000000        0x0 linker stubs

.preinit_array  0x08005334        0x0
                0x08005334                PROVIDE (__preinit_array_start, .)
 *(.preinit_array*)
                0x08005334                PROVIDE (__preinit_array_end, .)

.init_array     0x08005334        0xc
                0x08005334                PROVIDE (__init_array_start, .)
 *(SORT(.init_array.*))
 *(.init_array*)
 .init_array    0x08005334        0x4 c:/tools/devkitpro/devkitarm/bin/../lib/gcc/arm-eabi/4.5.1/thumb/thumb2/crtbegin.o
 .init_array    0x08005338        0x4 dbg/table.o
 .init_array    0x0800533c        0x4 dbg/philo.o
                0x08005340                PROVIDE (__init_array_end, .)

.fini_array     0x08005340        0x4
                0x08005340                PROVIDE (__fini_array_start, .)
 *(.fini_array*)
 .fini_array    0x08005340        0x4 c:/tools/devkitpro/devkitarm/bin/../lib/gcc/arm-eabi/4.5.1/thumb/thumb2/crtbegin.o
 *(SORT(.fini_array.*))
                0x08005344                PROVIDE (__fini_array_end, .)

.data           0x20000000       0x44 load address 0x08005344
                0x08005344                __data_load = LOADADDR (.data)
                0x20000000                __data_start = .
 *(.data)
 .data          0x20000000        0x4 c:/tools/devkitpro/devkitarm/bin/../lib/gcc/arm-eabi/4.5.1/thumb/thumb2/crtbegin.o
                0x20000000                __dso_handle
 .data          0x20000004       0x24 dbg/stm32_eval.o
                0x20000004                GPIO_PORT
                0x20000014                BUTTON_PORT
                0x20000020                COM_PORT
                0x20000024                COM_USART
 .data          0x20000028        0x2 dbg/stm3210c_eval_lcd.o
 *fill*         0x2000002a        0x2 00
 .data          0x2000002c       0x14 dbg/stm32f10x_rcc.o
 .data          0x20000040        0x1 D:\software\qpcpp/ports/arm-cortex/qk/gnu/dbg\libqk_cortex-m3_dk.a(qk.o)
                0x20000040                QK_currPrio_
 *(.data*)
                0x20000044                . = ALIGN (0x4)
 *fill*         0x20000041        0x3 00
                0x20000044                __data_end__ = .
                0x20000044                _edata = __data_end__

.jcr            0x20000044        0x0
 .jcr           0x20000044        0x0 c:/tools/devkitpro/devkitarm/bin/../lib/gcc/arm-eabi/4.5.1/thumb/thumb2/crtbegin.o

.bss            0x20000044      0x3d8 load address 0x08005388
                0x20000044                __bss_start__ = .
 *(.bss)
 .bss           0x20000044       0x1c c:/tools/devkitpro/devkitarm/bin/../lib/gcc/arm-eabi/4.5.1/thumb/thumb2/crtbegin.o
 .bss           0x20000060        0x2 dbg/stm3210c_eval_lcd.o
 *fill*         0x20000062        0x2 00
 .bss           0x20000064      0x100 dbg/main.o
 .bss           0x20000164       0x24 dbg/table.o
 .bss           0x20000188       0xf4 dbg/philo.o
 .bss           0x2000027c        0xc D:\software\qpcpp/ports/arm-cortex/qk/gnu/dbg\libqk_cortex-m3_dk.a(qk.o)
                0x2000027c                QK_readySet_
                0x20000285                QK_intNest_
 .bss           0x20000288        0x1 D:\software\qpcpp/ports/arm-cortex/qk/gnu/dbg\libqk_cortex-m3_dk.a(qk_mutex.o)
                0x20000288                QK_ceilingPrio_
 *fill*         0x20000289        0x3 00
 .bss           0x2000028c      0x104 D:\software\qpcpp/ports/arm-cortex/qk/gnu/dbg\libqf_cortex-m3_dk.a(qf_act.o)
                0x2000028c                QF::active_
                0x2000038c                QF_intLockNest_
 .bss           0x20000390       0x7c D:\software\qpcpp/ports/arm-cortex/qk/gnu/dbg\libqf_cortex-m3_dk.a(qf_pool.o)
                0x20000390                QF_maxPool_
                0x20000394                QF_pool_
 .bss           0x2000040c        0x8 D:\software\qpcpp/ports/arm-cortex/qk/gnu/dbg\libqf_cortex-m3_dk.a(qf_psini.o)
                0x2000040c                QF_subscrList_
                0x20000410                QF_maxSignal_
 .bss           0x20000414        0x1 D:\software\qpcpp/ports/arm-cortex/qk/gnu/dbg\libqf_cortex-m3_dk.a(qf_tick.o)
 *fill*         0x20000415        0x3 00
 .bss           0x20000418        0x4 D:\software\qpcpp/ports/arm-cortex/qk/gnu/dbg\libqf_cortex-m3_dk.a(qte_arm.o)
                0x20000418                QF_timeEvtListHead_
 *(.bss*)
 *(COMMON)
                0x2000041c                . = ALIGN (0x4)
                0x2000041c                _ebss = .
                0x2000041c                __bss_end__ = .
                0x2000041c                PROVIDE (end, _ebss)
                0x2000041c                PROVIDE (_end, _ebss)
                0x2000041c                PROVIDE (__end__, _ebss)

.heap           0x2000041c        0x0 load address 0x08005388
                0x2000041c                __heap_start__ = .
                0x2000041c                . = (. + HEAP_SIZE)
                0x2000041c                . = ALIGN (0x4)
                0x2000041c                __heap_end__ = .

.stack          0x2000041c      0x400 load address 0x08005388
                0x2000041c                __stack_start__ = .
                0x2000081c                . = (. + STACK_SIZE)
 *fill*         0x2000041c      0x400 00
                0x2000081c                . = ALIGN (0x4)
                0x2000081c                __c_stack_top__ = .
                0x2000081c                __stack_end__ = .

/DISCARD/
 libc.a(*)
 libm.a(*)
 libgcc.a(*)
OUTPUT(dbg/dpp-qk.elf elf32-littlearm)

.ARM.attributes
                0x00000000       0x25
 .ARM.attributes
                0x00000000       0x17 c:/tools/devkitpro/devkitarm/bin/../lib/gcc/arm-eabi/4.5.1/thumb/thumb2/crti.o
 .ARM.attributes
                0x00000017       0x27 c:/tools/devkitpro/devkitarm/bin/../lib/gcc/arm-eabi/4.5.1/thumb/thumb2/crtbegin.o
 .ARM.attributes
                0x0000003e       0x17 c:/tools/devkitpro/devkitarm/bin/../lib/gcc/arm-eabi/4.5.1/../../../../arm-eabi/lib/thumb/thumb2/crt0.o
 .ARM.attributes
                0x00000055       0x31 dbg/startup_stm32f10x_cl.o
 .ARM.attributes
                0x00000086       0x31 dbg/core_cm3.o
 .ARM.attributes
                0x000000b7       0x31 dbg/system_stm32f10x.o
 .ARM.attributes
                0x000000e8       0x31 dbg/stm32_eval.o
 .ARM.attributes
                0x00000119       0x31 dbg/stm3210c_eval_lcd.o
 .ARM.attributes
                0x0000014a       0x31 dbg/stm3210c_eval_ioe.o
 .ARM.attributes
                0x0000017b       0x31 dbg/misc.o
 .ARM.attributes
                0x000001ac       0x31 dbg/stm32f10x_adc.o
 .ARM.attributes
                0x000001dd       0x31 dbg/stm32f10x_bkp.o
 .ARM.attributes
                0x0000020e       0x31 dbg/stm32f10x_can.o
 .ARM.attributes
                0x0000023f       0x31 dbg/stm32f10x_crc.o
 .ARM.attributes
                0x00000270       0x31 dbg/stm32f10x_dac.o
 .ARM.attributes
                0x000002a1       0x31 dbg/stm32f10x_dbgmcu.o
 .ARM.attributes
                0x000002d2       0x31 dbg/stm32f10x_dma.o
 .ARM.attributes
                0x00000303       0x31 dbg/stm32f10x_exti.o
 .ARM.attributes
                0x00000334       0x31 dbg/stm32f10x_flash.o
 .ARM.attributes
                0x00000365       0x31 dbg/stm32f10x_fsmc.o
 .ARM.attributes
                0x00000396       0x31 dbg/stm32f10x_gpio.o
 .ARM.attributes
                0x000003c7       0x31 dbg/stm32f10x_i2c.o
 .ARM.attributes
                0x000003f8       0x31 dbg/stm32f10x_iwdg.o
 .ARM.attributes
                0x00000429       0x31 dbg/stm32f10x_pwr.o
 .ARM.attributes
                0x0000045a       0x31 dbg/stm32f10x_rcc.o
 .ARM.attributes
                0x0000048b       0x31 dbg/stm32f10x_rtc.o
 .ARM.attributes
                0x000004bc       0x31 dbg/stm32f10x_sdio.o
 .ARM.attributes
                0x000004ed       0x31 dbg/stm32f10x_spi.o
 .ARM.attributes
                0x0000051e       0x31 dbg/stm32f10x_tim.o
 .ARM.attributes
                0x0000054f       0x31 dbg/stm32f10x_usart.o
 .ARM.attributes
                0x00000580       0x31 dbg/stm32f10x_wwdg.o
 .ARM.attributes
                0x000005b1       0x31 dbg/main.o
 .ARM.attributes
                0x000005e2       0x31 dbg/table.o
 .ARM.attributes
                0x00000613       0x31 dbg/philo.o
 .ARM.attributes
                0x00000644       0x31 dbg/bsp.o
 .ARM.attributes
                0x00000675       0x31 dbg/no_heap.o
 .ARM.attributes
                0x000006a6       0x31 dbg/mini_cpp.o
 .ARM.attributes
                0x000006d7       0x31 D:\software\qpcpp/ports/arm-cortex/qk/gnu/dbg\libqk_cortex-m3_dk.a(qk.o)
 .ARM.attributes
                0x00000708       0x31 D:\software\qpcpp/ports/arm-cortex/qk/gnu/dbg\libqk_cortex-m3_dk.a(qk_sched.o)
 .ARM.attributes
                0x00000739       0x31 D:\software\qpcpp/ports/arm-cortex/qk/gnu/dbg\libqk_cortex-m3_dk.a(qk_mutex.o)
 .ARM.attributes
                0x0000076a       0x21 D:\software\qpcpp/ports/arm-cortex/qk/gnu/dbg\libqk_cortex-m3_dk.a(qk_port.o)
 .ARM.attributes
                0x0000078b       0x31 D:\software\qpcpp/ports/arm-cortex/qk/gnu/dbg\libqf_cortex-m3_dk.a(qa_fifo.o)
 .ARM.attributes
                0x000007bc       0x31 D:\software\qpcpp/ports/arm-cortex/qk/gnu/dbg\libqf_cortex-m3_dk.a(qa_get_.o)
 .ARM.attributes
                0x000007ed       0x31 D:\software\qpcpp/ports/arm-cortex/qk/gnu/dbg\libqf_cortex-m3_dk.a(qa_sub.o)
 .ARM.attributes
                0x0000081e       0x31 D:\software\qpcpp/ports/arm-cortex/qk/gnu/dbg\libqf_cortex-m3_dk.a(qeq_init.o)
 .ARM.attributes
                0x0000084f       0x31 D:\software\qpcpp/ports/arm-cortex/qk/gnu/dbg\libqf_cortex-m3_dk.a(qf_act.o)
 .ARM.attributes
                0x00000880       0x31 D:\software\qpcpp/ports/arm-cortex/qk/gnu/dbg\libqf_cortex-m3_dk.a(qf_gc.o)
 .ARM.attributes
                0x000008b1       0x31 D:\software\qpcpp/ports/arm-cortex/qk/gnu/dbg\libqf_cortex-m3_dk.a(qf_log2.o)
 .ARM.attributes
                0x000008e2       0x31 D:\software\qpcpp/ports/arm-cortex/qk/gnu/dbg\libqf_cortex-m3_dk.a(qf_new.o)
 .ARM.attributes
                0x00000913       0x31 D:\software\qpcpp/ports/arm-cortex/qk/gnu/dbg\libqf_cortex-m3_dk.a(qf_pool.o)
 .ARM.attributes
                0x00000944       0x31 D:\software\qpcpp/ports/arm-cortex/qk/gnu/dbg\libqf_cortex-m3_dk.a(qf_psini.o)
 .ARM.attributes
                0x00000975       0x31 D:\software\qpcpp/ports/arm-cortex/qk/gnu/dbg\libqf_cortex-m3_dk.a(qf_pspub.o)
 .ARM.attributes
                0x000009a6       0x31 D:\software\qpcpp/ports/arm-cortex/qk/gnu/dbg\libqf_cortex-m3_dk.a(qf_pwr2.o)
 .ARM.attributes
                0x000009d7       0x31 D:\software\qpcpp/ports/arm-cortex/qk/gnu/dbg\libqf_cortex-m3_dk.a(qf_tick.o)
 .ARM.attributes
                0x00000a08       0x31 D:\software\qpcpp/ports/arm-cortex/qk/gnu/dbg\libqf_cortex-m3_dk.a(qmp_get.o)
 .ARM.attributes
                0x00000a39       0x31 D:\software\qpcpp/ports/arm-cortex/qk/gnu/dbg\libqf_cortex-m3_dk.a(qmp_init.o)
 .ARM.attributes
                0x00000a6a       0x31 D:\software\qpcpp/ports/arm-cortex/qk/gnu/dbg\libqf_cortex-m3_dk.a(qmp_put.o)
 .ARM.attributes
                0x00000a9b       0x31 D:\software\qpcpp/ports/arm-cortex/qk/gnu/dbg\libqf_cortex-m3_dk.a(qte_ctor.o)
 .ARM.attributes
                0x00000acc       0x31 D:\software\qpcpp/ports/arm-cortex/qk/gnu/dbg\libqf_cortex-m3_dk.a(qte_arm.o)
 .ARM.attributes
                0x00000afd       0x31 D:\software\qpcpp/ports/arm-cortex/qk/gnu/dbg\libqep_cortex-m3_dk.a(qhsm_ini.o)
 .ARM.attributes
                0x00000b2e       0x31 D:\software\qpcpp/ports/arm-cortex/qk/gnu/dbg\libqep_cortex-m3_dk.a(qhsm_dis.o)
 .ARM.attributes
                0x00000b5f       0x31 D:\software\qpcpp/ports/arm-cortex/qk/gnu/dbg\libqep_cortex-m3_dk.a(qhsm_top.o)
 .ARM.attributes
                0x00000b90       0x31 D:\software\qpcpp/ports/arm-cortex/qk/gnu/dbg\libqep_cortex-m3_dk.a(qep.o)
 .ARM.attributes
                0x00000bc1       0x27 c:/tools/devkitpro/devkitarm/bin/../lib/gcc/arm-eabi/4.5.1/../../../../arm-eabi/lib/thumb/thumb2\libstdc++.a(atexit_arm.o)
 .ARM.attributes
                0x00000be8       0x27 c:/tools/devkitpro/devkitarm/bin/../lib/gcc/arm-eabi/4.5.1/../../../../arm-eabi/lib/thumb/thumb2\libc.a(lib_a-atexit.o)
 .ARM.attributes
                0x00000c0f       0x27 c:/tools/devkitpro/devkitarm/bin/../lib/gcc/arm-eabi/4.5.1/../../../../arm-eabi/lib/thumb/thumb2\libc.a(lib_a-exit.o)
 .ARM.attributes
                0x00000c36       0x27 c:/tools/devkitpro/devkitarm/bin/../lib/gcc/arm-eabi/4.5.1/../../../../arm-eabi/lib/thumb/thumb2\libc.a(lib_a-impure.o)
 .ARM.attributes
                0x00000c5d       0x27 c:/tools/devkitpro/devkitarm/bin/../lib/gcc/arm-eabi/4.5.1/../../../../arm-eabi/lib/thumb/thumb2\libc.a(lib_a-init.o)
 .ARM.attributes
                0x00000c84       0x27 c:/tools/devkitpro/devkitarm/bin/../lib/gcc/arm-eabi/4.5.1/../../../../arm-eabi/lib/thumb/thumb2\libc.a(lib_a-memset.o)
 .ARM.attributes
                0x00000cab       0x27 c:/tools/devkitpro/devkitarm/bin/../lib/gcc/arm-eabi/4.5.1/../../../../arm-eabi/lib/thumb/thumb2\libc.a(lib_a-__atexit.o)
 .ARM.attributes
                0x00000cd2       0x27 c:/tools/devkitpro/devkitarm/bin/../lib/gcc/arm-eabi/4.5.1/../../../../arm-eabi/lib/thumb/thumb2\libc.a(lib_a-__call_atexit.o)
 .ARM.attributes
                0x00000cf9       0x27 c:/tools/devkitpro/devkitarm/bin/../lib/gcc/arm-eabi/4.5.1/../../../../arm-eabi/lib/thumb/thumb2\libsysbase.a(_exit.o)
 .ARM.attributes
                0x00000d20       0x27 c:/tools/devkitpro/devkitarm/bin/../lib/gcc/arm-eabi/4.5.1/../../../../arm-eabi/lib/thumb/thumb2\libsysbase.a(syscall_support.o)
 .ARM.attributes
                0x00000d47       0x27 c:/tools/devkitpro/devkitarm/bin/../lib/gcc/arm-eabi/4.5.1/thumb/thumb2/crtend.o
 .ARM.attributes
                0x00000d6e       0x17 c:/tools/devkitpro/devkitarm/bin/../lib/gcc/arm-eabi/4.5.1/thumb/thumb2/crtn.o

.comment        0x00000000       0x22
 .comment       0x00000000       0x22 c:/tools/devkitpro/devkitarm/bin/../lib/gcc/arm-eabi/4.5.1/thumb/thumb2/crtbegin.o
                                 0x23 (size before relaxing)
 .comment       0x00000000       0x23 dbg/startup_stm32f10x_cl.o
 .comment       0x00000000       0x23 dbg/core_cm3.o
 .comment       0x00000000       0x23 dbg/system_stm32f10x.o
 .comment       0x00000000       0x23 dbg/stm32_eval.o
 .comment       0x00000000       0x23 dbg/stm3210c_eval_lcd.o
 .comment       0x00000000       0x23 dbg/stm3210c_eval_ioe.o
 .comment       0x00000000       0x23 dbg/misc.o
 .comment       0x00000000       0x23 dbg/stm32f10x_adc.o
 .comment       0x00000000       0x23 dbg/stm32f10x_bkp.o
 .comment       0x00000000       0x23 dbg/stm32f10x_can.o
 .comment       0x00000000       0x23 dbg/stm32f10x_crc.o
 .comment       0x00000000       0x23 dbg/stm32f10x_dac.o
 .comment       0x00000000       0x23 dbg/stm32f10x_dbgmcu.o
 .comment       0x00000000       0x23 dbg/stm32f10x_dma.o
 .comment       0x00000000       0x23 dbg/stm32f10x_exti.o
 .comment       0x00000000       0x23 dbg/stm32f10x_flash.o
 .comment       0x00000000       0x23 dbg/stm32f10x_fsmc.o
 .comment       0x00000000       0x23 dbg/stm32f10x_gpio.o
 .comment       0x00000000       0x23 dbg/stm32f10x_i2c.o
 .comment       0x00000000       0x23 dbg/stm32f10x_iwdg.o
 .comment       0x00000000       0x23 dbg/stm32f10x_pwr.o
 .comment       0x00000000       0x23 dbg/stm32f10x_rcc.o
 .comment       0x00000000       0x23 dbg/stm32f10x_rtc.o
 .comment       0x00000000       0x23 dbg/stm32f10x_sdio.o
 .comment       0x00000000       0x23 dbg/stm32f10x_spi.o
 .comment       0x00000000       0x23 dbg/stm32f10x_tim.o
 .comment       0x00000000       0x23 dbg/stm32f10x_usart.o
 .comment       0x00000000       0x23 dbg/stm32f10x_wwdg.o
 .comment       0x00000000       0x23 dbg/main.o
 .comment       0x00000000       0x23 dbg/table.o
 .comment       0x00000000       0x23 dbg/philo.o
 .comment       0x00000000       0x23 dbg/bsp.o
 .comment       0x00000000       0x23 dbg/no_heap.o
 .comment       0x00000000       0x23 dbg/mini_cpp.o
 .comment       0x00000000       0x23 D:\software\qpcpp/ports/arm-cortex/qk/gnu/dbg\libqk_cortex-m3_dk.a(qk.o)
 .comment       0x00000000       0x23 D:\software\qpcpp/ports/arm-cortex/qk/gnu/dbg\libqk_cortex-m3_dk.a(qk_sched.o)
 .comment       0x00000000       0x23 D:\software\qpcpp/ports/arm-cortex/qk/gnu/dbg\libqk_cortex-m3_dk.a(qk_mutex.o)
 .comment       0x00000000       0x23 D:\software\qpcpp/ports/arm-cortex/qk/gnu/dbg\libqf_cortex-m3_dk.a(qa_fifo.o)
 .comment       0x00000000       0x23 D:\software\qpcpp/ports/arm-cortex/qk/gnu/dbg\libqf_cortex-m3_dk.a(qa_get_.o)
 .comment       0x00000000       0x23 D:\software\qpcpp/ports/arm-cortex/qk/gnu/dbg\libqf_cortex-m3_dk.a(qa_sub.o)
 .comment       0x00000000       0x23 D:\software\qpcpp/ports/arm-cortex/qk/gnu/dbg\libqf_cortex-m3_dk.a(qeq_init.o)
 .comment       0x00000000       0x23 D:\software\qpcpp/ports/arm-cortex/qk/gnu/dbg\libqf_cortex-m3_dk.a(qf_act.o)
 .comment       0x00000000       0x23 D:\software\qpcpp/ports/arm-cortex/qk/gnu/dbg\libqf_cortex-m3_dk.a(qf_gc.o)
 .comment       0x00000000       0x23 D:\software\qpcpp/ports/arm-cortex/qk/gnu/dbg\libqf_cortex-m3_dk.a(qf_log2.o)
 .comment       0x00000000       0x23 D:\software\qpcpp/ports/arm-cortex/qk/gnu/dbg\libqf_cortex-m3_dk.a(qf_new.o)
 .comment       0x00000000       0x23 D:\software\qpcpp/ports/arm-cortex/qk/gnu/dbg\libqf_cortex-m3_dk.a(qf_pool.o)
 .comment       0x00000000       0x23 D:\software\qpcpp/ports/arm-cortex/qk/gnu/dbg\libqf_cortex-m3_dk.a(qf_psini.o)
 .comment       0x00000000       0x23 D:\software\qpcpp/ports/arm-cortex/qk/gnu/dbg\libqf_cortex-m3_dk.a(qf_pspub.o)
 .comment       0x00000000       0x23 D:\software\qpcpp/ports/arm-cortex/qk/gnu/dbg\libqf_cortex-m3_dk.a(qf_pwr2.o)
 .comment       0x00000000       0x23 D:\software\qpcpp/ports/arm-cortex/qk/gnu/dbg\libqf_cortex-m3_dk.a(qf_tick.o)
 .comment       0x00000000       0x23 D:\software\qpcpp/ports/arm-cortex/qk/gnu/dbg\libqf_cortex-m3_dk.a(qmp_get.o)
 .comment       0x00000000       0x23 D:\software\qpcpp/ports/arm-cortex/qk/gnu/dbg\libqf_cortex-m3_dk.a(qmp_init.o)
 .comment       0x00000000       0x23 D:\software\qpcpp/ports/arm-cortex/qk/gnu/dbg\libqf_cortex-m3_dk.a(qmp_put.o)
 .comment       0x00000000       0x23 D:\software\qpcpp/ports/arm-cortex/qk/gnu/dbg\libqf_cortex-m3_dk.a(qte_ctor.o)
 .comment       0x00000000       0x23 D:\software\qpcpp/ports/arm-cortex/qk/gnu/dbg\libqf_cortex-m3_dk.a(qte_arm.o)
 .comment       0x00000000       0x23 D:\software\qpcpp/ports/arm-cortex/qk/gnu/dbg\libqep_cortex-m3_dk.a(qhsm_ini.o)
 .comment       0x00000000       0x23 D:\software\qpcpp/ports/arm-cortex/qk/gnu/dbg\libqep_cortex-m3_dk.a(qhsm_dis.o)
 .comment       0x00000000       0x23 D:\software\qpcpp/ports/arm-cortex/qk/gnu/dbg\libqep_cortex-m3_dk.a(qhsm_top.o)
 .comment       0x00000000       0x23 D:\software\qpcpp/ports/arm-cortex/qk/gnu/dbg\libqep_cortex-m3_dk.a(qep.o)
 .comment       0x00000000       0x23 c:/tools/devkitpro/devkitarm/bin/../lib/gcc/arm-eabi/4.5.1/../../../../arm-eabi/lib/thumb/thumb2\libstdc++.a(atexit_arm.o)
 .comment       0x00000000       0x23 c:/tools/devkitpro/devkitarm/bin/../lib/gcc/arm-eabi/4.5.1/../../../../arm-eabi/lib/thumb/thumb2\libc.a(lib_a-atexit.o)
 .comment       0x00000000       0x23 c:/tools/devkitpro/devkitarm/bin/../lib/gcc/arm-eabi/4.5.1/../../../../arm-eabi/lib/thumb/thumb2\libc.a(lib_a-exit.o)
 .comment       0x00000000       0x23 c:/tools/devkitpro/devkitarm/bin/../lib/gcc/arm-eabi/4.5.1/../../../../arm-eabi/lib/thumb/thumb2\libc.a(lib_a-impure.o)
 .comment       0x00000000       0x23 c:/tools/devkitpro/devkitarm/bin/../lib/gcc/arm-eabi/4.5.1/../../../../arm-eabi/lib/thumb/thumb2\libc.a(lib_a-init.o)
 .comment       0x00000000       0x23 c:/tools/devkitpro/devkitarm/bin/../lib/gcc/arm-eabi/4.5.1/../../../../arm-eabi/lib/thumb/thumb2\libc.a(lib_a-memset.o)
 .comment       0x00000000       0x23 c:/tools/devkitpro/devkitarm/bin/../lib/gcc/arm-eabi/4.5.1/../../../../arm-eabi/lib/thumb/thumb2\libc.a(lib_a-__atexit.o)
 .comment       0x00000000       0x23 c:/tools/devkitpro/devkitarm/bin/../lib/gcc/arm-eabi/4.5.1/../../../../arm-eabi/lib/thumb/thumb2\libc.a(lib_a-__call_atexit.o)
 .comment       0x00000000       0x23 c:/tools/devkitpro/devkitarm/bin/../lib/gcc/arm-eabi/4.5.1/../../../../arm-eabi/lib/thumb/thumb2\libsysbase.a(_exit.o)
 .comment       0x00000000       0x23 c:/tools/devkitpro/devkitarm/bin/../lib/gcc/arm-eabi/4.5.1/../../../../arm-eabi/lib/thumb/thumb2\libsysbase.a(syscall_support.o)
 .comment       0x00000000       0x23 c:/tools/devkitpro/devkitarm/bin/../lib/gcc/arm-eabi/4.5.1/thumb/thumb2/crtend.o

.debug_abbrev   0x00000000     0x6988
 .debug_abbrev  0x00000000      0x10f dbg/startup_stm32f10x_cl.o
 .debug_abbrev  0x0000010f       0xb4 dbg/core_cm3.o
 .debug_abbrev  0x000001c3      0x123 dbg/system_stm32f10x.o
 .debug_abbrev  0x000002e6      0x1d1 dbg/stm32_eval.o
 .debug_abbrev  0x000004b7      0x23c dbg/stm3210c_eval_lcd.o
 .debug_abbrev  0x000006f3      0x28d dbg/stm3210c_eval_ioe.o
 .debug_abbrev  0x00000980      0x144 dbg/misc.o
 .debug_abbrev  0x00000ac4      0x1e6 dbg/stm32f10x_adc.o
 .debug_abbrev  0x00000caa      0x17c dbg/stm32f10x_bkp.o
 .debug_abbrev  0x00000e26      0x1fa dbg/stm32f10x_can.o
 .debug_abbrev  0x00001020      0x119 dbg/stm32f10x_crc.o
 .debug_abbrev  0x00001139      0x1b5 dbg/stm32f10x_dac.o
 .debug_abbrev  0x000012ee       0xe9 dbg/stm32f10x_dbgmcu.o
 .debug_abbrev  0x000013d7      0x15d dbg/stm32f10x_dma.o
 .debug_abbrev  0x00001534      0x159 dbg/stm32f10x_exti.o
 .debug_abbrev  0x0000168d      0x1fe dbg/stm32f10x_flash.o
 .debug_abbrev  0x0000188b      0x19b dbg/stm32f10x_fsmc.o
 .debug_abbrev  0x00001a26      0x1d9 dbg/stm32f10x_gpio.o
 .debug_abbrev  0x00001bff      0x194 dbg/stm32f10x_i2c.o
 .debug_abbrev  0x00001d93      0x109 dbg/stm32f10x_iwdg.o
 .debug_abbrev  0x00001e9c      0x15a dbg/stm32f10x_pwr.o
 .debug_abbrev  0x00001ff6      0x1d0 dbg/stm32f10x_rcc.o
 .debug_abbrev  0x000021c6      0x18c dbg/stm32f10x_rtc.o
 .debug_abbrev  0x00002352      0x1d9 dbg/stm32f10x_sdio.o
 .debug_abbrev  0x0000252b      0x1bb dbg/stm32f10x_spi.o
 .debug_abbrev  0x000026e6      0x222 dbg/stm32f10x_tim.o
 .debug_abbrev  0x00002908      0x192 dbg/stm32f10x_usart.o
 .debug_abbrev  0x00002a9a      0x124 dbg/stm32f10x_wwdg.o
 .debug_abbrev  0x00002bbe      0x28d dbg/main.o
 .debug_abbrev  0x00002e4b      0x3b5 dbg/table.o
 .debug_abbrev  0x00003200      0x422 dbg/philo.o
 .debug_abbrev  0x00003622      0x430 dbg/bsp.o
 .debug_abbrev  0x00003a52       0xac dbg/no_heap.o
 .debug_abbrev  0x00003afe       0xdc dbg/mini_cpp.o
 .debug_abbrev  0x00003bda      0x394 D:\software\qpcpp/ports/arm-cortex/qk/gnu/dbg\libqk_cortex-m3_dk.a(qk.o)
 .debug_abbrev  0x00003f6e      0x295 D:\software\qpcpp/ports/arm-cortex/qk/gnu/dbg\libqk_cortex-m3_dk.a(qk_sched.o)
 .debug_abbrev  0x00004203      0x104 D:\software\qpcpp/ports/arm-cortex/qk/gnu/dbg\libqk_cortex-m3_dk.a(qk_mutex.o)
 .debug_abbrev  0x00004307       0x12 D:\software\qpcpp/ports/arm-cortex/qk/gnu/dbg\libqk_cortex-m3_dk.a(qk_port.o)
 .debug_abbrev  0x00004319      0x2b2 D:\software\qpcpp/ports/arm-cortex/qk/gnu/dbg\libqf_cortex-m3_dk.a(qa_fifo.o)
 .debug_abbrev  0x000045cb      0x2cc D:\software\qpcpp/ports/arm-cortex/qk/gnu/dbg\libqf_cortex-m3_dk.a(qa_get_.o)
 .debug_abbrev  0x00004897      0x27f D:\software\qpcpp/ports/arm-cortex/qk/gnu/dbg\libqf_cortex-m3_dk.a(qa_sub.o)
 .debug_abbrev  0x00004b16      0x134 D:\software\qpcpp/ports/arm-cortex/qk/gnu/dbg\libqf_cortex-m3_dk.a(qeq_init.o)
 .debug_abbrev  0x00004c4a      0x294 D:\software\qpcpp/ports/arm-cortex/qk/gnu/dbg\libqf_cortex-m3_dk.a(qf_act.o)
 .debug_abbrev  0x00004ede      0x19b D:\software\qpcpp/ports/arm-cortex/qk/gnu/dbg\libqf_cortex-m3_dk.a(qf_gc.o)
 .debug_abbrev  0x00005079       0x65 D:\software\qpcpp/ports/arm-cortex/qk/gnu/dbg\libqf_cortex-m3_dk.a(qf_log2.o)
 .debug_abbrev  0x000050de      0x1da D:\software\qpcpp/ports/arm-cortex/qk/gnu/dbg\libqf_cortex-m3_dk.a(qf_new.o)
 .debug_abbrev  0x000052b8      0x182 D:\software\qpcpp/ports/arm-cortex/qk/gnu/dbg\libqf_cortex-m3_dk.a(qf_pool.o)
 .debug_abbrev  0x0000543a       0xe5 D:\software\qpcpp/ports/arm-cortex/qk/gnu/dbg\libqf_cortex-m3_dk.a(qf_psini.o)
 .debug_abbrev  0x0000551f      0x270 D:\software\qpcpp/ports/arm-cortex/qk/gnu/dbg\libqf_cortex-m3_dk.a(qf_pspub.o)
 .debug_abbrev  0x0000578f       0x65 D:\software\qpcpp/ports/arm-cortex/qk/gnu/dbg\libqf_cortex-m3_dk.a(qf_pwr2.o)
 .debug_abbrev  0x000057f4      0x2b2 D:\software\qpcpp/ports/arm-cortex/qk/gnu/dbg\libqf_cortex-m3_dk.a(qf_tick.o)
 .debug_abbrev  0x00005aa6      0x1bb D:\software\qpcpp/ports/arm-cortex/qk/gnu/dbg\libqf_cortex-m3_dk.a(qmp_get.o)
 .debug_abbrev  0x00005c61      0x176 D:\software\qpcpp/ports/arm-cortex/qk/gnu/dbg\libqf_cortex-m3_dk.a(qmp_init.o)
 .debug_abbrev  0x00005dd7      0x14f D:\software\qpcpp/ports/arm-cortex/qk/gnu/dbg\libqf_cortex-m3_dk.a(qmp_put.o)
 .debug_abbrev  0x00005f26      0x295 D:\software\qpcpp/ports/arm-cortex/qk/gnu/dbg\libqf_cortex-m3_dk.a(qte_ctor.o)
 .debug_abbrev  0x000061bb      0x2ae D:\software\qpcpp/ports/arm-cortex/qk/gnu/dbg\libqf_cortex-m3_dk.a(qte_arm.o)
 .debug_abbrev  0x00006469      0x224 D:\software\qpcpp/ports/arm-cortex/qk/gnu/dbg\libqep_cortex-m3_dk.a(qhsm_ini.o)
 .debug_abbrev  0x0000668d      0x150 D:\software\qpcpp/ports/arm-cortex/qk/gnu/dbg\libqep_cortex-m3_dk.a(qhsm_dis.o)
 .debug_abbrev  0x000067dd       0xb9 D:\software\qpcpp/ports/arm-cortex/qk/gnu/dbg\libqep_cortex-m3_dk.a(qhsm_top.o)
 .debug_abbrev  0x00006896       0xf2 D:\software\qpcpp/ports/arm-cortex/qk/gnu/dbg\libqep_cortex-m3_dk.a(qep.o)

.debug_info     0x00000000    0x16aad
 .debug_info    0x00000000      0x1bc dbg/startup_stm32f10x_cl.o
 .debug_info    0x000001bc      0x53d dbg/core_cm3.o
 .debug_info    0x000006f9      0x301 dbg/system_stm32f10x.o
 .debug_info    0x000009fa      0xb23 dbg/stm32_eval.o
 .debug_info    0x0000151d      0xaf8 dbg/stm3210c_eval_lcd.o
 .debug_info    0x00002015     0x1138 dbg/stm3210c_eval_ioe.o
 .debug_info    0x0000314d      0x539 dbg/misc.o
 .debug_info    0x00003686      0xbe4 dbg/stm32f10x_adc.o
 .debug_info    0x0000426a      0x862 dbg/stm32f10x_bkp.o
 .debug_info    0x00004acc      0xaec dbg/stm32f10x_can.o
 .debug_info    0x000055b8      0x1ed dbg/stm32f10x_crc.o
 .debug_info    0x000057a5      0x4c3 dbg/stm32f10x_dac.o
 .debug_info    0x00005c68      0x149 dbg/stm32f10x_dbgmcu.o
 .debug_info    0x00005db1      0x450 dbg/stm32f10x_dma.o
 .debug_info    0x00006201      0x34e dbg/stm32f10x_exti.o
 .debug_info    0x0000654f      0x772 dbg/stm32f10x_flash.o
 .debug_info    0x00006cc1      0x974 dbg/stm32f10x_fsmc.o
 .debug_info    0x00007635      0x6ec dbg/stm32f10x_gpio.o
 .debug_info    0x00007d21      0xb2c dbg/stm32f10x_i2c.o
 .debug_info    0x0000884d      0x1eb dbg/stm32f10x_iwdg.o
 .debug_info    0x00008a38      0x2d3 dbg/stm32f10x_pwr.o
 .debug_info    0x00008d0b      0xb10 dbg/stm32f10x_rcc.o
 .debug_info    0x0000981b      0x451 dbg/stm32f10x_rtc.o
 .debug_info    0x00009c6c      0x85f dbg/stm32f10x_sdio.o
 .debug_info    0x0000a4cb      0xa2e dbg/stm32f10x_spi.o
 .debug_info    0x0000aef9     0x1e18 dbg/stm32f10x_tim.o
 .debug_info    0x0000cd11      0x9cb dbg/stm32f10x_usart.o
 .debug_info    0x0000d6dc      0x227 dbg/stm32f10x_wwdg.o
 .debug_info    0x0000d903      0x646 dbg/main.o
 .debug_info    0x0000df49      0x9c1 dbg/table.o
 .debug_info    0x0000e90a      0xc75 dbg/philo.o
 .debug_info    0x0000f57f      0xe02 dbg/bsp.o
 .debug_info    0x00010381      0x181 dbg/no_heap.o
 .debug_info    0x00010502      0x150 dbg/mini_cpp.o
 .debug_info    0x00010652      0x88f D:\software\qpcpp/ports/arm-cortex/qk/gnu/dbg\libqk_cortex-m3_dk.a(qk.o)
 .debug_info    0x00010ee1      0x6e6 D:\software\qpcpp/ports/arm-cortex/qk/gnu/dbg\libqk_cortex-m3_dk.a(qk_sched.o)
 .debug_info    0x000115c7      0x19c D:\software\qpcpp/ports/arm-cortex/qk/gnu/dbg\libqk_cortex-m3_dk.a(qk_mutex.o)
 .debug_info    0x00011763       0x5c D:\software\qpcpp/ports/arm-cortex/qk/gnu/dbg\libqk_cortex-m3_dk.a(qk_port.o)
 .debug_info    0x000117bf      0x74e D:\software\qpcpp/ports/arm-cortex/qk/gnu/dbg\libqf_cortex-m3_dk.a(qa_fifo.o)
 .debug_info    0x00011f0d      0x769 D:\software\qpcpp/ports/arm-cortex/qk/gnu/dbg\libqf_cortex-m3_dk.a(qa_get_.o)
 .debug_info    0x00012676      0x581 D:\software\qpcpp/ports/arm-cortex/qk/gnu/dbg\libqf_cortex-m3_dk.a(qa_sub.o)
 .debug_info    0x00012bf7      0x29e D:\software\qpcpp/ports/arm-cortex/qk/gnu/dbg\libqf_cortex-m3_dk.a(qeq_init.o)
 .debug_info    0x00012e95      0x5ce D:\software\qpcpp/ports/arm-cortex/qk/gnu/dbg\libqf_cortex-m3_dk.a(qf_act.o)
 .debug_info    0x00013463      0x304 D:\software\qpcpp/ports/arm-cortex/qk/gnu/dbg\libqf_cortex-m3_dk.a(qf_gc.o)
 .debug_info    0x00013767       0xd5 D:\software\qpcpp/ports/arm-cortex/qk/gnu/dbg\libqf_cortex-m3_dk.a(qf_log2.o)
 .debug_info    0x0001383c      0x35a D:\software\qpcpp/ports/arm-cortex/qk/gnu/dbg\libqf_cortex-m3_dk.a(qf_new.o)
 .debug_info    0x00013b96      0x30d D:\software\qpcpp/ports/arm-cortex/qk/gnu/dbg\libqf_cortex-m3_dk.a(qf_pool.o)
 .debug_info    0x00013ea3      0x196 D:\software\qpcpp/ports/arm-cortex/qk/gnu/dbg\libqf_cortex-m3_dk.a(qf_psini.o)
 .debug_info    0x00014039      0x58c D:\software\qpcpp/ports/arm-cortex/qk/gnu/dbg\libqf_cortex-m3_dk.a(qf_pspub.o)
 .debug_info    0x000145c5       0xdd D:\software\qpcpp/ports/arm-cortex/qk/gnu/dbg\libqf_cortex-m3_dk.a(qf_pwr2.o)
 .debug_info    0x000146a2      0x65d D:\software\qpcpp/ports/arm-cortex/qk/gnu/dbg\libqf_cortex-m3_dk.a(qf_tick.o)
 .debug_info    0x00014cff      0x31e D:\software\qpcpp/ports/arm-cortex/qk/gnu/dbg\libqf_cortex-m3_dk.a(qmp_get.o)
 .debug_info    0x0001501d      0x2c6 D:\software\qpcpp/ports/arm-cortex/qk/gnu/dbg\libqf_cortex-m3_dk.a(qmp_init.o)
 .debug_info    0x000152e3      0x279 D:\software\qpcpp/ports/arm-cortex/qk/gnu/dbg\libqf_cortex-m3_dk.a(qmp_put.o)
 .debug_info    0x0001555c      0x692 D:\software\qpcpp/ports/arm-cortex/qk/gnu/dbg\libqf_cortex-m3_dk.a(qte_ctor.o)
 .debug_info    0x00015bee      0x691 D:\software\qpcpp/ports/arm-cortex/qk/gnu/dbg\libqf_cortex-m3_dk.a(qte_arm.o)
 .debug_info    0x0001627f      0x365 D:\software\qpcpp/ports/arm-cortex/qk/gnu/dbg\libqep_cortex-m3_dk.a(qhsm_ini.o)
 .debug_info    0x000165e4      0x24f D:\software\qpcpp/ports/arm-cortex/qk/gnu/dbg\libqep_cortex-m3_dk.a(qhsm_dis.o)
 .debug_info    0x00016833      0x11c D:\software\qpcpp/ports/arm-cortex/qk/gnu/dbg\libqep_cortex-m3_dk.a(qhsm_top.o)
 .debug_info    0x0001694f      0x15e D:\software\qpcpp/ports/arm-cortex/qk/gnu/dbg\libqep_cortex-m3_dk.a(qep.o)

.debug_line     0x00000000     0x5487
 .debug_line    0x00000000       0x76 dbg/startup_stm32f10x_cl.o
 .debug_line    0x00000076      0x110 dbg/core_cm3.o
 .debug_line    0x00000186       0xf5 dbg/system_stm32f10x.o
 .debug_line    0x0000027b      0x17c dbg/stm32_eval.o
 .debug_line    0x000003f7      0x336 dbg/stm3210c_eval_lcd.o
 .debug_line    0x0000072d      0x3fd dbg/stm3210c_eval_ioe.o
 .debug_line    0x00000b2a      0x10c dbg/misc.o
 .debug_line    0x00000c36      0x23d dbg/stm32f10x_adc.o
 .debug_line    0x00000e73      0x113 dbg/stm32f10x_bkp.o
 .debug_line    0x00000f86      0x28c dbg/stm32f10x_can.o
 .debug_line    0x00001212       0xf7 dbg/stm32f10x_crc.o
 .debug_line    0x00001309      0x152 dbg/stm32f10x_dac.o
 .debug_line    0x0000145b       0xe4 dbg/stm32f10x_dbgmcu.o
 .debug_line    0x0000153f      0x171 dbg/stm32f10x_dma.o
 .debug_line    0x000016b0      0x14a dbg/stm32f10x_exti.o
 .debug_line    0x000017fa      0x20a dbg/stm32f10x_flash.o
 .debug_line    0x00001a04      0x238 dbg/stm32f10x_fsmc.o
 .debug_line    0x00001c3c      0x1c4 dbg/stm32f10x_gpio.o
 .debug_line    0x00001e00      0x21f dbg/stm32f10x_i2c.o
 .debug_line    0x0000201f       0xf3 dbg/stm32f10x_iwdg.o
 .debug_line    0x00002112      0x123 dbg/stm32f10x_pwr.o
 .debug_line    0x00002235      0x254 dbg/stm32f10x_rcc.o
 .debug_line    0x00002489      0x138 dbg/stm32f10x_rtc.o
 .debug_line    0x000025c1      0x1bd dbg/stm32f10x_sdio.o
 .debug_line    0x0000277e      0x1fc dbg/stm32f10x_spi.o
 .debug_line    0x0000297a      0x425 dbg/stm32f10x_tim.o
 .debug_line    0x00002d9f      0x200 dbg/stm32f10x_usart.o
 .debug_line    0x00002f9f       0xfb dbg/stm32f10x_wwdg.o
 .debug_line    0x0000309a      0x102 dbg/main.o
 .debug_line    0x0000319c      0x1ef dbg/table.o
 .debug_line    0x0000338b      0x1f9 dbg/philo.o
 .debug_line    0x00003584      0x1e0 dbg/bsp.o
 .debug_line    0x00003764       0xb4 dbg/no_heap.o
 .debug_line    0x00003818       0x96 dbg/mini_cpp.o
 .debug_line    0x000038ae      0x17d D:\software\qpcpp/ports/arm-cortex/qk/gnu/dbg\libqk_cortex-m3_dk.a(qk.o)
 .debug_line    0x00003a2b      0x15c D:\software\qpcpp/ports/arm-cortex/qk/gnu/dbg\libqk_cortex-m3_dk.a(qk_sched.o)
 .debug_line    0x00003b87       0xeb D:\software\qpcpp/ports/arm-cortex/qk/gnu/dbg\libqk_cortex-m3_dk.a(qk_mutex.o)
 .debug_line    0x00003c72       0x7e D:\software\qpcpp/ports/arm-cortex/qk/gnu/dbg\libqk_cortex-m3_dk.a(qk_port.o)
 .debug_line    0x00003cf0      0x13e D:\software\qpcpp/ports/arm-cortex/qk/gnu/dbg\libqf_cortex-m3_dk.a(qa_fifo.o)
 .debug_line    0x00003e2e      0x13f D:\software\qpcpp/ports/arm-cortex/qk/gnu/dbg\libqf_cortex-m3_dk.a(qa_get_.o)
 .debug_line    0x00003f6d      0x134 D:\software\qpcpp/ports/arm-cortex/qk/gnu/dbg\libqf_cortex-m3_dk.a(qa_sub.o)
 .debug_line    0x000040a1       0xf3 D:\software\qpcpp/ports/arm-cortex/qk/gnu/dbg\libqf_cortex-m3_dk.a(qeq_init.o)
 .debug_line    0x00004194      0x114 D:\software\qpcpp/ports/arm-cortex/qk/gnu/dbg\libqf_cortex-m3_dk.a(qf_act.o)
 .debug_line    0x000042a8      0x11f D:\software\qpcpp/ports/arm-cortex/qk/gnu/dbg\libqf_cortex-m3_dk.a(qf_gc.o)
 .debug_line    0x000043c7       0x5e D:\software\qpcpp/ports/arm-cortex/qk/gnu/dbg\libqf_cortex-m3_dk.a(qf_log2.o)
 .debug_line    0x00004425      0x145 D:\software\qpcpp/ports/arm-cortex/qk/gnu/dbg\libqf_cortex-m3_dk.a(qf_new.o)
 .debug_line    0x0000456a      0x101 D:\software\qpcpp/ports/arm-cortex/qk/gnu/dbg\libqf_cortex-m3_dk.a(qf_pool.o)
 .debug_line    0x0000466b       0xe1 D:\software\qpcpp/ports/arm-cortex/qk/gnu/dbg\libqf_cortex-m3_dk.a(qf_psini.o)
 .debug_line    0x0000474c      0x146 D:\software\qpcpp/ports/arm-cortex/qk/gnu/dbg\libqf_cortex-m3_dk.a(qf_pspub.o)
 .debug_line    0x00004892       0x5e D:\software\qpcpp/ports/arm-cortex/qk/gnu/dbg\libqf_cortex-m3_dk.a(qf_pwr2.o)
 .debug_line    0x000048f0      0x13b D:\software\qpcpp/ports/arm-cortex/qk/gnu/dbg\libqf_cortex-m3_dk.a(qf_tick.o)
 .debug_line    0x00004a2b      0x11d D:\software\qpcpp/ports/arm-cortex/qk/gnu/dbg\libqf_cortex-m3_dk.a(qmp_get.o)
 .debug_line    0x00004b48      0x131 D:\software\qpcpp/ports/arm-cortex/qk/gnu/dbg\libqf_cortex-m3_dk.a(qmp_init.o)
 .debug_line    0x00004c79      0x115 D:\software\qpcpp/ports/arm-cortex/qk/gnu/dbg\libqf_cortex-m3_dk.a(qmp_put.o)
 .debug_line    0x00004d8e      0x102 D:\software\qpcpp/ports/arm-cortex/qk/gnu/dbg\libqf_cortex-m3_dk.a(qte_ctor.o)
 .debug_line    0x00004e90      0x10e D:\software\qpcpp/ports/arm-cortex/qk/gnu/dbg\libqf_cortex-m3_dk.a(qte_arm.o)
 .debug_line    0x00004f9e      0x146 D:\software\qpcpp/ports/arm-cortex/qk/gnu/dbg\libqep_cortex-m3_dk.a(qhsm_ini.o)
 .debug_line    0x000050e4      0x1be D:\software\qpcpp/ports/arm-cortex/qk/gnu/dbg\libqep_cortex-m3_dk.a(qhsm_dis.o)
 .debug_line    0x000052a2       0xe1 D:\software\qpcpp/ports/arm-cortex/qk/gnu/dbg\libqep_cortex-m3_dk.a(qhsm_top.o)
 .debug_line    0x00005383      0x104 D:\software\qpcpp/ports/arm-cortex/qk/gnu/dbg\libqep_cortex-m3_dk.a(qep.o)

.debug_loc      0x00000000     0x8b7c
 .debug_loc     0x00000000       0x5e dbg/startup_stm32f10x_cl.o
 .debug_loc     0x0000005e      0x298 dbg/core_cm3.o
 .debug_loc     0x000002f6       0x20 dbg/system_stm32f10x.o
 .debug_loc     0x00000316      0x121 dbg/stm32_eval.o
 .debug_loc     0x00000437      0x937 dbg/stm3210c_eval_lcd.o
 .debug_loc     0x00000d6e      0xca4 dbg/stm3210c_eval_ioe.o
 .debug_loc     0x00001a12      0x123 dbg/misc.o
 .debug_loc     0x00001b35      0x95c dbg/stm32f10x_adc.o
 .debug_loc     0x00002491      0x13a dbg/stm32f10x_bkp.o
 .debug_loc     0x000025cb      0x5f9 dbg/stm32f10x_can.o
 .debug_loc     0x00002bc4       0x51 dbg/stm32f10x_crc.o
 .debug_loc     0x00002c15      0x30e dbg/stm32f10x_dac.o
 .debug_loc     0x00002f23       0x1e dbg/stm32f10x_dbgmcu.o
 .debug_loc     0x00002f41      0x138 dbg/stm32f10x_dma.o
 .debug_loc     0x00003079      0x11e dbg/stm32f10x_exti.o
 .debug_loc     0x00003197      0x6ea dbg/stm32f10x_flash.o
 .debug_loc     0x00003881      0x339 dbg/stm32f10x_fsmc.o
 .debug_loc     0x00003bba      0x486 dbg/stm32f10x_gpio.o
 .debug_loc     0x00004040      0x63e dbg/stm32f10x_i2c.o
 .debug_loc     0x0000467e       0x3d dbg/stm32f10x_iwdg.o
 .debug_loc     0x000046bb       0xfc dbg/stm32f10x_pwr.o
 .debug_loc     0x000047b7      0x7c1 dbg/stm32f10x_rcc.o
 .debug_loc     0x00004f78      0x1d3 dbg/stm32f10x_rtc.o
 .debug_loc     0x0000514b      0x1cc dbg/stm32f10x_sdio.o
 .debug_loc     0x00005317      0x40f dbg/stm32f10x_spi.o
 .debug_loc     0x00005726     0x1527 dbg/stm32f10x_tim.o
 .debug_loc     0x00006c4d      0x507 dbg/stm32f10x_usart.o
 .debug_loc     0x00007154       0xec dbg/stm32f10x_wwdg.o
 .debug_loc     0x00007240       0x4b dbg/main.o
 .debug_loc     0x0000728b      0x321 dbg/table.o
 .debug_loc     0x000075ac      0x506 dbg/philo.o
 .debug_loc     0x00007ab2      0x1ca dbg/bsp.o
 .debug_loc     0x00007c7c       0x60 dbg/no_heap.o
 .debug_loc     0x00007cdc       0x66 dbg/mini_cpp.o
 .debug_loc     0x00007d42      0x146 D:\software\qpcpp/ports/arm-cortex/qk/gnu/dbg\libqk_cortex-m3_dk.a(qk.o)
 .debug_loc     0x00007e88       0xaa D:\software\qpcpp/ports/arm-cortex/qk/gnu/dbg\libqk_cortex-m3_dk.a(qk_sched.o)
 .debug_loc     0x00007f32       0x51 D:\software\qpcpp/ports/arm-cortex/qk/gnu/dbg\libqk_cortex-m3_dk.a(qk_mutex.o)
 .debug_loc     0x00007f83       0xcf D:\software\qpcpp/ports/arm-cortex/qk/gnu/dbg\libqf_cortex-m3_dk.a(qa_fifo.o)
 .debug_loc     0x00008052       0xc6 D:\software\qpcpp/ports/arm-cortex/qk/gnu/dbg\libqf_cortex-m3_dk.a(qa_get_.o)
 .debug_loc     0x00008118       0x46 D:\software\qpcpp/ports/arm-cortex/qk/gnu/dbg\libqf_cortex-m3_dk.a(qa_sub.o)
 .debug_loc     0x0000815e       0x71 D:\software\qpcpp/ports/arm-cortex/qk/gnu/dbg\libqf_cortex-m3_dk.a(qf_act.o)
 .debug_loc     0x000081cf       0x51 D:\software\qpcpp/ports/arm-cortex/qk/gnu/dbg\libqf_cortex-m3_dk.a(qf_gc.o)
 .debug_loc     0x00008220       0xdd D:\software\qpcpp/ports/arm-cortex/qk/gnu/dbg\libqf_cortex-m3_dk.a(qf_new.o)
 .debug_loc     0x000082fd       0x6f D:\software\qpcpp/ports/arm-cortex/qk/gnu/dbg\libqf_cortex-m3_dk.a(qf_pool.o)
 .debug_loc     0x0000836c       0xb5 D:\software\qpcpp/ports/arm-cortex/qk/gnu/dbg\libqf_cortex-m3_dk.a(qf_pspub.o)
 .debug_loc     0x00008421       0x4a D:\software\qpcpp/ports/arm-cortex/qk/gnu/dbg\libqf_cortex-m3_dk.a(qf_tick.o)
 .debug_loc     0x0000846b       0x51 D:\software\qpcpp/ports/arm-cortex/qk/gnu/dbg\libqf_cortex-m3_dk.a(qmp_get.o)
 .debug_loc     0x000084bc      0x119 D:\software\qpcpp/ports/arm-cortex/qk/gnu/dbg\libqf_cortex-m3_dk.a(qmp_init.o)
 .debug_loc     0x000085d5       0x5c D:\software\qpcpp/ports/arm-cortex/qk/gnu/dbg\libqf_cortex-m3_dk.a(qmp_put.o)
 .debug_loc     0x00008631       0x51 D:\software\qpcpp/ports/arm-cortex/qk/gnu/dbg\libqf_cortex-m3_dk.a(qte_ctor.o)
 .debug_loc     0x00008682       0x6f D:\software\qpcpp/ports/arm-cortex/qk/gnu/dbg\libqf_cortex-m3_dk.a(qte_arm.o)
 .debug_loc     0x000086f1       0xfb D:\software\qpcpp/ports/arm-cortex/qk/gnu/dbg\libqep_cortex-m3_dk.a(qhsm_ini.o)
 .debug_loc     0x000087ec      0x390 D:\software\qpcpp/ports/arm-cortex/qk/gnu/dbg\libqep_cortex-m3_dk.a(qhsm_dis.o)

.debug_pubnames
                0x00000000     0x3944
 .debug_pubnames
                0x00000000       0x4a dbg/startup_stm32f10x_cl.o
 .debug_pubnames
                0x0000004a      0x159 dbg/core_cm3.o
 .debug_pubnames
                0x000001a3       0xa3 dbg/system_stm32f10x.o
 .debug_pubnames
                0x00000246      0x1a9 dbg/stm32_eval.o
 .debug_pubnames
                0x000003ef      0x25c dbg/stm3210c_eval_lcd.o
 .debug_pubnames
                0x0000064b      0x251 dbg/stm3210c_eval_ioe.o
 .debug_pubnames
                0x0000089c       0x89 dbg/misc.o
 .debug_pubnames
                0x00000925      0x401 dbg/stm32f10x_adc.o
 .debug_pubnames
                0x00000d26      0x128 dbg/stm32f10x_bkp.o
 .debug_pubnames
                0x00000e4e      0x17b dbg/stm32f10x_can.o
 .debug_pubnames
                0x00000fc9       0x82 dbg/stm32f10x_crc.o
 .debug_pubnames
                0x0000104b      0x116 dbg/stm32f10x_dac.o
 .debug_pubnames
                0x00001161       0x4c dbg/stm32f10x_dbgmcu.o
 .debug_pubnames
                0x000011ad       0xcf dbg/stm32f10x_dma.o
 .debug_pubnames
                0x0000127c       0xbb dbg/stm32f10x_exti.o
 .debug_pubnames
                0x00001337      0x26e dbg/stm32f10x_flash.o
 .debug_pubnames
                0x000015a5      0x1a3 dbg/stm32f10x_fsmc.o
 .debug_pubnames
                0x00001748      0x19d dbg/stm32f10x_gpio.o
 .debug_pubnames
                0x000018e5      0x2b0 dbg/stm32f10x_i2c.o
 .debug_pubnames
                0x00001b95       0x91 dbg/stm32f10x_iwdg.o
 .debug_pubnames
                0x00001c26       0xcb dbg/stm32f10x_pwr.o
 .debug_pubnames
                0x00001cf1      0x37e dbg/stm32f10x_rcc.o
 .debug_pubnames
                0x0000206f      0x136 dbg/stm32f10x_rtc.o
 .debug_pubnames
                0x000021a5      0x2ac dbg/stm32f10x_sdio.o
 .debug_pubnames
                0x00002451      0x1f6 dbg/stm32f10x_spi.o
 .debug_pubnames
                0x00002647      0x7b0 dbg/stm32f10x_tim.o
 .debug_pubnames
                0x00002df7      0x25f dbg/stm32f10x_usart.o
 .debug_pubnames
                0x00003056       0xb0 dbg/stm32f10x_wwdg.o
 .debug_pubnames
                0x00003106       0x1b dbg/main.o
 .debug_pubnames
                0x00003121       0xa6 dbg/table.o
 .debug_pubnames
                0x000031c7       0xcb dbg/philo.o
 .debug_pubnames
                0x00003292       0xc5 dbg/bsp.o
 .debug_pubnames
                0x00003357       0x31 dbg/no_heap.o
 .debug_pubnames
                0x00003388       0x78 dbg/mini_cpp.o
 .debug_pubnames
                0x00003400       0xb4 D:\software\qpcpp/ports/arm-cortex/qk/gnu/dbg\libqk_cortex-m3_dk.a(qk.o)
 .debug_pubnames
                0x000034b4       0x20 D:\software\qpcpp/ports/arm-cortex/qk/gnu/dbg\libqk_cortex-m3_dk.a(qk_sched.o)
 .debug_pubnames
                0x000034d4       0x4c D:\software\qpcpp/ports/arm-cortex/qk/gnu/dbg\libqk_cortex-m3_dk.a(qk_mutex.o)
 .debug_pubnames
                0x00003520       0x28 D:\software\qpcpp/ports/arm-cortex/qk/gnu/dbg\libqf_cortex-m3_dk.a(qa_fifo.o)
 .debug_pubnames
                0x00003548       0x3b D:\software\qpcpp/ports/arm-cortex/qk/gnu/dbg\libqf_cortex-m3_dk.a(qa_get_.o)
 .debug_pubnames
                0x00003583       0x29 D:\software\qpcpp/ports/arm-cortex/qk/gnu/dbg\libqf_cortex-m3_dk.a(qa_sub.o)
 .debug_pubnames
                0x000035ac       0x24 D:\software\qpcpp/ports/arm-cortex/qk/gnu/dbg\libqf_cortex-m3_dk.a(qeq_init.o)
 .debug_pubnames
                0x000035d0       0x66 D:\software\qpcpp/ports/arm-cortex/qk/gnu/dbg\libqf_cortex-m3_dk.a(qf_act.o)
 .debug_pubnames
                0x00003636       0x1d D:\software\qpcpp/ports/arm-cortex/qk/gnu/dbg\libqf_cortex-m3_dk.a(qf_gc.o)
 .debug_pubnames
                0x00003653       0x22 D:\software\qpcpp/ports/arm-cortex/qk/gnu/dbg\libqf_cortex-m3_dk.a(qf_log2.o)
 .debug_pubnames
                0x00003675       0x1f D:\software\qpcpp/ports/arm-cortex/qk/gnu/dbg\libqf_cortex-m3_dk.a(qf_new.o)
 .debug_pubnames
                0x00003694       0x40 D:\software\qpcpp/ports/arm-cortex/qk/gnu/dbg\libqf_cortex-m3_dk.a(qf_pool.o)
 .debug_pubnames
                0x000036d4       0x46 D:\software\qpcpp/ports/arm-cortex/qk/gnu/dbg\libqf_cortex-m3_dk.a(qf_psini.o)
 .debug_pubnames
                0x0000371a       0x22 D:\software\qpcpp/ports/arm-cortex/qk/gnu/dbg\libqf_cortex-m3_dk.a(qf_pspub.o)
 .debug_pubnames
                0x0000373c       0x45 D:\software\qpcpp/ports/arm-cortex/qk/gnu/dbg\libqf_cortex-m3_dk.a(qf_pwr2.o)
 .debug_pubnames
                0x00003781       0x1f D:\software\qpcpp/ports/arm-cortex/qk/gnu/dbg\libqf_cortex-m3_dk.a(qf_tick.o)
 .debug_pubnames
                0x000037a0       0x38 D:\software\qpcpp/ports/arm-cortex/qk/gnu/dbg\libqf_cortex-m3_dk.a(qmp_get.o)
 .debug_pubnames
                0x000037d8       0x23 D:\software\qpcpp/ports/arm-cortex/qk/gnu/dbg\libqf_cortex-m3_dk.a(qmp_init.o)
 .debug_pubnames
                0x000037fb       0x22 D:\software\qpcpp/ports/arm-cortex/qk/gnu/dbg\libqf_cortex-m3_dk.a(qmp_put.o)
 .debug_pubnames
                0x0000381d       0x29 D:\software\qpcpp/ports/arm-cortex/qk/gnu/dbg\libqf_cortex-m3_dk.a(qte_ctor.o)
 .debug_pubnames
                0x00003846       0x3d D:\software\qpcpp/ports/arm-cortex/qk/gnu/dbg\libqf_cortex-m3_dk.a(qte_arm.o)
 .debug_pubnames
                0x00003883       0x41 D:\software\qpcpp/ports/arm-cortex/qk/gnu/dbg\libqep_cortex-m3_dk.a(qhsm_ini.o)
 .debug_pubnames
                0x000038c4       0x25 D:\software\qpcpp/ports/arm-cortex/qk/gnu/dbg\libqep_cortex-m3_dk.a(qhsm_dis.o)
 .debug_pubnames
                0x000038e9       0x20 D:\software\qpcpp/ports/arm-cortex/qk/gnu/dbg\libqep_cortex-m3_dk.a(qhsm_top.o)
 .debug_pubnames
                0x00003909       0x3b D:\software\qpcpp/ports/arm-cortex/qk/gnu/dbg\libqep_cortex-m3_dk.a(qep.o)

.debug_pubtypes
                0x00000000     0x2365
 .debug_pubtypes
                0x00000000       0x3c dbg/startup_stm32f10x_cl.o
 .debug_pubtypes
                0x0000003c       0x50 dbg/core_cm3.o
 .debug_pubtypes
                0x0000008c       0x5a dbg/system_stm32f10x.o
 .debug_pubtypes
                0x000000e6      0x170 dbg/stm32_eval.o
 .debug_pubtypes
                0x00000256       0xcf dbg/stm3210c_eval_lcd.o
 .debug_pubtypes
                0x00000325      0x187 dbg/stm3210c_eval_ioe.o
 .debug_pubtypes
                0x000004ac       0x80 dbg/misc.o
 .debug_pubtypes
                0x0000052c       0x8c dbg/stm32f10x_adc.o
 .debug_pubtypes
                0x000005b8       0x78 dbg/stm32f10x_bkp.o
 .debug_pubtypes
                0x00000630      0x115 dbg/stm32f10x_can.o
 .debug_pubtypes
                0x00000745       0x48 dbg/stm32f10x_crc.o
 .debug_pubtypes
                0x0000078d       0x64 dbg/stm32f10x_dac.o
 .debug_pubtypes
                0x000007f1       0x46 dbg/stm32f10x_dbgmcu.o
 .debug_pubtypes
                0x00000837       0x98 dbg/stm32f10x_dma.o
 .debug_pubtypes
                0x000008cf       0xa2 dbg/stm32f10x_exti.o
 .debug_pubtypes
                0x00000971       0x8d dbg/stm32f10x_flash.o
 .debug_pubtypes
                0x000009fe      0x168 dbg/stm32f10x_fsmc.o
 .debug_pubtypes
                0x00000b66       0xc3 dbg/stm32f10x_gpio.o
 .debug_pubtypes
                0x00000c29       0xb2 dbg/stm32f10x_i2c.o
 .debug_pubtypes
                0x00000cdb       0x58 dbg/stm32f10x_iwdg.o
 .debug_pubtypes
                0x00000d33       0x5e dbg/stm32f10x_pwr.o
 .debug_pubtypes
                0x00000d91       0x9e dbg/stm32f10x_rcc.o
 .debug_pubtypes
                0x00000e2f       0x6c dbg/stm32f10x_rtc.o
 .debug_pubtypes
                0x00000e9b       0xb2 dbg/stm32f10x_sdio.o
 .debug_pubtypes
                0x00000f4d       0xd6 dbg/stm32f10x_spi.o
 .debug_pubtypes
                0x00001023       0xd8 dbg/stm32f10x_tim.o
 .debug_pubtypes
                0x000010fb       0xc1 dbg/stm32f10x_usart.o
 .debug_pubtypes
                0x000011bc       0x4b dbg/stm32f10x_wwdg.o
 .debug_pubtypes
                0x00001207       0xec dbg/main.o
 .debug_pubtypes
                0x000012f3       0xf1 dbg/table.o
 .debug_pubtypes
                0x000013e4      0x114 dbg/philo.o
 .debug_pubtypes
                0x000014f8       0xef dbg/bsp.o
 .debug_pubtypes
                0x000015e7       0x1d dbg/no_heap.o
 .debug_pubtypes
                0x00001604       0x1d dbg/mini_cpp.o
 .debug_pubtypes
                0x00001621       0xcd D:\software\qpcpp/ports/arm-cortex/qk/gnu/dbg\libqk_cortex-m3_dk.a(qk.o)
 .debug_pubtypes
                0x000016ee       0xbf D:\software\qpcpp/ports/arm-cortex/qk/gnu/dbg\libqk_cortex-m3_dk.a(qk_sched.o)
 .debug_pubtypes
                0x000017ad       0x30 D:\software\qpcpp/ports/arm-cortex/qk/gnu/dbg\libqk_cortex-m3_dk.a(qk_mutex.o)
 .debug_pubtypes
                0x000017dd       0xbf D:\software\qpcpp/ports/arm-cortex/qk/gnu/dbg\libqf_cortex-m3_dk.a(qa_fifo.o)
 .debug_pubtypes
                0x0000189c       0xc6 D:\software\qpcpp/ports/arm-cortex/qk/gnu/dbg\libqf_cortex-m3_dk.a(qa_get_.o)
 .debug_pubtypes
                0x00001962       0xcd D:\software\qpcpp/ports/arm-cortex/qk/gnu/dbg\libqf_cortex-m3_dk.a(qa_sub.o)
 .debug_pubtypes
                0x00001a2f       0x5d D:\software\qpcpp/ports/arm-cortex/qk/gnu/dbg\libqf_cortex-m3_dk.a(qeq_init.o)
 .debug_pubtypes
                0x00001a8c       0xaf D:\software\qpcpp/ports/arm-cortex/qk/gnu/dbg\libqf_cortex-m3_dk.a(qf_act.o)
 .debug_pubtypes
                0x00001b3b       0x7e D:\software\qpcpp/ports/arm-cortex/qk/gnu/dbg\libqf_cortex-m3_dk.a(qf_gc.o)
 .debug_pubtypes
                0x00001bb9       0x12 D:\software\qpcpp/ports/arm-cortex/qk/gnu/dbg\libqf_cortex-m3_dk.a(qf_log2.o)
 .debug_pubtypes
                0x00001bcb       0x7e D:\software\qpcpp/ports/arm-cortex/qk/gnu/dbg\libqf_cortex-m3_dk.a(qf_new.o)
 .debug_pubtypes
                0x00001c49       0x76 D:\software\qpcpp/ports/arm-cortex/qk/gnu/dbg\libqf_cortex-m3_dk.a(qf_pool.o)
 .debug_pubtypes
                0x00001cbf       0x42 D:\software\qpcpp/ports/arm-cortex/qk/gnu/dbg\libqf_cortex-m3_dk.a(qf_psini.o)
 .debug_pubtypes
                0x00001d01       0xbf D:\software\qpcpp/ports/arm-cortex/qk/gnu/dbg\libqf_cortex-m3_dk.a(qf_pspub.o)
 .debug_pubtypes
                0x00001dc0       0x12 D:\software\qpcpp/ports/arm-cortex/qk/gnu/dbg\libqf_cortex-m3_dk.a(qf_pwr2.o)
 .debug_pubtypes
                0x00001dd2       0xcc D:\software\qpcpp/ports/arm-cortex/qk/gnu/dbg\libqf_cortex-m3_dk.a(qf_tick.o)
 .debug_pubtypes
                0x00001e9e       0x76 D:\software\qpcpp/ports/arm-cortex/qk/gnu/dbg\libqf_cortex-m3_dk.a(qmp_get.o)
 .debug_pubtypes
                0x00001f14       0x63 D:\software\qpcpp/ports/arm-cortex/qk/gnu/dbg\libqf_cortex-m3_dk.a(qmp_init.o)
 .debug_pubtypes
                0x00001f77       0x63 D:\software\qpcpp/ports/arm-cortex/qk/gnu/dbg\libqf_cortex-m3_dk.a(qmp_put.o)
 .debug_pubtypes
                0x00001fda       0xc5 D:\software\qpcpp/ports/arm-cortex/qk/gnu/dbg\libqf_cortex-m3_dk.a(qte_ctor.o)
 .debug_pubtypes
                0x0000209f       0xda D:\software\qpcpp/ports/arm-cortex/qk/gnu/dbg\libqf_cortex-m3_dk.a(qte_arm.o)
 .debug_pubtypes
                0x00002179       0x95 D:\software\qpcpp/ports/arm-cortex/qk/gnu/dbg\libqep_cortex-m3_dk.a(qhsm_ini.o)
 .debug_pubtypes
                0x0000220e       0x95 D:\software\qpcpp/ports/arm-cortex/qk/gnu/dbg\libqep_cortex-m3_dk.a(qhsm_dis.o)
 .debug_pubtypes
                0x000022a3       0x56 D:\software\qpcpp/ports/arm-cortex/qk/gnu/dbg\libqep_cortex-m3_dk.a(qhsm_top.o)
 .debug_pubtypes
                0x000022f9       0x6c D:\software\qpcpp/ports/arm-cortex/qk/gnu/dbg\libqep_cortex-m3_dk.a(qep.o)

.debug_aranges  0x00000000      0x790
 .debug_aranges
                0x00000000       0x20 dbg/startup_stm32f10x_cl.o
 .debug_aranges
                0x00000020       0x20 dbg/core_cm3.o
 .debug_aranges
                0x00000040       0x20 dbg/system_stm32f10x.o
 .debug_aranges
                0x00000060       0x20 dbg/stm32_eval.o
 .debug_aranges
                0x00000080       0x20 dbg/stm3210c_eval_lcd.o
 .debug_aranges
                0x000000a0       0x20 dbg/stm3210c_eval_ioe.o
 .debug_aranges
                0x000000c0       0x20 dbg/misc.o
 .debug_aranges
                0x000000e0       0x20 dbg/stm32f10x_adc.o
 .debug_aranges
                0x00000100       0x20 dbg/stm32f10x_bkp.o
 .debug_aranges
                0x00000120       0x20 dbg/stm32f10x_can.o
 .debug_aranges
                0x00000140       0x20 dbg/stm32f10x_crc.o
 .debug_aranges
                0x00000160       0x20 dbg/stm32f10x_dac.o
 .debug_aranges
                0x00000180       0x20 dbg/stm32f10x_dbgmcu.o
 .debug_aranges
                0x000001a0       0x20 dbg/stm32f10x_dma.o
 .debug_aranges
                0x000001c0       0x20 dbg/stm32f10x_exti.o
 .debug_aranges
                0x000001e0       0x20 dbg/stm32f10x_flash.o
 .debug_aranges
                0x00000200       0x20 dbg/stm32f10x_fsmc.o
 .debug_aranges
                0x00000220       0x20 dbg/stm32f10x_gpio.o
 .debug_aranges
                0x00000240       0x20 dbg/stm32f10x_i2c.o
 .debug_aranges
                0x00000260       0x20 dbg/stm32f10x_iwdg.o
 .debug_aranges
                0x00000280       0x20 dbg/stm32f10x_pwr.o
 .debug_aranges
                0x000002a0       0x20 dbg/stm32f10x_rcc.o
 .debug_aranges
                0x000002c0       0x20 dbg/stm32f10x_rtc.o
 .debug_aranges
                0x000002e0       0x20 dbg/stm32f10x_sdio.o
 .debug_aranges
                0x00000300       0x20 dbg/stm32f10x_spi.o
 .debug_aranges
                0x00000320       0x20 dbg/stm32f10x_tim.o
 .debug_aranges
                0x00000340       0x20 dbg/stm32f10x_usart.o
 .debug_aranges
                0x00000360       0x20 dbg/stm32f10x_wwdg.o
 .debug_aranges
                0x00000380       0x20 dbg/main.o
 .debug_aranges
                0x000003a0       0x40 dbg/table.o
 .debug_aranges
                0x000003e0       0x40 dbg/philo.o
 .debug_aranges
                0x00000420       0x20 dbg/bsp.o
 .debug_aranges
                0x00000440       0x20 dbg/no_heap.o
 .debug_aranges
                0x00000460       0x20 dbg/mini_cpp.o
 .debug_aranges
                0x00000480       0x20 D:\software\qpcpp/ports/arm-cortex/qk/gnu/dbg\libqk_cortex-m3_dk.a(qk.o)
 .debug_aranges
                0x000004a0       0x20 D:\software\qpcpp/ports/arm-cortex/qk/gnu/dbg\libqk_cortex-m3_dk.a(qk_sched.o)
 .debug_aranges
                0x000004c0       0x20 D:\software\qpcpp/ports/arm-cortex/qk/gnu/dbg\libqk_cortex-m3_dk.a(qk_mutex.o)
 .debug_aranges
                0x000004e0       0x30 D:\software\qpcpp/ports/arm-cortex/qk/gnu/dbg\libqk_cortex-m3_dk.a(qk_port.o)
 .debug_aranges
                0x00000510       0x20 D:\software\qpcpp/ports/arm-cortex/qk/gnu/dbg\libqf_cortex-m3_dk.a(qa_fifo.o)
 .debug_aranges
                0x00000530       0x20 D:\software\qpcpp/ports/arm-cortex/qk/gnu/dbg\libqf_cortex-m3_dk.a(qa_get_.o)
 .debug_aranges
                0x00000550       0x20 D:\software\qpcpp/ports/arm-cortex/qk/gnu/dbg\libqf_cortex-m3_dk.a(qa_sub.o)
 .debug_aranges
                0x00000570       0x20 D:\software\qpcpp/ports/arm-cortex/qk/gnu/dbg\libqf_cortex-m3_dk.a(qeq_init.o)
 .debug_aranges
                0x00000590       0x20 D:\software\qpcpp/ports/arm-cortex/qk/gnu/dbg\libqf_cortex-m3_dk.a(qf_act.o)
 .debug_aranges
                0x000005b0       0x20 D:\software\qpcpp/ports/arm-cortex/qk/gnu/dbg\libqf_cortex-m3_dk.a(qf_gc.o)
 .debug_aranges
                0x000005d0       0x20 D:\software\qpcpp/ports/arm-cortex/qk/gnu/dbg\libqf_cortex-m3_dk.a(qf_new.o)
 .debug_aranges
                0x000005f0       0x20 D:\software\qpcpp/ports/arm-cortex/qk/gnu/dbg\libqf_cortex-m3_dk.a(qf_pool.o)
 .debug_aranges
                0x00000610       0x20 D:\software\qpcpp/ports/arm-cortex/qk/gnu/dbg\libqf_cortex-m3_dk.a(qf_psini.o)
 .debug_aranges
                0x00000630       0x20 D:\software\qpcpp/ports/arm-cortex/qk/gnu/dbg\libqf_cortex-m3_dk.a(qf_pspub.o)
 .debug_aranges
                0x00000650       0x20 D:\software\qpcpp/ports/arm-cortex/qk/gnu/dbg\libqf_cortex-m3_dk.a(qf_tick.o)
 .debug_aranges
                0x00000670       0x20 D:\software\qpcpp/ports/arm-cortex/qk/gnu/dbg\libqf_cortex-m3_dk.a(qmp_get.o)
 .debug_aranges
                0x00000690       0x20 D:\software\qpcpp/ports/arm-cortex/qk/gnu/dbg\libqf_cortex-m3_dk.a(qmp_init.o)
 .debug_aranges
                0x000006b0       0x20 D:\software\qpcpp/ports/arm-cortex/qk/gnu/dbg\libqf_cortex-m3_dk.a(qmp_put.o)
 .debug_aranges
                0x000006d0       0x20 D:\software\qpcpp/ports/arm-cortex/qk/gnu/dbg\libqf_cortex-m3_dk.a(qte_ctor.o)
 .debug_aranges
                0x000006f0       0x20 D:\software\qpcpp/ports/arm-cortex/qk/gnu/dbg\libqf_cortex-m3_dk.a(qte_arm.o)
 .debug_aranges
                0x00000710       0x20 D:\software\qpcpp/ports/arm-cortex/qk/gnu/dbg\libqep_cortex-m3_dk.a(qhsm_ini.o)
 .debug_aranges
                0x00000730       0x20 D:\software\qpcpp/ports/arm-cortex/qk/gnu/dbg\libqep_cortex-m3_dk.a(qhsm_dis.o)
 .debug_aranges
                0x00000750       0x20 D:\software\qpcpp/ports/arm-cortex/qk/gnu/dbg\libqep_cortex-m3_dk.a(qhsm_top.o)
 .debug_aranges
                0x00000770       0x20 D:\software\qpcpp/ports/arm-cortex/qk/gnu/dbg\libqep_cortex-m3_dk.a(qep.o)

.debug_str      0x00000000     0x6758
 .debug_str     0x00000000      0x130 dbg/startup_stm32f10x_cl.o
                                0x13d (size before relaxing)
 .debug_str     0x00000130      0x1b4 dbg/core_cm3.o
                                0x22b (size before relaxing)
 .debug_str     0x000002e4      0x140 dbg/system_stm32f10x.o
                                0x221 (size before relaxing)
 .debug_str     0x00000424      0x977 dbg/stm32_eval.o
                                0xa5a (size before relaxing)
 .debug_str     0x00000d9b      0x36b dbg/stm3210c_eval_lcd.o
                                0x622 (size before relaxing)
 .debug_str     0x00001106      0x417 dbg/stm3210c_eval_ioe.o
                                0xc23 (size before relaxing)
 .debug_str     0x0000151d      0x178 dbg/misc.o
                                0x324 (size before relaxing)
 .debug_str     0x00001695      0x51d dbg/stm32f10x_adc.o
                                0x65c (size before relaxing)
 .debug_str     0x00001bb2      0x37f dbg/stm32f10x_bkp.o
                                0x516 (size before relaxing)
 .debug_str     0x00001f31      0x454 dbg/stm32f10x_can.o
                                0x5d2 (size before relaxing)
 .debug_str     0x00002385       0x9f dbg/stm32f10x_crc.o
                                0x19c (size before relaxing)
 .debug_str     0x00002424      0x1f5 dbg/stm32f10x_dac.o
                                0x308 (size before relaxing)
 .debug_str     0x00002619       0x73 dbg/stm32f10x_dbgmcu.o
                                0x168 (size before relaxing)
 .debug_str     0x0000268c      0x1ce dbg/stm32f10x_dma.o
                                0x2f7 (size before relaxing)
 .debug_str     0x0000285a       0xd5 dbg/stm32f10x_exti.o
                                0x2bf (size before relaxing)
 .debug_str     0x0000292f      0x367 dbg/stm32f10x_flash.o
                                0x4d8 (size before relaxing)
 .debug_str     0x00002c96      0x59a dbg/stm32f10x_fsmc.o
                                0x6cf (size before relaxing)
 .debug_str     0x00003230      0x208 dbg/stm32f10x_gpio.o
                                0x46a (size before relaxing)
 .debug_str     0x00003438      0x364 dbg/stm32f10x_i2c.o
                                0x59f (size before relaxing)
 .debug_str     0x0000379c       0xbd dbg/stm32f10x_iwdg.o
                                0x1bd (size before relaxing)
 .debug_str     0x00003859       0xfd dbg/stm32f10x_pwr.o
                                0x21c (size before relaxing)
 .debug_str     0x00003956      0x494 dbg/stm32f10x_rcc.o
                                0x6c3 (size before relaxing)
 .debug_str     0x00003dea      0x175 dbg/stm32f10x_rtc.o
                                0x2fb (size before relaxing)
 .debug_str     0x00003f5f      0x451 dbg/stm32f10x_sdio.o
                                0x59c (size before relaxing)
 .debug_str     0x000043b0      0x295 dbg/stm32f10x_spi.o
                                0x5ab (size before relaxing)